Soup Pricing/Soup Pricing Case Data.csv
"overallWeekNum","storeNum","productNum","units","weekInYearNum","totalRevenue","isFeature","isDisplay","pricePerCan"
1,3,89,26,1,16.68,FALSE,FALSE,0.641538461538462
2,3,89,33,2,20.79,TRUE,FALSE,0.63
3,3,89,108,3,68.04,TRUE,TRUE,0.63
4,3,89,71,4,44.73,TRUE,TRUE,0.63
5,3,89,33,5,20.79,TRUE,TRUE,0.63
6,3,89,6,6,4.62,FALSE,FALSE,0.77
7,3,89,11,7,8.47,FALSE,FALSE,0.77
8,3,89,6,8,4.26,FALSE,FALSE,0.71
9,3,89,24,9,17.04,FALSE,FALSE,0.71
10,3,89,65,10,43.55,TRUE,FALSE,0.67
11,3,89,29,11,19.43,TRUE,FALSE,0.67
12,3,89,28,12,18.76,TRUE,FALSE,0.67
13,3,89,24,13,16.08,TRUE,FALSE,0.67
14,3,89,9,14,5.67,FALSE,FALSE,0.63
15,3,89,20,15,12.6,FALSE,FALSE,0.63
16,3,89,12,16,8.16,FALSE,FALSE,0.68
17,3,89,11,17,7.48,FALSE,FALSE,0.68
18,3,89,20,18,13.6,FALSE,FALSE,0.68
19,3,89,4,19,2.72,FALSE,FALSE,0.68
20,3,89,10,20,6.8,FALSE,FALSE,0.68
21,3,89,10,21,6.8,FALSE,FALSE,0.68
22,3,89,11,22,7.48,FALSE,FALSE,0.68
23,3,89,9,23,6.12,FALSE,FALSE,0.68
24,3,89,13,24,8.84,FALSE,FALSE,0.68
25,3,89,14,25,9.52,FALSE,FALSE,0.68
26,3,89,9,26,6.12,FALSE,FALSE,0.68
27,3,89,33,27,22.44,FALSE,FALSE,0.68
28,3,89,4,28,2.72,FALSE,FALSE,0.68
29,3,89,3,29,2.04,FALSE,FALSE,0.68
30,3,89,8,30,5.44,FALSE,FALSE,0.68
31,3,89,15,31,10.2,FALSE,FALSE,0.68
32,3,89,22,32,14.96,FALSE,FALSE,0.68
33,3,89,8,33,5.44,FALSE,FALSE,0.68
34,3,89,7,34,4.76,FALSE,FALSE,0.68
35,3,89,26,35,17.68,FALSE,FALSE,0.68
36,3,89,18,36,10.98,FALSE,FALSE,0.61
37,3,89,14,37,8.54,FALSE,FALSE,0.61
38,3,89,12,38,7.32,FALSE,FALSE,0.61
39,3,89,12,39,7.32,FALSE,FALSE,0.61
40,3,89,8,40,5.44,FALSE,FALSE,0.68
41,3,89,10,41,6.8,FALSE,FALSE,0.68
42,3,89,16,42,10.88,FALSE,FALSE,0.68
43,3,89,19,43,12.92,FALSE,FALSE,0.68
44,3,89,44,44,32.12,TRUE,FALSE,0.73
45,3,89,55,45,40.15,TRUE,FALSE,0.73
46,3,89,28,46,20.44,TRUE,FALSE,0.73
47,3,89,62,47,45.26,TRUE,TRUE,0.73
48,3,89,58,48,42.34,FALSE,FALSE,0.73
49,3,89,11,49,7.48,FALSE,FALSE,0.68
50,3,89,7,50,4.76,FALSE,FALSE,0.68
51,3,89,46,51,30.36,FALSE,TRUE,0.66
52,3,89,27,52,18.3,FALSE,FALSE,0.677777777777778
53,3,89,7,1,4.41,FALSE,FALSE,0.63
54,3,89,14,2,8.82,FALSE,FALSE,0.63
55,3,89,20,3,13.2,FALSE,FALSE,0.66
56,3,89,56,4,36.96,FALSE,TRUE,0.66
57,3,89,5,5,3.4,FALSE,FALSE,0.68
58,3,89,17,6,11.56,FALSE,FALSE,0.68
59,3,89,14,7,9.52,FALSE,FALSE,0.68
60,3,89,11,8,7.48,FALSE,FALSE,0.68
61,3,89,15,9,9.9,TRUE,FALSE,0.66
62,3,89,34,10,22.44,TRUE,FALSE,0.66
63,3,89,43,11,28.38,TRUE,FALSE,0.66
64,3,89,9,12,5.94,TRUE,FALSE,0.66
65,3,89,31,13,21.08,FALSE,FALSE,0.68
66,3,89,14,14,9.52,FALSE,FALSE,0.68
67,3,89,17,15,11.56,FALSE,FALSE,0.68
69,3,89,20,17,13.6,FALSE,FALSE,0.68
70,3,89,15,18,10.2,FALSE,FALSE,0.68
71,3,89,9,19,6.12,FALSE,FALSE,0.68
72,3,89,16,20,10.88,FALSE,FALSE,0.68
73,3,89,28,21,19.04,FALSE,FALSE,0.68
74,3,89,12,22,8.16,FALSE,FALSE,0.68
75,3,89,24,23,16.32,FALSE,FALSE,0.68
76,3,89,21,24,14.28,FALSE,FALSE,0.68
77,3,89,21,25,14.28,FALSE,FALSE,0.68
78,3,89,12,26,8.16,FALSE,FALSE,0.68
79,3,89,28,27,19.04,FALSE,FALSE,0.68
80,3,89,14,28,9.52,FALSE,FALSE,0.68
81,3,89,26,29,17.68,FALSE,FALSE,0.68
82,3,89,8,30,5.44,FALSE,FALSE,0.68
83,3,89,32,31,21.76,FALSE,FALSE,0.68
84,3,89,22,32,14.96,FALSE,FALSE,0.68
85,3,89,17,33,11.56,FALSE,FALSE,0.68
86,3,89,38,34,25.84,FALSE,FALSE,0.68
87,3,89,9,35,6.12,FALSE,FALSE,0.68
88,3,89,23,36,14.49,FALSE,FALSE,0.63
89,3,89,30,37,18.9,FALSE,FALSE,0.63
90,3,89,25,38,15.75,FALSE,FALSE,0.63
91,3,89,2,39,1.36,FALSE,FALSE,0.68
92,3,89,19,40,12.92,FALSE,FALSE,0.68
93,3,89,17,41,11.05,FALSE,FALSE,0.65
94,3,89,30,42,19.5,FALSE,FALSE,0.65
95,3,89,76,43,45.6,TRUE,FALSE,0.6
96,3,89,61,44,36.6,TRUE,FALSE,0.6
97,3,89,81,45,48.6,TRUE,FALSE,0.6
98,3,89,256,46,153.6,TRUE,TRUE,0.6
99,3,89,69,47,41.4,FALSE,FALSE,0.6
100,3,89,16,48,10.4,FALSE,FALSE,0.65
101,3,89,32,49,21.76,FALSE,FALSE,0.68
102,3,89,26,50,17.68,FALSE,FALSE,0.68
103,3,89,14,51,9.52,FALSE,FALSE,0.68
104,3,89,15,52,9.75,FALSE,FALSE,0.65
105,3,89,24,1,15.6,FALSE,FALSE,0.65
106,3,89,26,2,16.9,FALSE,FALSE,0.65
107,3,89,30,3,19.5,FALSE,FALSE,0.65
108,3,89,15,4,9.75,FALSE,FALSE,0.65
109,3,89,31,5,21.08,FALSE,FALSE,0.68
110,3,89,25,6,17,FALSE,FALSE,0.68
111,3,89,33,7,21.45,FALSE,FALSE,0.65
112,3,89,19,8,12.35,FALSE,FALSE,0.65
113,3,89,28,9,18.2,FALSE,FALSE,0.65
114,3,89,28,10,18.2,FALSE,FALSE,0.65
115,3,89,26,11,16.9,FALSE,FALSE,0.65
116,3,89,26,12,16.9,FALSE,FALSE,0.65
117,3,89,29,13,18.85,FALSE,FALSE,0.65
118,3,89,26,14,16.9,FALSE,FALSE,0.65
119,3,89,14,15,9.1,FALSE,FALSE,0.65
120,3,89,28,16,18.2,FALSE,FALSE,0.65
121,3,89,25,17,16.25,FALSE,FALSE,0.65
122,3,89,35,18,22.75,FALSE,FALSE,0.65
123,3,89,21,19,13.65,FALSE,FALSE,0.65
124,3,89,19,20,12.35,FALSE,FALSE,0.65
125,3,89,19,21,12.35,FALSE,FALSE,0.65
126,3,89,3,22,1.95,FALSE,FALSE,0.65
127,3,89,25,23,16.25,FALSE,FALSE,0.65
128,3,89,14,24,9.1,FALSE,FALSE,0.65
129,3,89,9,25,5.85,FALSE,FALSE,0.65
130,3,89,14,26,9.52,FALSE,FALSE,0.68
131,3,89,24,27,16.32,FALSE,FALSE,0.68
132,3,89,14,28,9.52,FALSE,FALSE,0.68
133,3,89,19,29,12.92,FALSE,FALSE,0.68
134,3,89,16,30,10.88,FALSE,FALSE,0.68
135,3,89,17,31,11.56,FALSE,FALSE,0.68
136,3,89,13,32,8.84,FALSE,FALSE,0.68
137,3,89,15,33,10.2,FALSE,FALSE,0.68
138,3,89,15,34,10.2,FALSE,FALSE,0.68
139,3,89,30,35,20.4,FALSE,FALSE,0.68
140,3,89,15,36,10.2,FALSE,FALSE,0.68
141,3,89,11,37,7.26,FALSE,FALSE,0.66
142,3,89,26,38,16.9,FALSE,FALSE,0.65
143,3,89,26,39,16.9,FALSE,FALSE,0.65
144,3,89,26,40,16.9,FALSE,FALSE,0.65
145,3,89,4,41,2.72,FALSE,FALSE,0.68
146,3,89,20,42,13,FALSE,FALSE,0.65
147,3,89,5,43,3.25,FALSE,FALSE,0.65
148,3,89,94,44,56.4,TRUE,FALSE,0.6
149,3,89,152,45,91.2,TRUE,TRUE,0.6
150,3,89,32,46,19.2,TRUE,FALSE,0.6
151,3,89,90,47,54,TRUE,FALSE,0.6
152,3,89,22,48,14.96,FALSE,FALSE,0.68
153,3,89,19,49,12.92,FALSE,FALSE,0.68
154,3,89,5,50,3.4,FALSE,FALSE,0.68
155,3,89,28,51,19.04,FALSE,FALSE,0.68
156,3,89,13,52,8.84,FALSE,FALSE,0.68
157,3,89,29,1,19.72,FALSE,FALSE,0.68
158,3,89,21,2,14.28,FALSE,FALSE,0.68
159,3,89,19,3,12.92,FALSE,FALSE,0.68
160,3,89,16,4,10.72,FALSE,FALSE,0.67
161,3,89,29,5,19.14,FALSE,FALSE,0.66
162,3,89,33,6,21.78,FALSE,FALSE,0.66
163,3,89,17,7,11.22,FALSE,FALSE,0.66
164,3,89,12,8,7.56,FALSE,FALSE,0.63
165,3,89,53,9,33.39,FALSE,FALSE,0.63
166,3,89,115,10,69,TRUE,TRUE,0.6
167,3,89,34,11,22.78,FALSE,FALSE,0.67
168,3,89,19,12,12.92,FALSE,FALSE,0.68
169,3,89,107,13,77.04,FALSE,TRUE,0.72
170,3,89,126,14,91.98,FALSE,TRUE,0.73
171,3,89,63,15,41.58,FALSE,TRUE,0.66
172,3,89,85,16,62.05,FALSE,TRUE,0.73
173,3,89,66,17,43.56,FALSE,TRUE,0.66
174,3,89,7,18,4.69,FALSE,FALSE,0.67
175,3,89,20,19,14.6,FALSE,FALSE,0.73
176,3,89,18,20,13.14,FALSE,FALSE,0.73
177,3,89,26,21,18.98,FALSE,FALSE,0.73
178,3,89,15,22,12.15,FALSE,FALSE,0.81
179,3,89,10,23,7.3,FALSE,FALSE,0.73
180,3,89,16,24,10.56,FALSE,FALSE,0.66
181,3,89,10,25,7.3,FALSE,FALSE,0.73
182,3,89,21,26,13.86,FALSE,FALSE,0.66
183,3,89,16,27,10.56,FALSE,FALSE,0.66
184,3,89,12,28,9.72,FALSE,FALSE,0.81
185,3,89,25,29,18.25,FALSE,FALSE,0.73
186,3,89,12,30,8.76,FALSE,FALSE,0.73
187,3,89,23,31,16.79,FALSE,FALSE,0.73
188,3,89,12,32,8.16,FALSE,FALSE,0.68
189,3,89,24,33,17.52,FALSE,FALSE,0.73
190,3,89,17,34,13.77,FALSE,FALSE,0.81
191,3,89,25,35,18.25,FALSE,FALSE,0.73
192,3,89,20,36,14.6,FALSE,FALSE,0.73
193,3,89,17,37,12.41,FALSE,FALSE,0.73
194,3,89,21,38,14.28,FALSE,FALSE,0.68
195,3,89,30,39,20.4,FALSE,FALSE,0.68
196,3,89,24,40,16.32,FALSE,FALSE,0.68
197,3,89,25,41,18.25,FALSE,FALSE,0.73
198,3,89,26,42,17.68,FALSE,FALSE,0.68
199,3,89,23,43,15.64,FALSE,FALSE,0.68
200,3,89,18,44,12.24,FALSE,FALSE,0.68
201,3,89,18,45,12.24,FALSE,FALSE,0.68
202,3,89,15,46,10.2,FALSE,FALSE,0.68
203,3,89,18,47,12.24,FALSE,FALSE,0.68
204,3,89,14,48,9.52,FALSE,FALSE,0.68
205,3,89,28,49,19.04,FALSE,FALSE,0.68
206,3,89,21,50,14.28,FALSE,FALSE,0.68
207,3,89,14,51,8.54,FALSE,TRUE,0.61
208,3,89,15,52,10.2,FALSE,FALSE,0.68
209,3,89,28,1,19.04,FALSE,FALSE,0.68
210,3,89,19,2,12.92,FALSE,FALSE,0.68
211,3,89,15,3,10.2,FALSE,FALSE,0.68
212,3,89,11,4,7.48,FALSE,FALSE,0.68
213,3,89,13,5,7.93,FALSE,TRUE,0.61
214,3,89,13,6,7.93,FALSE,TRUE,0.61
215,3,89,16,7,9.76,FALSE,TRUE,0.61
216,3,89,28,8,19.04,FALSE,FALSE,0.68
217,3,89,24,9,14.64,FALSE,TRUE,0.61
218,3,89,19,10,11.59,FALSE,TRUE,0.61
219,3,89,12,11,8.16,FALSE,FALSE,0.68
220,3,89,2,12,1.36,FALSE,FALSE,0.68
221,3,89,7,13,4.27,FALSE,TRUE,0.61
222,3,89,6,14,4.08,FALSE,TRUE,0.68
223,3,89,10,15,6.1,FALSE,TRUE,0.61
224,3,89,22,16,13.42,FALSE,TRUE,0.61
225,3,89,19,17,11.59,FALSE,TRUE,0.61
226,3,89,11,18,7.48,FALSE,FALSE,0.68
227,3,89,16,19,9.76,FALSE,TRUE,0.61
228,3,89,15,20,9.15,FALSE,TRUE,0.61
229,3,89,11,21,6.71,FALSE,TRUE,0.61
230,3,89,16,22,9.76,FALSE,TRUE,0.61
231,3,89,10,23,6.8,FALSE,FALSE,0.68
232,3,89,25,24,17,FALSE,FALSE,0.68
233,3,89,13,25,8.06,FALSE,TRUE,0.62
234,3,89,9,26,6.21,FALSE,FALSE,0.69
235,3,89,13,27,8.97,FALSE,FALSE,0.69
236,3,89,8,28,5.84,FALSE,FALSE,0.73
237,3,89,8,29,5.84,FALSE,FALSE,0.73
238,3,89,17,30,12.41,FALSE,FALSE,0.73
239,3,89,13,31,9.49,FALSE,FALSE,0.73
240,3,89,15,32,10.95,FALSE,FALSE,0.73
241,3,89,12,33,8.76,FALSE,FALSE,0.73
242,3,89,12,34,8.76,FALSE,FALSE,0.73
243,3,89,21,35,15.33,FALSE,FALSE,0.73
244,3,89,14,36,10.22,FALSE,FALSE,0.73
245,3,89,16,37,11.68,FALSE,FALSE,0.73
246,3,89,27,38,19.71,FALSE,FALSE,0.73
247,3,89,17,39,12.41,FALSE,FALSE,0.73
248,3,89,1,40,0.73,FALSE,FALSE,0.73
249,3,89,5,41,3.65,FALSE,FALSE,0.73
250,3,89,12,42,9.96,FALSE,FALSE,0.83
251,3,89,16,43,13.28,FALSE,FALSE,0.83
252,3,89,7,44,5.81,FALSE,FALSE,0.83
253,3,89,15,45,12.45,FALSE,FALSE,0.83
254,3,89,21,46,17.43,FALSE,FALSE,0.83
255,3,89,16,47,13.28,FALSE,FALSE,0.83
256,3,89,52,48,32.24,TRUE,TRUE,0.62
257,3,89,95,49,78.85,FALSE,TRUE,0.83
258,3,89,3,50,2.49,FALSE,FALSE,0.83
259,3,89,9,51,7.47,FALSE,FALSE,0.83
260,3,89,16,52,13.28,FALSE,FALSE,0.83
261,3,89,10,1,8.3,FALSE,FALSE,0.83
262,3,89,20,2,12.4,TRUE,FALSE,0.62
263,3,89,6,3,4.98,FALSE,FALSE,0.83
264,3,89,16,4,13.28,FALSE,FALSE,0.83
265,3,89,7,5,5.81,FALSE,FALSE,0.83
266,3,89,13,6,10.79,FALSE,FALSE,0.83
267,3,89,13,7,10.79,FALSE,FALSE,0.83
268,3,89,13,8,10.79,FALSE,FALSE,0.83
269,3,89,12,9,9.96,FALSE,FALSE,0.83
270,3,89,6,10,4.98,FALSE,FALSE,0.83
271,3,89,9,11,7.47,FALSE,FALSE,0.83
272,3,89,16,12,13.28,FALSE,FALSE,0.83
273,3,89,15,13,12.45,FALSE,FALSE,0.83
274,3,89,8,14,6.64,FALSE,FALSE,0.83
275,3,89,3,15,2.49,FALSE,FALSE,0.83
276,3,89,7,16,4.34,TRUE,FALSE,0.62
277,3,89,14,17,11.62,FALSE,FALSE,0.83
278,3,89,17,18,14.11,FALSE,FALSE,0.83
279,3,89,11,19,9.13,FALSE,FALSE,0.83
280,3,89,17,20,14.11,FALSE,FALSE,0.83
282,3,89,10,22,8.3,FALSE,FALSE,0.83
283,3,89,7,23,5.81,FALSE,FALSE,0.83
284,3,89,5,24,4.15,FALSE,FALSE,0.83
285,3,89,12,25,9.96,FALSE,FALSE,0.83
286,3,89,7,26,5.81,FALSE,FALSE,0.83
287,3,89,9,27,7.47,FALSE,FALSE,0.83
288,3,89,13,28,10.79,FALSE,FALSE,0.83
289,3,89,4,29,3.32,FALSE,FALSE,0.83
290,3,89,10,30,8.3,FALSE,FALSE,0.83
291,3,89,8,31,6.64,FALSE,FALSE,0.83
292,3,89,1,32,0.83,FALSE,FALSE,0.83
293,3,89,15,33,12.45,FALSE,FALSE,0.83
294,3,89,9,34,7.47,FALSE,FALSE,0.83
295,3,89,8,35,6.64,FALSE,FALSE,0.83
296,3,89,3,36,2.49,FALSE,FALSE,0.83
297,3,89,20,37,16.6,FALSE,FALSE,0.83
298,3,89,5,38,4.15,FALSE,FALSE,0.83
299,3,89,22,39,18.26,FALSE,FALSE,0.83
300,3,89,14,40,11.62,FALSE,FALSE,0.83
301,3,89,6,41,4.98,FALSE,FALSE,0.83
302,3,89,7,42,5.81,FALSE,FALSE,0.83
303,3,89,15,43,12.45,FALSE,FALSE,0.83
304,3,89,18,44,14.94,FALSE,FALSE,0.83
305,3,89,8,45,6.64,FALSE,FALSE,0.83
306,3,89,9,46,7.47,FALSE,FALSE,0.83
307,3,89,11,47,9.13,FALSE,FALSE,0.83
308,3,89,8,48,6.64,FALSE,FALSE,0.83
309,3,89,14,49,11.62,FALSE,FALSE,0.83
310,3,89,12,50,9.96,FALSE,FALSE,0.83
311,3,89,3,51,2.49,FALSE,FALSE,0.83
312,3,89,5,52,3.1,TRUE,FALSE,0.62
