Soup Pricing/Soup Pricing Case Data.csv
"overallWeekNum","storeNum","productNum","units","weekInYearNum","totalRevenue","isFeature","isDisplay","pricePerCan"
1,4,89,2,1,1.58,FALSE,FALSE,0.79
2,4,89,4,2,3.16,FALSE,FALSE,0.79
4,4,89,1,4,0.79,FALSE,FALSE,0.79
5,4,89,5,5,3.95,FALSE,FALSE,0.79
6,4,89,3,6,2.37,FALSE,FALSE,0.79
7,4,89,3,7,2.37,FALSE,FALSE,0.79
8,4,89,2,8,1.58,FALSE,FALSE,0.79
9,4,89,3,9,2.37,FALSE,FALSE,0.79
10,4,89,1,10,0.79,FALSE,FALSE,0.79
12,4,89,5,12,3.95,FALSE,FALSE,0.79
13,4,89,7,13,5.53,TRUE,FALSE,0.79
14,4,89,4,14,3.16,FALSE,FALSE,0.79
15,4,89,1,15,0.79,FALSE,FALSE,0.79
16,4,89,4,16,3.16,FALSE,FALSE,0.79
17,4,89,3,17,2.37,FALSE,FALSE,0.79
18,4,89,3,18,2.37,FALSE,FALSE,0.79
19,4,89,2,19,1.58,FALSE,FALSE,0.79
20,4,89,2,20,1.58,FALSE,FALSE,0.79
21,4,89,1,21,0.79,FALSE,FALSE,0.79
25,4,89,1,25,0.79,FALSE,FALSE,0.79
26,4,89,1,26,0.79,FALSE,FALSE,0.79
27,4,89,1,27,0.79,FALSE,FALSE,0.79
28,4,89,1,28,0.79,FALSE,FALSE,0.79
29,4,89,1,29,0.79,FALSE,FALSE,0.79
30,4,89,1,30,0.79,FALSE,FALSE,0.79
31,4,89,3,31,2.37,FALSE,FALSE,0.79
33,4,89,4,33,3.16,FALSE,FALSE,0.79
36,4,89,6,36,4.74,FALSE,FALSE,0.79
37,4,89,1,37,0.79,FALSE,FALSE,0.79
38,4,89,7,38,5.53,FALSE,FALSE,0.79
39,4,89,5,39,3.95,FALSE,FALSE,0.79
41,4,89,3,41,2.37,FALSE,FALSE,0.79
42,4,89,4,42,3.16,FALSE,FALSE,0.79
45,4,89,16,45,12.64,FALSE,FALSE,0.79
46,4,89,8,46,6.32,FALSE,FALSE,0.79
47,4,89,3,47,2.37,FALSE,FALSE,0.79
48,4,89,6,48,4.74,FALSE,FALSE,0.79
49,4,89,6,49,4.74,FALSE,FALSE,0.79
50,4,89,1,50,0.79,FALSE,FALSE,0.79
51,4,89,1,51,0.79,FALSE,FALSE,0.79
52,4,89,15,52,11.85,FALSE,FALSE,0.79
53,4,89,2,1,1.58,FALSE,FALSE,0.79
54,4,89,1,2,0.79,FALSE,FALSE,0.79
55,4,89,3,3,2.37,FALSE,FALSE,0.79
56,4,89,4,4,3.16,FALSE,FALSE,0.79
57,4,89,1,5,0.79,FALSE,FALSE,0.79
58,4,89,5,6,3.95,FALSE,FALSE,0.79
59,4,89,2,7,1.58,FALSE,FALSE,0.79
60,4,89,2,8,1.58,FALSE,FALSE,0.79
62,4,89,3,10,2.37,FALSE,FALSE,0.79
63,4,89,8,11,5.36,TRUE,FALSE,0.67
65,4,89,3,13,2.37,FALSE,FALSE,0.79
66,4,89,1,14,0.79,FALSE,FALSE,0.79
68,4,89,2,16,1.58,FALSE,FALSE,0.79
69,4,89,5,17,3.95,FALSE,FALSE,0.79
70,4,89,2,18,1.58,FALSE,FALSE,0.79
71,4,89,5,19,3.75,FALSE,FALSE,0.75
74,4,89,1,22,0.79,FALSE,FALSE,0.79
75,4,89,3,23,2.37,FALSE,FALSE,0.79
77,4,89,1,25,0.79,FALSE,FALSE,0.79
79,4,89,1,27,0.79,FALSE,FALSE,0.79
80,4,89,5,28,3.95,FALSE,FALSE,0.79
81,4,89,2,29,1.58,FALSE,FALSE,0.79
82,4,89,3,30,2.37,FALSE,FALSE,0.79
86,4,89,3,34,2.17,FALSE,FALSE,0.723333333333333
87,4,89,10,35,7.9,FALSE,FALSE,0.79
88,4,89,3,36,2.37,FALSE,FALSE,0.79
89,4,89,3,37,2.37,FALSE,FALSE,0.79
90,4,89,3,38,2.37,FALSE,FALSE,0.79
91,4,89,4,39,3.16,FALSE,FALSE,0.79
92,4,89,4,40,3.16,FALSE,FALSE,0.79
93,4,89,6,41,4.74,FALSE,FALSE,0.79
94,4,89,3,42,2.37,FALSE,FALSE,0.79
95,4,89,5,43,3.95,FALSE,FALSE,0.79
96,4,89,6,44,4.74,FALSE,FALSE,0.79
97,4,89,4,45,3.16,FALSE,FALSE,0.79
98,4,89,2,46,1.58,FALSE,FALSE,0.79
99,4,89,2,47,1.58,FALSE,FALSE,0.79
101,4,89,4,49,3.16,FALSE,FALSE,0.79
102,4,89,3,50,2.37,FALSE,FALSE,0.79
103,4,89,4,51,3.16,FALSE,FALSE,0.79
104,4,89,4,52,3.16,FALSE,FALSE,0.79
105,4,89,1,1,0.79,FALSE,FALSE,0.79
106,4,89,5,2,3.95,FALSE,FALSE,0.79
108,4,89,3,4,2.17,FALSE,FALSE,0.723333333333333
109,4,89,2,5,1.58,FALSE,FALSE,0.79
110,4,89,1,6,0.79,FALSE,FALSE,0.79
112,4,89,4,8,3.16,FALSE,FALSE,0.79
118,4,89,4,14,2.18,TRUE,FALSE,0.545
123,4,89,2,19,1.58,FALSE,FALSE,0.79
125,4,89,2,21,1.58,FALSE,FALSE,0.79
128,4,89,2,24,1.58,FALSE,FALSE,0.79
129,4,89,3,25,2.37,FALSE,FALSE,0.79
131,4,89,1,27,0.79,FALSE,FALSE,0.79
132,4,89,3,28,2.37,FALSE,FALSE,0.79
133,4,89,7,29,5.53,FALSE,FALSE,0.79
134,4,89,3,30,2.37,FALSE,FALSE,0.79
135,4,89,2,31,1.58,FALSE,FALSE,0.79
136,4,89,7,32,5.53,FALSE,FALSE,0.79
137,4,89,1,33,0.79,FALSE,FALSE,0.79
138,4,89,1,34,0.79,FALSE,FALSE,0.79
139,4,89,1,35,0.5,FALSE,FALSE,0.5
141,4,89,4,37,3.16,FALSE,FALSE,0.79
142,4,89,6,38,4.74,FALSE,FALSE,0.79
143,4,89,4,39,2.58,FALSE,FALSE,0.645
144,4,89,2,40,0.88,FALSE,FALSE,0.44
146,4,89,3,42,1.67,FALSE,FALSE,0.556666666666667
147,4,89,2,43,1.23,FALSE,FALSE,0.615
149,4,89,2,45,1.18,FALSE,FALSE,0.59
150,4,89,3,46,1.97,FALSE,FALSE,0.656666666666667
151,4,89,4,47,3.16,FALSE,FALSE,0.79
153,4,89,2,49,1.38,FALSE,FALSE,0.69
154,4,89,1,50,0.59,FALSE,FALSE,0.59
155,4,89,3,51,2.37,FALSE,FALSE,0.79
156,4,89,6,52,4.54,FALSE,FALSE,0.756666666666667
157,4,89,4,1,3.16,FALSE,FALSE,0.79
158,4,89,3,2,1.77,FALSE,FALSE,0.59
159,4,89,2,3,1.38,FALSE,FALSE,0.69
161,4,89,2,5,1.58,FALSE,FALSE,0.79
162,4,89,1,6,0.79,FALSE,FALSE,0.79
163,4,89,3,7,2.37,FALSE,FALSE,0.79
164,4,89,1,8,0.79,FALSE,FALSE,0.79
165,4,89,2,9,1.18,FALSE,FALSE,0.59
168,4,89,4,12,2.96,FALSE,FALSE,0.74
169,4,89,2,13,1.18,FALSE,FALSE,0.59
170,4,89,2,14,1.18,FALSE,FALSE,0.59
171,4,89,3,15,2.17,FALSE,FALSE,0.723333333333333
172,4,89,1,16,0.79,FALSE,FALSE,0.79
173,4,89,2,17,1.58,FALSE,FALSE,0.79
174,4,89,1,18,0.79,FALSE,FALSE,0.79
175,4,89,1,19,0.59,FALSE,FALSE,0.59
177,4,89,3,21,1.77,FALSE,FALSE,0.59
178,4,89,1,22,0.59,FALSE,FALSE,0.59
179,4,89,2,23,1.58,FALSE,FALSE,0.79
180,4,89,1,24,0.59,FALSE,FALSE,0.59
181,4,89,1,25,0.79,FALSE,FALSE,0.79
184,4,89,2,28,1.58,FALSE,FALSE,0.79
185,4,89,2,29,1,FALSE,FALSE,0.5
186,4,89,1,30,0.79,FALSE,FALSE,0.79
187,4,89,3,31,1.79,FALSE,FALSE,0.596666666666667
189,4,89,6,33,3.29,FALSE,FALSE,0.548333333333333
190,4,89,1,34,0.5,FALSE,FALSE,0.5
191,4,89,2,35,1.58,FALSE,FALSE,0.79
192,4,89,3,36,2.37,FALSE,FALSE,0.79
193,4,89,2,37,1.58,FALSE,FALSE,0.79
194,4,89,2,38,1,FALSE,FALSE,0.5
195,4,89,1,39,0.79,FALSE,FALSE,0.79
199,4,89,4,43,2,FALSE,FALSE,0.5
200,4,89,3,44,1.8,TRUE,FALSE,0.6
201,4,89,2,45,1.58,FALSE,FALSE,0.79
202,4,89,4,46,3.16,FALSE,FALSE,0.79
204,4,89,1,48,0.79,FALSE,FALSE,0.79
207,4,89,2,51,1.58,FALSE,FALSE,0.79
208,4,89,13,52,10.27,FALSE,FALSE,0.79
209,4,89,2,1,1.29,FALSE,FALSE,0.645
210,4,89,5,2,3.95,FALSE,FALSE,0.79
213,4,89,8,5,5.74,FALSE,FALSE,0.7175
214,4,89,4,6,3.16,FALSE,FALSE,0.79
220,4,89,1,12,0.5,FALSE,FALSE,0.5
222,4,89,3,14,2.37,FALSE,FALSE,0.79
224,4,89,1,16,0.5,FALSE,FALSE,0.5
227,4,89,1,19,0.5,FALSE,FALSE,0.5
230,4,89,2,22,1.58,FALSE,FALSE,0.79
231,4,89,1,23,0.5,FALSE,FALSE,0.5
234,4,89,2,26,1.58,FALSE,FALSE,0.79
242,4,89,2,34,1.58,FALSE,FALSE,0.79
243,4,89,3,35,2.37,FALSE,FALSE,0.79
245,4,89,2,37,1.29,FALSE,FALSE,0.645
247,4,89,1,39,0.79,FALSE,FALSE,0.79
248,4,89,1,40,0.79,FALSE,FALSE,0.79
249,4,89,6,41,3,FALSE,FALSE,0.5
251,4,89,3,43,1.79,FALSE,FALSE,0.596666666666667
252,4,89,4,44,2.87,FALSE,FALSE,0.7175
253,4,89,1,45,0.79,FALSE,FALSE,0.79
255,4,89,2,47,1.58,FALSE,FALSE,0.79
256,4,89,1,48,0.79,FALSE,FALSE,0.79
259,4,89,6,51,3.87,FALSE,FALSE,0.645
261,4,89,1,1,0.79,FALSE,FALSE,0.79
262,4,89,4,2,2,FALSE,FALSE,0.5
263,4,89,1,3,0.79,FALSE,FALSE,0.79
265,4,89,1,5,0.79,FALSE,FALSE,0.79
267,4,89,2,7,1.29,FALSE,FALSE,0.645
269,4,89,6,9,4.74,FALSE,FALSE,0.79
272,4,89,3,12,1.65,FALSE,FALSE,0.55
273,4,89,1,13,0.55,FALSE,FALSE,0.55
274,4,89,1,14,0.55,FALSE,FALSE,0.55
276,4,89,1,16,0.55,FALSE,FALSE,0.55
278,4,89,1,18,0.79,FALSE,FALSE,0.79
281,4,89,1,21,0.55,FALSE,FALSE,0.55
282,4,89,2,22,1.1,FALSE,FALSE,0.55
292,4,89,4,32,2.68,FALSE,FALSE,0.67
295,4,89,1,35,0.5,FALSE,FALSE,0.5
298,4,89,4,38,2.58,FALSE,FALSE,0.645
299,4,89,1,39,0.5,FALSE,FALSE,0.5
300,4,89,1,40,0.5,FALSE,FALSE,0.5
303,4,89,2,43,1.58,FALSE,FALSE,0.79
305,4,89,2,45,1,FALSE,FALSE,0.5
306,4,89,2,46,1,FALSE,FALSE,0.5
307,4,89,2,47,1.58,FALSE,FALSE,0.79
310,4,89,4,50,2,FALSE,FALSE,0.5
312,4,89,2,52,1.58,FALSE,FALSE,0.79
