Soup Pricing/Soup Pricing Case Data.csv
"overallWeekNum","storeNum","productNum","units","weekInYearNum","totalRevenue","isFeature","isDisplay","pricePerCan"
1,7,89,8,1,5.66,FALSE,FALSE,0.7075
2,7,89,17,2,11.67,FALSE,FALSE,0.686470588235294
3,7,89,16,3,10.92,FALSE,FALSE,0.6825
4,7,89,19,4,11.53,FALSE,FALSE,0.606842105263158
5,7,89,19,5,9.5,FALSE,FALSE,0.5
6,7,89,15,6,8.66,FALSE,FALSE,0.577333333333333
7,7,89,27,7,14.37,FALSE,FALSE,0.532222222222222
8,7,89,9,8,5.08,FALSE,FALSE,0.564444444444444
9,7,89,20,9,11.45,FALSE,FALSE,0.5725
10,7,89,14,10,7,FALSE,FALSE,0.5
11,7,89,20,11,11.74,FALSE,FALSE,0.587
12,7,89,42,12,21.58,TRUE,TRUE,0.513809523809524
13,7,89,31,13,16.95,TRUE,TRUE,0.546774193548387
14,7,89,22,14,12.74,TRUE,FALSE,0.579090909090909
15,7,89,17,15,9.95,TRUE,FALSE,0.585294117647059
16,7,89,16,16,9.88,FALSE,FALSE,0.6175
17,7,89,2,17,1.58,FALSE,FALSE,0.79
18,7,89,19,18,13.69,FALSE,FALSE,0.720526315789474
19,7,89,17,19,12.22,FALSE,FALSE,0.718823529411765
20,7,89,16,20,11.1,FALSE,FALSE,0.69375
21,7,89,11,21,7.92,FALSE,FALSE,0.72
22,7,89,15,22,10.53,FALSE,FALSE,0.702
23,7,89,6,23,4.3,FALSE,FALSE,0.716666666666667
24,7,89,16,24,11.65,FALSE,FALSE,0.728125
25,7,89,6,25,4.41,FALSE,FALSE,0.735
26,7,89,14,26,9.74,FALSE,FALSE,0.695714285714286
27,7,89,12,27,8.6,FALSE,FALSE,0.716666666666667
28,7,89,3,28,2.15,FALSE,FALSE,0.716666666666667
29,7,89,8,29,5.44,FALSE,FALSE,0.68
30,7,89,13,30,9.06,FALSE,FALSE,0.696923076923077
31,7,89,2,31,1.36,FALSE,FALSE,0.68
32,7,89,18,32,12.57,FALSE,FALSE,0.698333333333333
33,7,89,7,33,4.98,FALSE,FALSE,0.711428571428572
34,7,89,9,34,6.23,FALSE,FALSE,0.692222222222222
35,7,89,4,35,2.94,FALSE,FALSE,0.735
36,7,89,3,36,2.04,FALSE,FALSE,0.68
37,7,89,17,37,12.55,FALSE,FALSE,0.738235294117647
38,7,89,19,38,10.8,FALSE,FALSE,0.568421052631579
39,7,89,17,39,9.1,FALSE,FALSE,0.535294117647059
40,7,89,8,40,4,TRUE,FALSE,0.5
41,7,89,27,41,13.5,TRUE,FALSE,0.5
42,7,89,15,42,7.8,FALSE,FALSE,0.52
43,7,89,18,43,9.15,FALSE,FALSE,0.508333333333333
44,7,89,28,44,14.58,FALSE,FALSE,0.520714285714286
45,7,89,13,45,8.24,FALSE,FALSE,0.633846153846154
46,7,89,56,46,28,FALSE,TRUE,0.5
47,7,89,46,47,23.87,TRUE,TRUE,0.518913043478261
48,7,89,29,48,15.66,FALSE,TRUE,0.54
49,7,89,29,49,15.95,FALSE,FALSE,0.55
50,7,89,33,50,17.66,FALSE,FALSE,0.535151515151515
51,7,89,23,51,12.37,FALSE,TRUE,0.537826086956522
52,7,89,73,52,37.95,TRUE,TRUE,0.51986301369863
53,7,89,29,1,14.5,FALSE,TRUE,0.5
54,7,89,29,2,15.37,FALSE,TRUE,0.53
55,7,89,38,3,19.58,FALSE,TRUE,0.515263157894737
56,7,89,16,4,9.56,FALSE,FALSE,0.5975
57,7,89,17,5,11.89,FALSE,FALSE,0.699411764705882
58,7,89,8,6,5.44,FALSE,FALSE,0.68
59,7,89,17,7,11.03,FALSE,FALSE,0.648823529411765
60,7,89,3,8,2.17,FALSE,FALSE,0.723333333333333
61,7,89,20,9,12,FALSE,FALSE,0.6
62,7,89,6,10,3.6,FALSE,FALSE,0.6
63,7,89,11,11,7.81,FALSE,FALSE,0.71
64,7,89,15,12,10.53,FALSE,FALSE,0.702
65,7,89,26,13,18.56,FALSE,FALSE,0.713846153846154
66,7,89,14,14,9.74,FALSE,FALSE,0.695714285714286
67,7,89,19,15,13.14,FALSE,FALSE,0.691578947368421
68,7,89,7,16,4.76,FALSE,FALSE,0.68
69,7,89,8,17,5.88,FALSE,FALSE,0.735
70,7,89,17,18,11.89,FALSE,FALSE,0.699411764705882
71,7,89,6,19,4.3,FALSE,FALSE,0.716666666666667
72,7,89,17,20,12,FALSE,FALSE,0.705882352941177
73,7,89,14,21,9.85,FALSE,FALSE,0.703571428571429
74,7,89,26,22,18.23,FALSE,FALSE,0.701153846153846
75,7,89,17,23,12,FALSE,FALSE,0.705882352941177
76,7,89,12,24,8.49,FALSE,FALSE,0.7075
77,7,89,19,25,13.47,FALSE,FALSE,0.708947368421053
78,7,89,6,26,4.19,FALSE,FALSE,0.698333333333333
79,7,89,14,27,9.63,FALSE,FALSE,0.687857142857143
80,7,89,10,28,7.02,FALSE,FALSE,0.702
81,7,89,14,29,10.18,FALSE,FALSE,0.727142857142857
82,7,89,10,30,6.91,FALSE,FALSE,0.691
83,7,89,8,31,5.55,FALSE,FALSE,0.69375
84,7,89,27,32,19.24,FALSE,FALSE,0.712592592592593
85,7,89,15,33,10.75,FALSE,FALSE,0.716666666666667
87,7,89,10,35,7.35,FALSE,FALSE,0.735
88,7,89,22,36,15.51,FALSE,FALSE,0.705
89,7,89,14,37,9.96,FALSE,FALSE,0.711428571428572
90,7,89,11,38,7.81,FALSE,FALSE,0.71
91,7,89,3,39,2.04,FALSE,FALSE,0.68
92,7,89,7,40,4.98,FALSE,FALSE,0.711428571428572
93,7,89,17,41,12.03,FALSE,FALSE,0.707647058823529
94,7,89,1,42,0.79,FALSE,FALSE,0.79
95,7,89,16,43,9.98,FALSE,FALSE,0.62375
96,7,89,26,44,16.92,FALSE,FALSE,0.650769230769231
97,7,89,25,45,17.64,FALSE,FALSE,0.7056
98,7,89,16,46,10.59,FALSE,FALSE,0.661875
99,7,89,7,47,4.53,FALSE,FALSE,0.647142857142857
100,7,89,15,48,9.99,FALSE,FALSE,0.666
101,7,89,8,49,5.79,FALSE,FALSE,0.72375
102,7,89,14,50,9.06,FALSE,FALSE,0.647142857142857
103,7,89,14,51,7.14,TRUE,FALSE,0.51
104,7,89,4,52,2,TRUE,FALSE,0.5
105,7,89,4,1,2.67,FALSE,FALSE,0.6675
106,7,89,12,2,7.53,FALSE,FALSE,0.6275
107,7,89,13,3,9.45,FALSE,FALSE,0.726923076923077
108,7,89,24,4,15.06,FALSE,FALSE,0.6275
109,7,89,19,5,9.5,TRUE,FALSE,0.5
110,7,89,3,6,1.8,FALSE,FALSE,0.6
111,7,89,18,7,12.12,FALSE,TRUE,0.673333333333333
112,7,89,5,8,3.3,FALSE,FALSE,0.66
113,7,89,6,9,4.33,FALSE,FALSE,0.721666666666667
114,7,89,11,10,8.73,FALSE,FALSE,0.793636363636364
115,7,89,9,11,6.62,FALSE,FALSE,0.735555555555556
116,7,89,21,12,14.28,FALSE,TRUE,0.68
117,7,89,14,13,9.64,FALSE,TRUE,0.688571428571429
118,7,89,12,14,7.42,FALSE,TRUE,0.618333333333333
119,7,89,10,15,5.1,FALSE,FALSE,0.51
120,7,89,11,16,7.22,FALSE,FALSE,0.656363636363636
121,7,89,9,17,6.37,FALSE,FALSE,0.707777777777778
122,7,89,6,18,4.33,FALSE,FALSE,0.721666666666667
123,7,89,5,19,3.4,FALSE,FALSE,0.68
124,7,89,6,20,4.08,FALSE,FALSE,0.68
126,7,89,7,22,4.77,FALSE,FALSE,0.681428571428571
127,7,89,6,23,3,FALSE,FALSE,0.5
128,7,89,17,24,8.5,FALSE,FALSE,0.5
129,7,89,7,25,5.22,FALSE,FALSE,0.745714285714286
130,7,89,2,26,1.61,FALSE,FALSE,0.805
131,7,89,5,27,3.4,FALSE,FALSE,0.68
132,7,89,10,28,6.8,FALSE,FALSE,0.68
133,7,89,14,29,9.77,FALSE,FALSE,0.697857142857143
134,7,89,11,30,7.48,FALSE,TRUE,0.68
135,7,89,12,31,8.91,FALSE,TRUE,0.7425
136,7,89,5,32,3.65,FALSE,TRUE,0.73
137,7,89,9,33,6.62,FALSE,FALSE,0.735555555555556
138,7,89,8,34,5.44,FALSE,FALSE,0.68
139,7,89,16,35,10.56,FALSE,FALSE,0.66
140,7,89,15,36,9,FALSE,FALSE,0.6
141,7,89,4,37,2.4,FALSE,FALSE,0.6
142,7,89,11,38,6.6,FALSE,FALSE,0.6
143,7,89,7,39,4.2,FALSE,FALSE,0.6
144,7,89,4,40,2.64,FALSE,FALSE,0.66
145,7,89,9,41,5.4,FALSE,FALSE,0.6
146,7,89,8,42,4.8,FALSE,FALSE,0.6
147,7,89,7,43,4.2,FALSE,FALSE,0.6
148,7,89,15,44,9.66,FALSE,FALSE,0.644
149,7,89,18,45,11.13,FALSE,TRUE,0.618333333333333
150,7,89,7,46,4.8,FALSE,TRUE,0.685714285714286
151,7,89,18,47,11.26,FALSE,FALSE,0.625555555555556
152,7,89,16,48,9.83,FALSE,FALSE,0.614375
153,7,89,6,49,3.6,FALSE,TRUE,0.6
154,7,89,16,50,11.21,FALSE,TRUE,0.700625
155,7,89,8,51,5.03,FALSE,FALSE,0.62875
156,7,89,18,52,11.49,FALSE,FALSE,0.638333333333333
157,7,89,21,1,12.6,FALSE,FALSE,0.6
158,7,89,9,2,6.09,FALSE,FALSE,0.676666666666667
159,7,89,9,3,5.86,FALSE,FALSE,0.651111111111111
160,7,89,15,4,9.46,FALSE,FALSE,0.630666666666667
161,7,89,12,5,7.43,FALSE,FALSE,0.619166666666667
162,7,89,15,6,9.23,FALSE,FALSE,0.615333333333333
163,7,89,15,7,9.92,FALSE,FALSE,0.661333333333333
164,7,89,11,8,7.59,FALSE,FALSE,0.69
165,7,89,11,9,7.63,FALSE,FALSE,0.693636363636364
166,7,89,2,10,1.66,FALSE,FALSE,0.83
167,7,89,4,11,2.44,FALSE,FALSE,0.61
168,7,89,7,12,4.49,FALSE,FALSE,0.641428571428571
169,7,89,24,13,12,FALSE,FALSE,0.5
170,7,89,13,14,7.49,FALSE,FALSE,0.576153846153846
171,7,89,18,15,10.46,FALSE,FALSE,0.581111111111111
172,7,89,7,16,5.36,FALSE,FALSE,0.765714285714286
173,7,89,4,17,2.87,FALSE,FALSE,0.7175
174,7,89,11,18,7.63,FALSE,FALSE,0.693636363636364
175,7,89,6,19,4.38,FALSE,FALSE,0.73
176,7,89,6,20,4.68,FALSE,FALSE,0.78
177,7,89,6,21,4.38,FALSE,FALSE,0.73
178,7,89,8,22,5.89,FALSE,FALSE,0.73625
179,7,89,7,23,5.06,FALSE,FALSE,0.722857142857143
180,7,89,8,24,5.44,FALSE,FALSE,0.68
181,7,89,8,25,5.44,FALSE,FALSE,0.68
182,7,89,6,26,4.38,FALSE,FALSE,0.73
183,7,89,6,27,4.38,FALSE,FALSE,0.73
184,7,89,10,28,8.06,FALSE,FALSE,0.806
185,7,89,8,29,6.56,FALSE,FALSE,0.82
186,7,89,8,30,6.14,FALSE,FALSE,0.7675
187,7,89,5,31,3.75,FALSE,FALSE,0.75
188,7,89,12,32,9.14,FALSE,FALSE,0.761666666666667
189,7,89,3,33,2.25,FALSE,FALSE,0.75
190,7,89,9,34,7.17,FALSE,FALSE,0.796666666666667
191,7,89,11,35,8.44,FALSE,FALSE,0.767272727272727
192,7,89,14,36,9.24,FALSE,FALSE,0.66
193,7,89,3,37,1.98,FALSE,FALSE,0.66
194,7,89,3,38,1.98,FALSE,FALSE,0.66
195,7,89,2,39,1.32,FALSE,FALSE,0.66
196,7,89,11,40,8.59,FALSE,FALSE,0.780909090909091
197,7,89,5,41,3.97,FALSE,FALSE,0.794
199,7,89,11,43,7.18,FALSE,FALSE,0.652727272727273
200,7,89,24,44,14.4,FALSE,TRUE,0.6
201,7,89,38,45,24.83,FALSE,TRUE,0.653421052631579
202,7,89,8,46,5.38,FALSE,TRUE,0.6725
203,7,89,6,47,3.6,TRUE,FALSE,0.6
204,7,89,20,48,13.45,FALSE,FALSE,0.6725
205,7,89,9,49,5.4,FALSE,FALSE,0.6
206,7,89,1,50,0.6,FALSE,FALSE,0.6
207,7,89,15,51,9.58,FALSE,FALSE,0.638666666666667
208,7,89,7,52,5.36,FALSE,FALSE,0.765714285714286
209,7,89,14,1,9.27,FALSE,FALSE,0.662142857142857
211,7,89,2,3,1.2,FALSE,FALSE,0.6
212,7,89,10,4,7.74,FALSE,FALSE,0.774
213,7,89,6,5,3.6,FALSE,FALSE,0.6
214,7,89,11,6,8.92,FALSE,FALSE,0.810909090909091
228,7,89,2,20,1.78,FALSE,TRUE,0.89
241,7,89,4,33,3.48,FALSE,FALSE,0.87
242,7,89,5,34,4.65,FALSE,FALSE,0.93
243,7,89,2,35,1.7,FALSE,FALSE,0.85
244,7,89,1,36,0.93,FALSE,FALSE,0.93
245,7,89,5,37,4.33,FALSE,FALSE,0.866
247,7,89,2,39,1.86,FALSE,FALSE,0.93
248,7,89,1,40,0.93,FALSE,FALSE,0.93
249,7,89,11,41,9.75,FALSE,FALSE,0.886363636363636
250,7,89,6,42,5.18,FALSE,FALSE,0.863333333333333
251,7,89,3,43,2.63,FALSE,FALSE,0.876666666666667
252,7,89,7,44,5.67,FALSE,TRUE,0.81
253,7,89,9,45,7.11,FALSE,TRUE,0.79
254,7,89,5,46,4.29,FALSE,TRUE,0.858
255,7,89,2,47,1.5,FALSE,TRUE,0.75
256,7,89,8,48,6.54,FALSE,TRUE,0.8175
257,7,89,7,49,5.43,FALSE,TRUE,0.775714285714286
258,7,89,28,50,17.15,FALSE,TRUE,0.6125
259,7,89,51,51,26.1,TRUE,FALSE,0.511764705882353
260,7,89,46,52,23,FALSE,FALSE,0.5
261,7,89,10,1,7.6,FALSE,TRUE,0.76
262,7,89,14,2,10.6,FALSE,TRUE,0.757142857142857
263,7,89,59,3,32.81,FALSE,TRUE,0.556101694915254
264,7,89,122,4,61,TRUE,TRUE,0.5
265,7,89,45,5,22.5,FALSE,TRUE,0.5
266,7,89,15,6,7.5,FALSE,TRUE,0.5
267,7,89,12,7,6,FALSE,FALSE,0.5
268,7,89,42,8,24.1,FALSE,TRUE,0.573809523809524
269,7,89,59,9,30.1,TRUE,TRUE,0.510169491525424
270,7,89,9,10,7.13,FALSE,TRUE,0.792222222222222
271,7,89,5,11,4.05,FALSE,FALSE,0.81
272,7,89,29,12,23.45,FALSE,FALSE,0.808620689655172
273,7,89,32,13,23.36,FALSE,TRUE,0.73
274,7,89,37,14,29.96,FALSE,FALSE,0.80972972972973
275,7,89,47,15,38.05,FALSE,FALSE,0.809574468085106
276,7,89,37,16,29.95,FALSE,FALSE,0.809459459459459
277,7,89,19,17,15.39,FALSE,FALSE,0.81
278,7,89,22,18,16.06,FALSE,TRUE,0.73
279,7,89,21,19,15.33,FALSE,TRUE,0.73
280,7,89,19,20,15.39,FALSE,FALSE,0.81
281,7,89,17,21,12.41,FALSE,TRUE,0.73
282,7,89,8,22,5.84,FALSE,TRUE,0.73
283,7,89,4,23,3.2,FALSE,FALSE,0.8
285,7,89,2,25,1.61,FALSE,FALSE,0.805
286,7,89,3,26,2.43,FALSE,FALSE,0.81
287,7,89,1,27,0.8,FALSE,FALSE,0.8
288,7,89,6,28,4.85,FALSE,FALSE,0.808333333333333
289,7,89,2,29,1.62,FALSE,FALSE,0.81
290,7,89,7,30,5.62,FALSE,FALSE,0.802857142857143
291,7,89,9,31,7.85,FALSE,FALSE,0.872222222222222
292,7,89,4,32,3.6,FALSE,FALSE,0.9
293,7,89,4,33,3.4,FALSE,FALSE,0.85
294,7,89,6,34,5.3,FALSE,FALSE,0.883333333333333
295,7,89,6,35,5.1,FALSE,FALSE,0.85
296,7,89,9,36,7.75,FALSE,FALSE,0.861111111111111
297,7,89,16,37,10.91,FALSE,FALSE,0.681875
298,7,89,45,38,23.83,FALSE,FALSE,0.529555555555556
299,7,89,12,39,7.88,FALSE,TRUE,0.656666666666667
300,7,89,43,40,21.5,TRUE,TRUE,0.5
301,7,89,30,41,16.35,FALSE,TRUE,0.545
302,7,89,20,42,10.45,FALSE,TRUE,0.5225
303,7,89,8,43,4,FALSE,TRUE,0.5
304,7,89,26,44,13.82,FALSE,TRUE,0.531538461538462
305,7,89,26,45,13,FALSE,TRUE,0.5
306,7,89,12,46,6.36,FALSE,FALSE,0.53
307,7,89,13,47,7.22,FALSE,FALSE,0.555384615384615
308,7,89,3,48,1.5,FALSE,FALSE,0.5
309,7,89,2,49,1,FALSE,FALSE,0.5
310,7,89,9,50,7.54,FALSE,FALSE,0.837777777777778
311,7,89,11,51,8.76,FALSE,FALSE,0.796363636363636
312,7,89,3,52,2.58,FALSE,FALSE,0.86
1,11,89,1,1,0.67,FALSE,FALSE,0.67
53,11,89,3,1,1.5,FALSE,FALSE,0.5
55,11,89,6,3,3,FALSE,FALSE,0.5
56,11,89,7,4,3.5,TRUE,FALSE,0.5
58,11,89,2,6,1,FALSE,FALSE,0.5
59,11,89,2,7,1,FALSE,FALSE,0.5
60,11,89,1,8,0.5,FALSE,FALSE,0.5
61,11,89,1,9,0.5,FALSE,FALSE,0.5
62,11,89,6,10,4.44,FALSE,FALSE,0.74
63,11,89,11,11,5.5,TRUE,FALSE,0.5
65,11,89,2,13,1.5,FALSE,FALSE,0.75
66,11,89,2,14,1.5,FALSE,FALSE,0.75
69,11,89,5,17,3.75,FALSE,FALSE,0.75
70,11,89,2,18,1.5,FALSE,FALSE,0.75
71,11,89,4,19,3,FALSE,FALSE,0.75
72,11,89,4,20,3,FALSE,FALSE,0.75
74,11,89,1,22,0.75,FALSE,FALSE,0.75
75,11,89,4,23,3,FALSE,FALSE,0.75
76,11,89,2,24,1.5,FALSE,FALSE,0.75
77,11,89,6,25,4.5,FALSE,FALSE,0.75
79,11,89,2,27,1.5,FALSE,FALSE,0.75
80,11,89,4,28,3,FALSE,FALSE,0.75
81,11,89,2,29,1.5,FALSE,FALSE,0.75
83,11,89,5,31,3.75,FALSE,FALSE,0.75
87,11,89,1,35,0.75,FALSE,FALSE,0.75
88,11,89,4,36,3,FALSE,FALSE,0.75
89,11,89,1,37,0.75,FALSE,FALSE,0.75
90,11,89,12,38,9,FALSE,FALSE,0.75
91,11,89,2,39,1.32,FALSE,FALSE,0.66
92,11,89,3,40,1.98,TRUE,TRUE,0.66
93,11,89,5,41,3.3,FALSE,TRUE,0.66
94,11,89,4,42,3.12,FALSE,TRUE,0.78
95,11,89,6,43,4.42,FALSE,TRUE,0.736666666666667
96,11,89,4,44,3.33,FALSE,TRUE,0.8325
97,11,89,13,45,9.27,FALSE,TRUE,0.713076923076923
98,11,89,38,46,19,TRUE,TRUE,0.5
99,11,89,2,47,1,TRUE,FALSE,0.5
100,11,89,7,48,3.5,FALSE,TRUE,0.5
101,11,89,2,49,1,FALSE,TRUE,0.5
102,11,89,13,50,7.28,FALSE,TRUE,0.56
103,11,89,2,51,1,FALSE,TRUE,0.5
104,11,89,8,52,5.56,FALSE,TRUE,0.695
105,11,89,1,1,0.89,FALSE,TRUE,0.89
108,11,89,2,4,1.5,FALSE,FALSE,0.75
109,11,89,4,5,3,FALSE,FALSE,0.75
112,11,89,1,8,0.89,FALSE,FALSE,0.89
113,11,89,47,9,13.63,TRUE,FALSE,0.29
114,11,89,1,10,0.67,FALSE,FALSE,0.67
117,11,89,3,13,2.67,FALSE,FALSE,0.89
120,11,89,2,16,1.56,FALSE,FALSE,0.78
121,11,89,1,17,0.89,FALSE,FALSE,0.89
122,11,89,7,18,5.81,FALSE,FALSE,0.83
126,11,89,1,22,0.75,FALSE,FALSE,0.75
127,11,89,2,23,1.5,FALSE,FALSE,0.75
131,11,89,1,27,0.75,FALSE,FALSE,0.75
132,11,89,2,28,1.5,FALSE,FALSE,0.75
137,11,89,1,33,0.89,FALSE,FALSE,0.89
138,11,89,3,34,2.25,FALSE,FALSE,0.75
142,11,89,1,38,0.89,FALSE,FALSE,0.89
145,11,89,2,41,1.7,FALSE,FALSE,0.85
146,11,89,1,42,0.85,FALSE,FALSE,0.85
148,11,89,3,44,1.98,FALSE,TRUE,0.66
150,11,89,2,46,1.32,FALSE,TRUE,0.66
151,11,89,2,47,1.32,TRUE,TRUE,0.66
152,11,89,4,48,2.64,FALSE,TRUE,0.66
153,11,89,2,49,1.32,FALSE,TRUE,0.66
154,11,89,5,50,3.3,FALSE,TRUE,0.66
155,11,89,2,51,1.28,FALSE,TRUE,0.64
156,11,89,1,52,0.66,FALSE,TRUE,0.66
158,11,89,3,2,2.55,FALSE,FALSE,0.85
161,11,89,1,5,0.89,FALSE,FALSE,0.89
163,11,89,1,7,0.85,FALSE,FALSE,0.85
164,11,89,1,8,0.85,FALSE,FALSE,0.85
200,11,89,2,44,1,FALSE,FALSE,0.5
201,11,89,1,45,0.5,FALSE,TRUE,0.5
202,11,89,4,46,2,FALSE,TRUE,0.5
203,11,89,1,47,0.5,FALSE,TRUE,0.5
204,11,89,1,48,0.5,FALSE,TRUE,0.5
205,11,89,2,49,1,FALSE,TRUE,0.5
207,11,89,4,51,2,FALSE,FALSE,0.5
208,11,89,7,52,3.5,FALSE,FALSE,0.5
209,11,89,4,1,2,FALSE,FALSE,0.5
211,11,89,2,3,1.78,FALSE,FALSE,0.89
212,11,89,1,4,0.89,FALSE,FALSE,0.89
213,11,89,2,5,1.78,FALSE,FALSE,0.89
214,11,89,3,6,2.67,FALSE,FALSE,0.89
215,11,89,1,7,0.89,FALSE,FALSE,0.89
217,11,89,1,9,0.89,FALSE,FALSE,0.89
219,11,89,4,11,3.56,FALSE,FALSE,0.89
220,11,89,1,12,0.89,FALSE,FALSE,0.89
223,11,89,1,15,0.89,FALSE,FALSE,0.89
224,11,89,3,16,2.67,FALSE,FALSE,0.89
225,11,89,9,17,4.5,TRUE,FALSE,0.5
227,11,89,2,19,1.78,FALSE,FALSE,0.89
231,11,89,2,23,1.78,FALSE,FALSE,0.89
236,11,89,3,28,2.37,FALSE,FALSE,0.79
238,11,89,8,30,4.04,TRUE,FALSE,0.505
240,11,89,2,32,1.78,FALSE,FALSE,0.89
244,11,89,6,36,3.96,TRUE,FALSE,0.66
247,11,89,4,39,3.56,FALSE,FALSE,0.89
248,11,89,6,40,2.88,TRUE,FALSE,0.48
249,11,89,2,41,1.5,FALSE,FALSE,0.75
251,11,89,2,43,1.38,FALSE,FALSE,0.69
252,11,89,6,44,1.98,TRUE,FALSE,0.33
261,11,89,1,1,0.99,FALSE,FALSE,0.99
262,11,89,4,2,2,FALSE,FALSE,0.5
266,11,89,1,6,0.99,FALSE,FALSE,0.99
271,11,89,4,11,3.96,FALSE,FALSE,0.99
273,11,89,2,13,1.98,FALSE,FALSE,0.99
280,11,89,3,20,2.37,FALSE,FALSE,0.79
284,11,89,4,24,3.16,FALSE,FALSE,0.79
286,11,89,2,26,1.58,FALSE,FALSE,0.79
289,11,89,1,29,0.79,FALSE,FALSE,0.79
297,11,89,2,37,1.46,TRUE,FALSE,0.73
302,11,89,2,42,1,TRUE,FALSE,0.5
305,11,89,2,45,1.32,TRUE,FALSE,0.66
312,11,89,2,52,1.58,FALSE,FALSE,0.79
