Soup Pricing/Soup Pricing Case Data.csv
"overallWeekNum","storeNum","productNum","units","weekInYearNum","totalRevenue","isFeature","isDisplay","pricePerCan"
1,12,89,16,1,12.64,FALSE,FALSE,0.79
2,12,89,18,2,14.22,FALSE,FALSE,0.79
3,12,89,5,3,3.95,FALSE,FALSE,0.79
4,12,89,8,4,6.32,FALSE,FALSE,0.79
5,12,89,9,5,7.11,FALSE,FALSE,0.79
6,12,89,10,6,7.9,FALSE,FALSE,0.79
7,12,89,10,7,7.9,FALSE,FALSE,0.79
8,12,89,15,8,11.85,FALSE,FALSE,0.79
9,12,89,24,9,18.96,FALSE,FALSE,0.79
10,12,89,12,10,9.48,FALSE,FALSE,0.79
11,12,89,18,11,14.22,FALSE,FALSE,0.79
12,12,89,16,12,12.64,FALSE,FALSE,0.79
13,12,89,55,13,43.45,TRUE,FALSE,0.79
14,12,89,17,14,13.43,FALSE,FALSE,0.79
15,12,89,14,15,11.06,FALSE,FALSE,0.79
16,12,89,15,16,11.85,FALSE,FALSE,0.79
17,12,89,12,17,9.48,FALSE,FALSE,0.79
18,12,89,9,18,7.11,FALSE,FALSE,0.79
19,12,89,8,19,6.32,FALSE,FALSE,0.79
20,12,89,16,20,12.64,FALSE,FALSE,0.79
21,12,89,5,21,3.95,FALSE,FALSE,0.79
22,12,89,12,22,9.48,FALSE,FALSE,0.79
23,12,89,8,23,6.32,FALSE,FALSE,0.79
24,12,89,15,24,11.85,FALSE,FALSE,0.79
25,12,89,15,25,11.85,FALSE,FALSE,0.79
26,12,89,8,26,6.32,FALSE,FALSE,0.79
27,12,89,18,27,14.22,FALSE,FALSE,0.79
28,12,89,13,28,10.27,FALSE,FALSE,0.79
29,12,89,13,29,10.27,FALSE,FALSE,0.79
30,12,89,11,30,8.69,FALSE,FALSE,0.79
31,12,89,5,31,3.95,FALSE,FALSE,0.79
32,12,89,10,32,7.9,FALSE,FALSE,0.79
33,12,89,8,33,6.32,FALSE,FALSE,0.79
34,12,89,12,34,9.48,FALSE,FALSE,0.79
35,12,89,20,35,15.8,FALSE,FALSE,0.79
36,12,89,17,36,13.43,FALSE,FALSE,0.79
37,12,89,21,37,16.59,FALSE,FALSE,0.79
38,12,89,26,38,20.54,FALSE,FALSE,0.79
39,12,89,15,39,11.85,FALSE,FALSE,0.79
40,12,89,14,40,11.06,FALSE,FALSE,0.79
41,12,89,9,41,7.11,FALSE,FALSE,0.79
42,12,89,14,42,11.06,FALSE,FALSE,0.79
43,12,89,20,43,15.8,FALSE,FALSE,0.79
44,12,89,12,44,9.48,FALSE,FALSE,0.79
45,12,89,52,45,41.08,FALSE,FALSE,0.79
46,12,89,37,46,29.23,FALSE,FALSE,0.79
47,12,89,12,47,9.48,FALSE,FALSE,0.79
48,12,89,19,48,15.01,FALSE,FALSE,0.79
49,12,89,26,49,20.54,FALSE,FALSE,0.79
50,12,89,26,50,20.54,FALSE,FALSE,0.79
51,12,89,29,51,22.91,FALSE,FALSE,0.79
52,12,89,64,52,50.56,FALSE,FALSE,0.79
53,12,89,24,1,18.96,FALSE,FALSE,0.79
54,12,89,17,2,13.43,FALSE,FALSE,0.79
55,12,89,17,3,13.43,FALSE,FALSE,0.79
56,12,89,18,4,14.22,FALSE,FALSE,0.79
57,12,89,21,5,16.59,FALSE,FALSE,0.79
58,12,89,16,6,12.64,FALSE,FALSE,0.79
59,12,89,15,7,11.85,FALSE,FALSE,0.79
60,12,89,25,8,19.75,FALSE,FALSE,0.79
61,12,89,17,9,13.43,FALSE,FALSE,0.79
62,12,89,16,10,12.64,FALSE,FALSE,0.79
63,12,89,42,11,28.14,TRUE,FALSE,0.67
64,12,89,34,12,26.86,FALSE,FALSE,0.79
65,12,89,18,13,14.22,FALSE,FALSE,0.79
66,12,89,11,14,8.69,FALSE,FALSE,0.79
67,12,89,11,15,8.69,FALSE,FALSE,0.79
68,12,89,15,16,11.85,FALSE,FALSE,0.79
69,12,89,11,17,8.69,FALSE,FALSE,0.79
70,12,89,22,18,17.38,FALSE,FALSE,0.79
71,12,89,14,19,11.06,FALSE,FALSE,0.79
72,12,89,20,20,15.8,FALSE,FALSE,0.79
73,12,89,9,21,7.11,FALSE,FALSE,0.79
74,12,89,11,22,8.69,FALSE,FALSE,0.79
75,12,89,9,23,7.11,FALSE,FALSE,0.79
76,12,89,18,24,14.22,FALSE,FALSE,0.79
77,12,89,9,25,7.11,FALSE,FALSE,0.79
78,12,89,8,26,6.32,FALSE,FALSE,0.79
79,12,89,8,27,6.32,FALSE,FALSE,0.79
80,12,89,7,28,5.53,FALSE,FALSE,0.79
81,12,89,11,29,8.69,FALSE,FALSE,0.79
82,12,89,8,30,6.32,FALSE,FALSE,0.79
83,12,89,10,31,7.9,FALSE,FALSE,0.79
84,12,89,16,32,12.64,FALSE,FALSE,0.79
85,12,89,8,33,6.32,FALSE,FALSE,0.79
86,12,89,12,34,9.48,FALSE,FALSE,0.79
87,12,89,24,35,18.96,FALSE,FALSE,0.79
88,12,89,3,36,2.37,FALSE,FALSE,0.79
89,12,89,11,37,8.69,FALSE,FALSE,0.79
90,12,89,24,38,18.96,FALSE,FALSE,0.79
91,12,89,9,39,7.11,FALSE,FALSE,0.79
92,12,89,22,40,17.38,FALSE,FALSE,0.79
93,12,89,49,41,38.71,FALSE,FALSE,0.79
94,12,89,22,42,17.38,FALSE,FALSE,0.79
95,12,89,35,43,27.65,FALSE,FALSE,0.79
96,12,89,27,44,21.33,FALSE,FALSE,0.79
97,12,89,26,45,20.14,FALSE,FALSE,0.774615384615385
98,12,89,24,46,18.96,FALSE,FALSE,0.79
99,12,89,31,47,24.29,FALSE,FALSE,0.783548387096774
100,12,89,49,48,38.31,FALSE,FALSE,0.781836734693878
101,12,89,16,49,12.64,FALSE,FALSE,0.79
102,12,89,48,50,37.72,FALSE,FALSE,0.785833333333333
103,12,89,12,51,9.08,FALSE,FALSE,0.756666666666667
104,12,89,14,52,11.06,FALSE,FALSE,0.79
105,12,89,19,1,15.01,FALSE,FALSE,0.79
106,12,89,14,2,11.06,FALSE,FALSE,0.79
107,12,89,11,3,8.69,FALSE,FALSE,0.79
108,12,89,9,4,7.11,FALSE,FALSE,0.79
109,12,89,11,5,8.69,FALSE,FALSE,0.79
110,12,89,15,6,11.85,FALSE,FALSE,0.79
111,12,89,19,7,14.61,FALSE,FALSE,0.768947368421053
112,12,89,23,8,17.77,FALSE,FALSE,0.772608695652174
113,12,89,8,9,6.32,FALSE,FALSE,0.79
114,12,89,13,10,10.07,FALSE,FALSE,0.774615384615385
115,12,89,18,11,13.42,FALSE,FALSE,0.745555555555556
116,12,89,3,12,2.37,FALSE,FALSE,0.79
117,12,89,22,13,17.18,FALSE,FALSE,0.780909090909091
118,12,89,31,14,15.5,TRUE,FALSE,0.5
119,12,89,7,15,5.53,FALSE,FALSE,0.79
120,12,89,5,16,3.95,FALSE,FALSE,0.79
121,12,89,1,17,0.79,FALSE,FALSE,0.79
122,12,89,5,18,3.95,FALSE,FALSE,0.79
123,12,89,12,19,9.48,FALSE,FALSE,0.79
124,12,89,9,20,7.11,FALSE,FALSE,0.79
125,12,89,11,21,8.69,FALSE,FALSE,0.79
126,12,89,19,22,15.01,FALSE,FALSE,0.79
127,12,89,11,23,8.69,FALSE,FALSE,0.79
128,12,89,13,24,10.27,FALSE,FALSE,0.79
129,12,89,8,25,6.32,FALSE,FALSE,0.79
130,12,89,5,26,3.95,FALSE,FALSE,0.79
131,12,89,14,27,10.66,FALSE,FALSE,0.761428571428571
132,12,89,27,28,21.33,FALSE,FALSE,0.79
133,12,89,5,29,3.95,FALSE,FALSE,0.79
134,12,89,18,30,14.22,FALSE,FALSE,0.79
135,12,89,14,31,11.06,FALSE,FALSE,0.79
136,12,89,15,32,10.69,FALSE,FALSE,0.712666666666667
138,12,89,26,34,19.09,FALSE,FALSE,0.734230769230769
139,12,89,22,35,16.22,FALSE,FALSE,0.737272727272727
140,12,89,20,36,13.19,FALSE,FALSE,0.6595
141,12,89,22,37,14.77,FALSE,FALSE,0.671363636363636
142,12,89,17,38,12.27,FALSE,FALSE,0.721764705882353
143,12,89,19,39,13.85,FALSE,FALSE,0.728947368421053
144,12,89,20,40,13.35,FALSE,FALSE,0.6675
145,12,89,20,41,14.4,FALSE,FALSE,0.72
146,12,89,12,42,7.03,FALSE,FALSE,0.585833333333333
147,12,89,13,43,8.52,FALSE,FALSE,0.655384615384615
148,12,89,2,44,1.58,FALSE,FALSE,0.79
149,12,89,10,45,7.5,FALSE,FALSE,0.75
150,12,89,19,46,13.41,FALSE,FALSE,0.705789473684211
151,12,89,19,47,14.41,FALSE,FALSE,0.758421052631579
152,12,89,13,48,8.87,FALSE,FALSE,0.682307692307692
153,12,89,7,49,5.13,FALSE,FALSE,0.732857142857143
154,12,89,6,50,4.34,FALSE,FALSE,0.723333333333333
155,12,89,12,51,8.68,FALSE,FALSE,0.723333333333333
156,12,89,9,52,6.71,FALSE,FALSE,0.745555555555556
157,12,89,15,1,11.85,FALSE,FALSE,0.79
158,12,89,12,2,8.68,FALSE,FALSE,0.723333333333333
159,12,89,13,3,9.07,FALSE,FALSE,0.697692307692308
160,12,89,13,4,9.67,FALSE,FALSE,0.743846153846154
161,12,89,11,5,7.69,FALSE,FALSE,0.699090909090909
162,12,89,19,6,13.41,FALSE,FALSE,0.705789473684211
163,12,89,10,7,6.9,FALSE,FALSE,0.69
164,12,89,4,8,3.16,FALSE,FALSE,0.79
165,12,89,12,9,9.48,FALSE,FALSE,0.79
166,12,89,17,10,12.03,FALSE,FALSE,0.707647058823529
167,12,89,16,11,11.84,FALSE,FALSE,0.74
168,12,89,9,12,6.51,FALSE,FALSE,0.723333333333333
169,12,89,3,13,2.17,FALSE,FALSE,0.723333333333333
170,12,89,10,14,6.9,FALSE,FALSE,0.69
171,12,89,12,15,8.48,FALSE,FALSE,0.706666666666667
172,12,89,13,16,8.27,FALSE,FALSE,0.636153846153846
173,12,89,8,17,5.92,FALSE,FALSE,0.74
174,12,89,5,18,3.75,FALSE,FALSE,0.75
175,12,89,2,19,1.38,FALSE,FALSE,0.69
176,12,89,5,20,3.35,FALSE,FALSE,0.67
177,12,89,6,21,4.54,FALSE,FALSE,0.756666666666667
178,12,89,12,22,7.68,FALSE,FALSE,0.64
179,12,89,5,23,3.95,FALSE,FALSE,0.79
180,12,89,2,24,1.58,FALSE,FALSE,0.79
181,12,89,10,25,5.47,FALSE,FALSE,0.547
183,12,89,4,27,3.16,FALSE,FALSE,0.79
184,12,89,20,28,15.51,FALSE,FALSE,0.7755
185,12,89,13,29,8.53,FALSE,FALSE,0.656153846153846
186,12,89,28,30,20.09,FALSE,FALSE,0.7175
187,12,89,5,31,3.95,FALSE,FALSE,0.79
188,12,89,14,32,10.48,FALSE,FALSE,0.748571428571429
189,12,89,3,33,2.08,FALSE,FALSE,0.693333333333333
190,12,89,7,34,4.66,FALSE,FALSE,0.665714285714286
191,12,89,14,35,10.19,FALSE,FALSE,0.727857142857143
192,12,89,17,36,11.4,FALSE,FALSE,0.670588235294118
193,12,89,15,37,10.11,FALSE,FALSE,0.674
194,12,89,14,38,8.16,FALSE,FALSE,0.582857142857143
195,12,89,11,39,7.9,FALSE,FALSE,0.718181818181818
196,12,89,10,40,6.74,TRUE,FALSE,0.674
197,12,89,6,41,3.58,FALSE,FALSE,0.596666666666667
198,12,89,5,42,3.66,FALSE,FALSE,0.732
199,12,89,19,43,14.14,FALSE,FALSE,0.74421052631579
200,12,89,22,44,12.5,TRUE,FALSE,0.568181818181818
201,12,89,6,45,3.29,FALSE,FALSE,0.548333333333333
202,12,89,11,46,8.69,FALSE,FALSE,0.79
203,12,89,10,47,5.58,FALSE,FALSE,0.558
204,12,89,9,48,7.11,FALSE,FALSE,0.79
205,12,89,9,49,6.53,FALSE,FALSE,0.725555555555556
206,12,89,8,50,5.45,FALSE,FALSE,0.68125
207,12,89,3,51,1.79,FALSE,FALSE,0.596666666666667
208,12,89,9,52,6.24,FALSE,FALSE,0.693333333333333
209,12,89,4,1,2.58,FALSE,FALSE,0.645
210,12,89,18,2,12.19,FALSE,FALSE,0.677222222222222
211,12,89,6,3,3.29,FALSE,FALSE,0.548333333333333
212,12,89,15,4,10.69,FALSE,FALSE,0.712666666666667
213,12,89,9,5,5.66,FALSE,FALSE,0.628888888888889
214,12,89,9,6,5.66,FALSE,FALSE,0.628888888888889
215,12,89,8,7,5.74,FALSE,FALSE,0.7175
216,12,89,6,8,4.16,FALSE,FALSE,0.693333333333333
217,12,89,11,9,7.82,FALSE,FALSE,0.710909090909091
218,12,89,3,10,1.5,FALSE,FALSE,0.5
219,12,89,10,11,6.45,FALSE,FALSE,0.645
220,12,89,3,12,1.79,FALSE,FALSE,0.596666666666667
221,12,89,8,13,6.03,FALSE,FALSE,0.75375
222,12,89,6,14,3.87,FALSE,FALSE,0.645
223,12,89,12,15,8.03,FALSE,FALSE,0.669166666666667
224,12,89,9,16,5.37,FALSE,FALSE,0.596666666666667
225,12,89,6,17,4.16,FALSE,FALSE,0.693333333333333
226,12,89,8,18,5.74,FALSE,FALSE,0.7175
227,12,89,7,19,3.79,FALSE,FALSE,0.541428571428571
228,12,89,9,20,5.66,FALSE,FALSE,0.628888888888889
229,12,89,8,21,6.32,FALSE,FALSE,0.79
230,12,89,5,22,3.08,FALSE,FALSE,0.616
231,12,89,10,23,6.74,FALSE,FALSE,0.674
232,12,89,10,24,6.45,FALSE,FALSE,0.645
233,12,89,7,25,4.08,FALSE,FALSE,0.582857142857143
234,12,89,5,26,2.79,FALSE,FALSE,0.558
236,12,89,5,28,3.37,FALSE,FALSE,0.674
237,12,89,10,29,6.16,FALSE,FALSE,0.616
238,12,89,15,30,9.53,FALSE,FALSE,0.635333333333333
239,12,89,7,31,4.66,FALSE,FALSE,0.665714285714286
240,12,89,7,32,4.95,FALSE,FALSE,0.707142857142857
241,12,89,11,33,7.53,FALSE,FALSE,0.684545454545455
242,12,89,3,34,2.08,FALSE,FALSE,0.693333333333333
243,12,89,4,35,3.16,FALSE,FALSE,0.79
244,12,89,10,36,5,FALSE,FALSE,0.5
245,12,89,10,37,5.58,FALSE,FALSE,0.558
246,12,89,7,38,5.53,FALSE,FALSE,0.79
247,12,89,10,39,7.03,FALSE,FALSE,0.703
248,12,89,4,40,2.29,FALSE,FALSE,0.5725
249,12,89,8,41,5.45,FALSE,FALSE,0.68125
250,12,89,6,42,3.29,FALSE,FALSE,0.548333333333333
251,12,89,8,43,5.74,FALSE,FALSE,0.7175
252,12,89,2,44,1.58,FALSE,FALSE,0.79
253,12,89,6,45,3.29,FALSE,FALSE,0.548333333333333
254,12,89,8,46,5.74,FALSE,FALSE,0.7175
255,12,89,8,47,6.32,FALSE,FALSE,0.79
256,12,89,14,48,9.32,FALSE,FALSE,0.665714285714286
257,12,89,4,49,3.16,FALSE,FALSE,0.79
258,12,89,8,50,5.74,FALSE,FALSE,0.7175
259,12,89,5,51,3.95,FALSE,FALSE,0.79
260,12,89,7,52,4.37,FALSE,FALSE,0.624285714285714
261,12,89,6,1,4.45,FALSE,FALSE,0.741666666666667
262,12,89,7,2,3.5,FALSE,FALSE,0.5
263,12,89,9,3,5.08,FALSE,FALSE,0.564444444444444
264,12,89,9,4,5.66,FALSE,FALSE,0.628888888888889
265,12,89,11,5,6.37,FALSE,FALSE,0.579090909090909
266,12,89,9,6,5.66,FALSE,FALSE,0.628888888888889
267,12,89,7,7,4.37,FALSE,FALSE,0.624285714285714
268,12,89,4,8,2.23,FALSE,FALSE,0.5575
269,12,89,8,9,4.88,FALSE,FALSE,0.61
270,12,89,6,10,4.38,FALSE,FALSE,0.73
271,12,89,5,11,3.95,FALSE,FALSE,0.79
272,12,89,4,12,2.08,FALSE,FALSE,0.52
273,12,89,1,13,0.79,FALSE,FALSE,0.79
274,12,89,1,14,0.43,FALSE,FALSE,0.43
276,12,89,5,16,3.59,FALSE,FALSE,0.718
277,12,89,5,17,2.87,FALSE,FALSE,0.574
278,12,89,6,18,3.3,FALSE,FALSE,0.55
279,12,89,3,19,1.29,FALSE,FALSE,0.43
280,12,89,6,20,2.94,FALSE,FALSE,0.49
281,12,89,1,21,0.43,FALSE,FALSE,0.43
282,12,89,11,22,5.45,FALSE,FALSE,0.495454545454545
283,12,89,4,23,2.8,FALSE,FALSE,0.7
284,12,89,6,24,2.58,FALSE,FALSE,0.43
286,12,89,5,26,2.87,FALSE,FALSE,0.574
288,12,89,1,28,0.43,FALSE,FALSE,0.43
289,12,89,3,29,2.37,FALSE,FALSE,0.79
291,12,89,5,31,2.87,FALSE,FALSE,0.574
292,12,89,10,32,5.38,FALSE,FALSE,0.538
293,12,89,1,33,0.49,FALSE,FALSE,0.49
294,12,89,4,34,2.58,FALSE,FALSE,0.645
295,12,89,11,35,7.53,FALSE,FALSE,0.684545454545455
296,12,89,9,36,4.79,FALSE,FALSE,0.532222222222222
297,12,89,3,37,1.5,FALSE,FALSE,0.5
298,12,89,1,38,0.5,FALSE,FALSE,0.5
299,12,89,5,39,3.08,FALSE,FALSE,0.616
300,12,89,8,40,4.87,FALSE,FALSE,0.60875
301,12,89,3,41,1.79,FALSE,FALSE,0.596666666666667
302,12,89,10,42,5,FALSE,FALSE,0.5
303,12,89,5,43,3.37,FALSE,FALSE,0.674
304,12,89,7,44,4.08,FALSE,FALSE,0.582857142857143
305,12,89,3,45,1.5,FALSE,FALSE,0.5
306,12,89,5,46,3.95,FALSE,FALSE,0.79
307,12,89,6,47,3.87,FALSE,FALSE,0.645
308,12,89,2,48,1,FALSE,FALSE,0.5
309,12,89,11,49,7.53,FALSE,FALSE,0.684545454545455
310,12,89,1,50,0.79,FALSE,FALSE,0.79
311,12,89,1,51,0.79,FALSE,FALSE,0.79
312,12,89,3,52,2.08,FALSE,FALSE,0.693333333333333
