Soup Pricing/Soup Pricing Case Data.csv
"overallWeekNum","storeNum","productNum","units","weekInYearNum","totalRevenue","isFeature","isDisplay","pricePerCan"
1,13,89,13,1,8.45,FALSE,FALSE,0.65
2,13,89,53,2,33.39,TRUE,TRUE,0.63
3,13,89,62,3,39.06,TRUE,TRUE,0.63
4,13,89,57,4,35.91,TRUE,TRUE,0.63
5,13,89,34,5,21.42,TRUE,TRUE,0.63
6,13,89,12,6,9.24,FALSE,FALSE,0.77
7,13,89,18,7,12.6,FALSE,FALSE,0.7
8,13,89,15,8,10.77,FALSE,FALSE,0.718
9,13,89,11,9,7.81,FALSE,FALSE,0.71
10,13,89,55,10,36.85,TRUE,TRUE,0.67
11,13,89,42,11,28.14,TRUE,TRUE,0.67
12,13,89,48,12,32.16,TRUE,TRUE,0.67
13,13,89,59,13,39.53,TRUE,TRUE,0.67
14,13,89,14,14,9.38,FALSE,FALSE,0.67
15,13,89,27,15,17.01,FALSE,FALSE,0.63
16,13,89,15,16,10.2,FALSE,FALSE,0.68
17,13,89,12,17,8.16,FALSE,FALSE,0.68
18,13,89,20,18,13.6,FALSE,FALSE,0.68
19,13,89,17,19,11.56,FALSE,FALSE,0.68
20,13,89,10,20,6.8,FALSE,FALSE,0.68
21,13,89,17,21,11.56,FALSE,FALSE,0.68
22,13,89,24,22,16.32,FALSE,FALSE,0.68
23,13,89,14,23,9.52,FALSE,FALSE,0.68
24,13,89,22,24,14.96,FALSE,FALSE,0.68
25,13,89,11,25,7.48,FALSE,FALSE,0.68
26,13,89,11,26,7.48,FALSE,FALSE,0.68
27,13,89,18,27,12.24,FALSE,FALSE,0.68
28,13,89,5,28,3.4,FALSE,FALSE,0.68
29,13,89,13,29,8.84,FALSE,FALSE,0.68
30,13,89,12,30,8.16,FALSE,FALSE,0.68
31,13,89,17,31,11.56,FALSE,FALSE,0.68
32,13,89,15,32,10.2,FALSE,FALSE,0.68
33,13,89,17,33,11.56,FALSE,FALSE,0.68
34,13,89,9,34,6.12,FALSE,FALSE,0.68
35,13,89,28,35,19.04,FALSE,FALSE,0.68
36,13,89,23,36,14.59,FALSE,FALSE,0.634347826086957
37,13,89,30,37,18.3,FALSE,FALSE,0.61
38,13,89,28,38,17.08,FALSE,FALSE,0.61
39,13,89,12,39,7.32,FALSE,FALSE,0.61
40,13,89,15,40,10.2,FALSE,FALSE,0.68
41,13,89,17,41,11.56,FALSE,FALSE,0.68
42,13,89,11,42,7.48,FALSE,FALSE,0.68
43,13,89,24,43,16.32,FALSE,FALSE,0.68
44,13,89,100,44,73,TRUE,FALSE,0.73
45,13,89,58,45,42.34,TRUE,TRUE,0.73
46,13,89,42,46,30.66,TRUE,FALSE,0.73
47,13,89,52,47,37.96,TRUE,TRUE,0.73
48,13,89,72,48,52.56,FALSE,TRUE,0.73
49,13,89,16,49,10.97,FALSE,FALSE,0.685625
50,13,89,6,50,4.08,FALSE,FALSE,0.68
51,13,89,16,51,10.88,FALSE,FALSE,0.68
52,13,89,18,52,12.24,FALSE,FALSE,0.68
53,13,89,18,1,11.34,FALSE,FALSE,0.63
54,13,89,33,2,20.79,FALSE,FALSE,0.63
55,13,89,5,3,3.15,FALSE,FALSE,0.63
56,13,89,5,4,3.15,FALSE,FALSE,0.63
57,13,89,35,5,23.8,FALSE,FALSE,0.68
58,13,89,30,6,20.4,FALSE,FALSE,0.68
59,13,89,12,7,7.56,FALSE,FALSE,0.63
60,13,89,24,8,15.12,FALSE,FALSE,0.63
61,13,89,73,9,48.18,TRUE,FALSE,0.66
62,13,89,57,10,37.62,TRUE,FALSE,0.66
63,13,89,43,11,28.38,TRUE,TRUE,0.66
64,13,89,17,12,11.22,TRUE,TRUE,0.66
65,13,89,20,13,13.6,FALSE,FALSE,0.68
66,13,89,31,14,21.08,FALSE,FALSE,0.68
67,13,89,21,15,14.28,FALSE,FALSE,0.68
68,13,89,10,16,6.8,FALSE,FALSE,0.68
69,13,89,24,17,16.32,FALSE,FALSE,0.68
70,13,89,26,18,17.68,FALSE,FALSE,0.68
71,13,89,37,19,25.16,FALSE,FALSE,0.68
72,13,89,20,20,13.6,FALSE,FALSE,0.68
73,13,89,17,21,11.56,FALSE,FALSE,0.68
74,13,89,25,22,17,FALSE,FALSE,0.68
75,13,89,22,23,14.96,FALSE,FALSE,0.68
76,13,89,38,24,25.84,FALSE,FALSE,0.68
77,13,89,21,25,14.28,FALSE,FALSE,0.68
78,13,89,19,26,12.92,FALSE,FALSE,0.68
79,13,89,34,27,23.12,FALSE,FALSE,0.68
80,13,89,24,28,16.32,FALSE,FALSE,0.68
81,13,89,25,29,17,FALSE,FALSE,0.68
82,13,89,21,30,14.28,FALSE,FALSE,0.68
83,13,89,25,31,17,FALSE,FALSE,0.68
84,13,89,22,32,14.96,FALSE,FALSE,0.68
85,13,89,22,33,14.96,FALSE,FALSE,0.68
86,13,89,18,34,12.24,FALSE,FALSE,0.68
87,13,89,28,35,19.04,FALSE,FALSE,0.68
88,13,89,23,36,14.49,FALSE,FALSE,0.63
89,13,89,26,37,16.38,FALSE,FALSE,0.63
90,13,89,41,38,25.83,FALSE,FALSE,0.63
91,13,89,2,39,1.36,FALSE,FALSE,0.68
92,13,89,17,40,11.56,FALSE,FALSE,0.68
93,13,89,27,41,17.55,FALSE,FALSE,0.65
94,13,89,37,42,24.05,FALSE,FALSE,0.65
95,13,89,121,43,72.6,TRUE,TRUE,0.6
96,13,89,82,44,49.2,TRUE,TRUE,0.6
97,13,89,42,45,25.2,TRUE,FALSE,0.6
98,13,89,41,46,24.6,TRUE,FALSE,0.6
99,13,89,73,47,47.45,FALSE,FALSE,0.65
100,13,89,27,48,17.55,FALSE,FALSE,0.65
101,13,89,18,49,11.7,FALSE,FALSE,0.65
102,13,89,15,50,9.75,FALSE,FALSE,0.65
104,13,89,9,52,5.85,FALSE,FALSE,0.65
105,13,89,5,1,3.25,FALSE,FALSE,0.65
106,13,89,15,2,9.75,FALSE,FALSE,0.65
107,13,89,16,3,10.4,FALSE,FALSE,0.65
108,13,89,15,4,9.75,FALSE,FALSE,0.65
109,13,89,6,5,3.9,FALSE,FALSE,0.65
111,13,89,9,7,5.85,FALSE,FALSE,0.65
112,13,89,14,8,8.82,FALSE,FALSE,0.63
113,13,89,10,9,6.3,FALSE,FALSE,0.63
114,13,89,13,10,8.19,FALSE,FALSE,0.63
115,13,89,13,11,8.19,FALSE,FALSE,0.63
116,13,89,4,12,2.52,FALSE,FALSE,0.63
117,13,89,9,13,5.67,FALSE,FALSE,0.63
118,13,89,7,14,4.41,FALSE,FALSE,0.63
119,13,89,4,15,2.52,FALSE,FALSE,0.63
120,13,89,12,16,7.56,FALSE,FALSE,0.63
122,13,89,13,18,8.19,FALSE,FALSE,0.63
123,13,89,5,19,3.15,FALSE,FALSE,0.63
124,13,89,1,20,0.63,FALSE,FALSE,0.63
125,13,89,7,21,4.41,FALSE,FALSE,0.63
126,13,89,9,22,5.67,FALSE,FALSE,0.63
127,13,89,15,23,9.45,FALSE,FALSE,0.63
129,13,89,11,25,7.48,FALSE,FALSE,0.68
130,13,89,7,26,4.76,FALSE,FALSE,0.68
131,13,89,10,27,6.8,FALSE,FALSE,0.68
132,13,89,14,28,9.52,FALSE,FALSE,0.68
133,13,89,17,29,11.56,FALSE,FALSE,0.68
134,13,89,5,30,3.4,FALSE,FALSE,0.68
135,13,89,13,31,8.84,FALSE,FALSE,0.68
136,13,89,8,32,5.44,FALSE,FALSE,0.68
137,13,89,15,33,10.2,FALSE,FALSE,0.68
138,13,89,17,34,11.56,FALSE,FALSE,0.68
139,13,89,17,35,11.56,FALSE,FALSE,0.68
140,13,89,22,36,14.96,FALSE,FALSE,0.68
141,13,89,29,37,19.14,FALSE,FALSE,0.66
142,13,89,16,38,10.4,FALSE,FALSE,0.65
143,13,89,17,39,11.05,FALSE,FALSE,0.65
144,13,89,17,40,11.05,FALSE,FALSE,0.65
146,13,89,7,42,4.62,FALSE,FALSE,0.66
147,13,89,18,43,11.7,FALSE,FALSE,0.65
148,13,89,39,44,23.4,TRUE,FALSE,0.6
149,13,89,51,45,30.6,TRUE,FALSE,0.6
150,13,89,12,46,7.2,TRUE,FALSE,0.6
151,13,89,22,47,13.2,TRUE,FALSE,0.6
152,13,89,4,48,2.68,FALSE,FALSE,0.67
153,13,89,20,49,13.6,FALSE,FALSE,0.68
154,13,89,11,50,7.48,FALSE,FALSE,0.68
155,13,89,22,51,14.96,FALSE,FALSE,0.68
156,13,89,15,52,10.2,FALSE,FALSE,0.68
157,13,89,23,1,15.64,FALSE,FALSE,0.68
158,13,89,24,2,16.32,FALSE,FALSE,0.68
159,13,89,31,3,21.08,FALSE,FALSE,0.68
160,13,89,33,4,22.44,FALSE,FALSE,0.68
161,13,89,17,5,11.56,FALSE,FALSE,0.68
162,13,89,22,6,14.96,FALSE,FALSE,0.68
163,13,89,23,7,15.64,FALSE,FALSE,0.68
164,13,89,13,8,8.45,FALSE,FALSE,0.65
165,13,89,42,9,26.46,FALSE,FALSE,0.63
166,13,89,53,10,31.8,TRUE,FALSE,0.6
167,13,89,31,11,20.77,FALSE,FALSE,0.67
168,13,89,28,12,19.04,FALSE,FALSE,0.68
169,13,89,44,13,31.68,FALSE,FALSE,0.72
170,13,89,98,14,71.54,FALSE,FALSE,0.73
171,13,89,35,15,25.55,FALSE,FALSE,0.73
172,13,89,31,16,22.63,FALSE,FALSE,0.73
173,13,89,21,17,15.33,FALSE,FALSE,0.73
174,13,89,29,18,20.01,FALSE,FALSE,0.69
175,13,89,17,19,12.41,FALSE,FALSE,0.73
176,13,89,17,20,12.41,FALSE,FALSE,0.73
177,13,89,19,21,13.87,FALSE,FALSE,0.73
178,13,89,13,22,9.49,FALSE,FALSE,0.73
179,13,89,20,23,14.6,FALSE,FALSE,0.73
180,13,89,13,24,8.84,FALSE,FALSE,0.68
181,13,89,14,25,10.22,FALSE,FALSE,0.73
182,13,89,25,26,18.25,FALSE,FALSE,0.73
183,13,89,11,27,8.03,FALSE,FALSE,0.73
184,13,89,15,28,10.95,FALSE,FALSE,0.73
185,13,89,15,29,10.95,FALSE,FALSE,0.73
186,13,89,14,30,10.22,FALSE,FALSE,0.73
187,13,89,29,31,21.17,FALSE,FALSE,0.73
188,13,89,21,32,14.28,FALSE,FALSE,0.68
189,13,89,19,33,13.87,FALSE,FALSE,0.73
190,13,89,27,34,19.71,FALSE,FALSE,0.73
191,13,89,30,35,21.9,FALSE,FALSE,0.73
192,13,89,15,36,10.95,FALSE,FALSE,0.73
193,13,89,25,37,18.25,FALSE,FALSE,0.73
194,13,89,19,38,13.87,FALSE,FALSE,0.73
195,13,89,27,39,19.71,FALSE,FALSE,0.73
196,13,89,18,40,13.14,FALSE,FALSE,0.73
197,13,89,20,41,14.6,FALSE,FALSE,0.73
198,13,89,22,42,16.06,FALSE,FALSE,0.73
199,13,89,32,43,23.36,FALSE,FALSE,0.73
200,13,89,32,44,23.36,FALSE,FALSE,0.73
201,13,89,24,45,16.32,FALSE,FALSE,0.68
202,13,89,21,46,15.33,FALSE,FALSE,0.73
203,13,89,14,47,10.22,FALSE,FALSE,0.73
204,13,89,19,48,13.87,FALSE,FALSE,0.73
205,13,89,14,49,10.22,FALSE,FALSE,0.73
206,13,89,18,50,13.14,FALSE,FALSE,0.73
207,13,89,22,51,16.06,FALSE,FALSE,0.73
208,13,89,15,52,10.2,FALSE,FALSE,0.68
209,13,89,30,1,20.4,FALSE,FALSE,0.68
210,13,89,26,2,17.68,FALSE,FALSE,0.68
211,13,89,21,3,14.28,FALSE,FALSE,0.68
212,13,89,15,4,9.15,FALSE,TRUE,0.61
213,13,89,19,5,11.59,FALSE,TRUE,0.61
214,13,89,8,6,4.88,FALSE,TRUE,0.61
215,13,89,4,7,2.44,FALSE,TRUE,0.61
216,13,89,12,8,7.32,FALSE,TRUE,0.61
217,13,89,20,9,12.2,FALSE,TRUE,0.61
218,13,89,17,10,10.37,FALSE,TRUE,0.61
219,13,89,13,11,7.93,FALSE,TRUE,0.61
220,13,89,11,12,7.48,FALSE,FALSE,0.68
221,13,89,3,13,1.83,FALSE,TRUE,0.61
222,13,89,16,14,9.76,FALSE,TRUE,0.61
223,13,89,11,15,6.71,FALSE,TRUE,0.61
224,13,89,3,16,1.83,FALSE,TRUE,0.61
225,13,89,9,17,5.49,FALSE,TRUE,0.61
226,13,89,21,18,12.81,FALSE,TRUE,0.61
227,13,89,17,19,10.37,FALSE,TRUE,0.61
228,13,89,18,20,10.98,FALSE,TRUE,0.61
229,13,89,10,21,6.8,FALSE,FALSE,0.68
230,13,89,18,22,12.24,FALSE,FALSE,0.68
231,13,89,15,23,9.15,FALSE,TRUE,0.61
232,13,89,11,24,6.71,FALSE,TRUE,0.61
233,13,89,10,25,6.1,FALSE,TRUE,0.61
234,13,89,11,26,7.48,FALSE,FALSE,0.68
235,13,89,12,27,8.76,FALSE,FALSE,0.73
236,13,89,9,28,6.57,FALSE,FALSE,0.73
237,13,89,8,29,5.84,FALSE,FALSE,0.73
238,13,89,15,30,10.95,FALSE,FALSE,0.73
239,13,89,7,31,5.11,FALSE,FALSE,0.73
240,13,89,17,32,12.41,FALSE,FALSE,0.73
241,13,89,21,33,15.33,FALSE,FALSE,0.73
242,13,89,15,34,10.95,FALSE,FALSE,0.73
243,13,89,13,35,9.49,FALSE,FALSE,0.73
244,13,89,3,36,2.19,FALSE,FALSE,0.73
245,13,89,17,37,12.41,FALSE,FALSE,0.73
246,13,89,7,38,5.11,FALSE,FALSE,0.73
247,13,89,19,39,13.87,FALSE,FALSE,0.73
248,13,89,9,40,6.57,FALSE,FALSE,0.73
249,13,89,9,41,6.57,FALSE,FALSE,0.73
250,13,89,13,42,10.79,FALSE,FALSE,0.83
251,13,89,7,43,5.81,FALSE,FALSE,0.83
252,13,89,19,44,15.77,FALSE,FALSE,0.83
253,13,89,23,45,19.09,FALSE,FALSE,0.83
254,13,89,2,46,1.66,FALSE,FALSE,0.83
255,13,89,2,47,1.66,FALSE,FALSE,0.83
256,13,89,19,48,11.78,TRUE,FALSE,0.62
257,13,89,7,49,5.81,FALSE,FALSE,0.83
258,13,89,5,50,4.15,FALSE,FALSE,0.83
259,13,89,8,51,6.64,FALSE,FALSE,0.83
260,13,89,7,52,5.81,FALSE,FALSE,0.83
261,13,89,16,1,13.28,FALSE,FALSE,0.83
262,13,89,8,2,4.96,TRUE,FALSE,0.62
263,13,89,5,3,4.15,FALSE,FALSE,0.83
264,13,89,8,4,6.64,FALSE,FALSE,0.83
265,13,89,10,5,8.3,FALSE,FALSE,0.83
266,13,89,1,6,0.83,FALSE,FALSE,0.83
267,13,89,9,7,7.47,FALSE,FALSE,0.83
268,13,89,4,8,3.32,FALSE,FALSE,0.83
269,13,89,4,9,3.32,FALSE,FALSE,0.83
270,13,89,8,10,6.64,FALSE,FALSE,0.83
271,13,89,20,11,16.6,FALSE,FALSE,0.83
272,13,89,10,12,8.3,FALSE,FALSE,0.83
273,13,89,5,13,4.15,FALSE,FALSE,0.83
274,13,89,9,14,7.47,FALSE,FALSE,0.83
275,13,89,7,15,5.81,FALSE,FALSE,0.83
276,13,89,5,16,3.1,TRUE,FALSE,0.62
277,13,89,12,17,9.96,FALSE,FALSE,0.83
278,13,89,10,18,8.3,FALSE,FALSE,0.83
279,13,89,16,19,13.28,FALSE,FALSE,0.83
280,13,89,6,20,4.98,FALSE,FALSE,0.83
281,13,89,6,21,4.98,FALSE,FALSE,0.83
282,13,89,11,22,9.13,FALSE,FALSE,0.83
283,13,89,1,23,0.83,FALSE,FALSE,0.83
284,13,89,8,24,6.64,FALSE,FALSE,0.83
285,13,89,4,25,3.32,FALSE,FALSE,0.83
286,13,89,7,26,5.81,FALSE,FALSE,0.83
287,13,89,4,27,3.32,FALSE,FALSE,0.83
288,13,89,11,28,9.13,FALSE,FALSE,0.83
289,13,89,6,29,4.98,FALSE,FALSE,0.83
290,13,89,6,30,4.98,FALSE,FALSE,0.83
291,13,89,8,31,6.64,FALSE,FALSE,0.83
292,13,89,10,32,8.3,FALSE,FALSE,0.83
293,13,89,17,33,14.11,FALSE,FALSE,0.83
294,13,89,3,34,2.49,FALSE,FALSE,0.83
295,13,89,13,35,10.79,FALSE,FALSE,0.83
296,13,89,7,36,5.81,FALSE,FALSE,0.83
297,13,89,9,37,7.47,FALSE,FALSE,0.83
298,13,89,12,38,9.96,FALSE,FALSE,0.83
299,13,89,8,39,6.64,FALSE,FALSE,0.83
300,13,89,15,40,12.45,FALSE,FALSE,0.83
301,13,89,12,41,9.96,FALSE,FALSE,0.83
302,13,89,3,42,2.49,FALSE,FALSE,0.83
303,13,89,14,43,11.62,FALSE,FALSE,0.83
304,13,89,5,44,4.15,FALSE,FALSE,0.83
305,13,89,5,45,4.15,FALSE,FALSE,0.83
306,13,89,18,46,14.94,FALSE,FALSE,0.83
307,13,89,4,47,3.32,FALSE,FALSE,0.83
308,13,89,15,48,12.45,FALSE,FALSE,0.83
309,13,89,9,49,7.47,FALSE,FALSE,0.83
310,13,89,4,50,3.32,FALSE,FALSE,0.83
311,13,89,3,51,2.49,FALSE,FALSE,0.83
312,13,89,8,52,4.96,TRUE,FALSE,0.62
