Soup Pricing/Soup Pricing Case Data.csv
"overallWeekNum","storeNum","productNum","units","weekInYearNum","totalRevenue","isFeature","isDisplay","pricePerCan"
2,2,89,4,2,3.16,FALSE,FALSE,0.79
3,2,89,2,3,1.58,FALSE,FALSE,0.79
4,2,89,2,4,1.7,FALSE,FALSE,0.85
5,2,89,4,5,3.4,FALSE,FALSE,0.85
6,2,89,3,6,2.45,FALSE,FALSE,0.816666666666667
7,2,89,1,7,0.75,FALSE,FALSE,0.75
8,2,89,2,8,1.7,FALSE,FALSE,0.85
9,2,89,3,9,2.45,FALSE,FALSE,0.816666666666667
11,2,89,6,11,4.9,FALSE,FALSE,0.816666666666667
12,2,89,2,12,1.5,FALSE,FALSE,0.75
13,2,89,7,13,4.66,TRUE,FALSE,0.665714285714286
14,2,89,2,14,1.5,FALSE,FALSE,0.75
15,2,89,2,15,1.5,FALSE,FALSE,0.75
16,2,89,1,16,0.75,FALSE,FALSE,0.75
17,2,89,1,17,0.75,FALSE,FALSE,0.75
18,2,89,4,18,3.4,FALSE,FALSE,0.85
19,2,89,1,19,0.75,FALSE,FALSE,0.75
20,2,89,1,20,0.75,FALSE,FALSE,0.75
21,2,89,3,21,2.45,FALSE,FALSE,0.816666666666667
22,2,89,1,22,0.75,FALSE,FALSE,0.75
23,2,89,1,23,0.75,FALSE,FALSE,0.75
24,2,89,2,24,1.5,FALSE,FALSE,0.75
25,2,89,1,25,0.85,FALSE,FALSE,0.85
28,2,89,2,28,1.38,FALSE,FALSE,0.69
29,2,89,2,29,1.38,FALSE,FALSE,0.69
30,2,89,2,30,1.38,FALSE,FALSE,0.69
31,2,89,3,31,2.17,FALSE,FALSE,0.723333333333333
32,2,89,1,32,0.69,FALSE,FALSE,0.69
33,2,89,2,33,1.58,FALSE,FALSE,0.79
38,2,89,2,38,1.66,FALSE,FALSE,0.83
39,2,89,1,39,0.83,FALSE,FALSE,0.83
40,2,89,1,40,0.83,FALSE,FALSE,0.83
41,2,89,3,41,2.61,FALSE,FALSE,0.87
42,2,89,1,42,0.89,FALSE,FALSE,0.89
43,2,89,2,43,1.78,FALSE,FALSE,0.89
44,2,89,8,44,4.72,TRUE,FALSE,0.59
45,2,89,3,45,2.61,FALSE,FALSE,0.87
46,2,89,1,46,0.89,FALSE,FALSE,0.89
48,2,89,5,48,4.21,FALSE,FALSE,0.842
49,2,89,14,49,9.25,FALSE,TRUE,0.660714285714286
50,2,89,4,50,2.65,FALSE,TRUE,0.6625
51,2,89,1,51,0.67,FALSE,FALSE,0.67
52,2,89,8,52,6.2,FALSE,FALSE,0.775
53,2,89,3,1,2.67,FALSE,FALSE,0.89
54,2,89,4,2,3.33,FALSE,FALSE,0.8325
55,2,89,4,3,2.64,FALSE,FALSE,0.66
56,2,89,2,4,1.32,FALSE,FALSE,0.66
58,2,89,1,6,0.66,FALSE,FALSE,0.66
59,2,89,6,7,3.96,FALSE,FALSE,0.66
60,2,89,12,8,7.92,FALSE,FALSE,0.66
61,2,89,2,9,1.32,FALSE,FALSE,0.66
63,2,89,7,11,4.13,FALSE,FALSE,0.59
64,2,89,12,12,7.08,TRUE,FALSE,0.59
65,2,89,10,13,5.9,FALSE,FALSE,0.59
66,2,89,5,14,2.95,FALSE,FALSE,0.59
67,2,89,20,15,11.8,FALSE,TRUE,0.59
68,2,89,2,16,1.48,FALSE,TRUE,0.74
69,2,89,6,17,4.98,FALSE,TRUE,0.83
70,2,89,2,18,1.66,FALSE,FALSE,0.83
72,2,89,2,20,1.66,FALSE,FALSE,0.83
73,2,89,3,21,2.61,FALSE,FALSE,0.87
74,2,89,1,22,0.89,FALSE,FALSE,0.89
76,2,89,3,24,2.67,FALSE,FALSE,0.89
82,2,89,3,30,2.55,FALSE,FALSE,0.85
83,2,89,1,31,0.83,FALSE,FALSE,0.83
84,2,89,1,32,0.89,FALSE,FALSE,0.89
85,2,89,3,33,2.21,FALSE,FALSE,0.736666666666667
86,2,89,12,34,8.37,FALSE,FALSE,0.6975
87,2,89,1,35,0.84,FALSE,FALSE,0.84
88,2,89,6,36,3.54,TRUE,FALSE,0.59
89,2,89,15,37,9.9,TRUE,TRUE,0.66
90,2,89,9,38,5.94,FALSE,TRUE,0.66
91,2,89,2,39,1.32,FALSE,TRUE,0.66
92,2,89,12,40,8.61,FALSE,TRUE,0.7175
94,2,89,1,42,0.89,FALSE,FALSE,0.89
95,2,89,1,43,0.83,FALSE,TRUE,0.83
96,2,89,2,44,1.2,FALSE,FALSE,0.6
97,2,89,8,45,5.95,TRUE,FALSE,0.74375
100,2,89,3,48,2.61,FALSE,FALSE,0.87
101,2,89,5,49,4.27,FALSE,FALSE,0.854
102,2,89,3,50,2.49,FALSE,FALSE,0.83
103,2,89,3,51,2.61,FALSE,FALSE,0.87
104,2,89,3,52,2.61,FALSE,FALSE,0.87
105,2,89,1,1,0.89,FALSE,FALSE,0.89
112,2,89,2,8,1.66,FALSE,FALSE,0.83
114,2,89,2,10,1.78,FALSE,FALSE,0.89
117,2,89,7,13,4.2,TRUE,FALSE,0.6
118,2,89,4,14,3.32,FALSE,FALSE,0.83
121,2,89,9,17,7.47,FALSE,FALSE,0.83
122,2,89,1,18,0.83,FALSE,FALSE,0.83
123,2,89,1,19,0.83,FALSE,FALSE,0.83
124,2,89,1,20,0.83,FALSE,FALSE,0.83
127,2,89,2,23,1.78,FALSE,FALSE,0.89
128,2,89,4,24,3.56,FALSE,FALSE,0.89
129,2,89,4,25,3.32,FALSE,FALSE,0.83
130,2,89,1,26,0.89,FALSE,FALSE,0.89
131,2,89,1,27,0.83,FALSE,FALSE,0.83
133,2,89,2,29,1.78,FALSE,FALSE,0.89
134,2,89,1,30,0.83,FALSE,FALSE,0.83
137,2,89,2,33,1.72,FALSE,FALSE,0.86
138,2,89,2,34,1.72,FALSE,FALSE,0.86
140,2,89,1,36,0.83,FALSE,FALSE,0.83
141,2,89,4,37,3.44,FALSE,FALSE,0.86
142,2,89,2,38,1.72,FALSE,FALSE,0.86
143,2,89,1,39,0.83,FALSE,FALSE,0.83
149,2,89,4,45,2.4,TRUE,FALSE,0.6
151,2,89,1,47,0.87,FALSE,FALSE,0.87
153,2,89,1,49,0.87,FALSE,FALSE,0.87
154,2,89,7,50,5.85,FALSE,FALSE,0.835714285714286
155,2,89,3,51,2.43,FALSE,FALSE,0.81
158,2,89,2,2,1.62,FALSE,FALSE,0.81
159,2,89,2,3,1.74,FALSE,FALSE,0.87
162,2,89,6,6,4.86,FALSE,FALSE,0.81
165,2,89,2,9,1.62,FALSE,FALSE,0.81
166,2,89,1,10,0.81,FALSE,FALSE,0.81
168,2,89,5,12,3,TRUE,FALSE,0.6
169,2,89,7,13,4.2,TRUE,FALSE,0.6
170,2,89,3,14,2.46,FALSE,FALSE,0.82
172,2,89,2,16,1.72,FALSE,FALSE,0.86
174,2,89,2,18,1.74,FALSE,FALSE,0.87
176,2,89,5,20,4.17,FALSE,FALSE,0.834
177,2,89,2,21,1.62,FALSE,FALSE,0.81
178,2,89,5,22,4.05,FALSE,FALSE,0.81
179,2,89,3,23,2.43,FALSE,FALSE,0.81
181,2,89,2,25,1.74,FALSE,FALSE,0.87
182,2,89,2,26,1.62,FALSE,FALSE,0.81
184,2,89,1,28,0.81,FALSE,FALSE,0.81
187,2,89,3,31,2.61,FALSE,FALSE,0.87
192,2,89,1,36,0.82,FALSE,FALSE,0.82
195,2,89,1,39,0.88,FALSE,FALSE,0.88
196,2,89,4,40,3.28,FALSE,FALSE,0.82
197,2,89,2,41,1.64,FALSE,FALSE,0.82
198,2,89,2,42,1.64,FALSE,FALSE,0.82
200,2,89,12,44,10.07,FALSE,TRUE,0.839166666666667
201,2,89,34,45,27.26,FALSE,TRUE,0.801764705882353
202,2,89,9,46,7.02,FALSE,TRUE,0.78
203,2,89,7,47,5.39,FALSE,TRUE,0.77
204,2,89,5,48,3.8,FALSE,TRUE,0.76
205,2,89,11,49,8.47,FALSE,FALSE,0.77
206,2,89,1,50,0.75,FALSE,FALSE,0.75
208,2,89,1,52,0.88,FALSE,FALSE,0.88
209,2,89,3,1,2.51,FALSE,FALSE,0.836666666666667
210,2,89,4,2,3.13,FALSE,FALSE,0.7825
211,2,89,1,3,0.75,FALSE,FALSE,0.75
212,2,89,1,4,0.76,FALSE,FALSE,0.76
213,2,89,2,5,1.52,FALSE,FALSE,0.76
214,2,89,7,6,5.32,FALSE,FALSE,0.76
215,2,89,3,7,2.28,FALSE,FALSE,0.76
218,2,89,3,10,2.28,FALSE,FALSE,0.76
220,2,89,3,12,2.28,FALSE,FALSE,0.76
221,2,89,1,13,0.76,FALSE,FALSE,0.76
223,2,89,1,15,0.76,FALSE,FALSE,0.76
224,2,89,1,16,0.76,FALSE,FALSE,0.76
227,2,89,2,19,1.52,FALSE,FALSE,0.76
228,2,89,1,20,0.76,FALSE,FALSE,0.76
229,2,89,1,21,0.76,FALSE,FALSE,0.76
235,2,89,4,27,3.41,FALSE,FALSE,0.8525
238,2,89,1,30,0.88,FALSE,FALSE,0.88
241,2,89,2,33,1.54,FALSE,FALSE,0.77
243,2,89,2,35,1.76,TRUE,FALSE,0.88
244,2,89,1,36,0.88,FALSE,FALSE,0.88
247,2,89,2,39,1.65,FALSE,FALSE,0.825
250,2,89,1,42,0.77,FALSE,FALSE,0.77
251,2,89,5,43,3.85,FALSE,FALSE,0.77
252,2,89,4,44,3.3,FALSE,FALSE,0.825
253,2,89,3,45,2.31,FALSE,FALSE,0.77
255,2,89,1,47,0.78,FALSE,FALSE,0.78
259,2,89,2,51,1.56,FALSE,FALSE,0.78
260,2,89,2,52,1.78,FALSE,FALSE,0.89
263,2,89,3,3,2.45,FALSE,FALSE,0.816666666666667
265,2,89,5,5,3.9,FALSE,FALSE,0.78
267,2,89,2,7,1.78,FALSE,FALSE,0.89
270,2,89,1,10,0.89,FALSE,FALSE,0.89
271,2,89,2,11,1.56,FALSE,FALSE,0.78
272,2,89,3,12,2.34,FALSE,FALSE,0.78
273,2,89,1,13,0.78,FALSE,FALSE,0.78
277,2,89,3,17,2.37,FALSE,FALSE,0.79
279,2,89,1,19,0.89,FALSE,FALSE,0.89
285,2,89,1,25,0.79,FALSE,FALSE,0.79
288,2,89,2,28,1.58,FALSE,FALSE,0.79
289,2,89,3,29,2.37,FALSE,FALSE,0.79
291,2,89,2,31,1.58,FALSE,FALSE,0.79
294,2,89,1,34,0.9,FALSE,FALSE,0.9
295,2,89,2,35,1.58,TRUE,TRUE,0.79
296,2,89,17,36,13.35,TRUE,TRUE,0.785294117647059
297,2,89,4,37,3.04,FALSE,TRUE,0.76
298,2,89,14,38,10.65,FALSE,TRUE,0.760714285714286
299,2,89,8,39,6,FALSE,TRUE,0.75
300,2,89,27,40,19.98,FALSE,TRUE,0.74
301,2,89,6,41,4.44,FALSE,FALSE,0.74
302,2,89,1,42,0.9,FALSE,FALSE,0.9
304,2,89,5,44,3,TRUE,FALSE,0.6
305,2,89,4,45,2.4,TRUE,TRUE,0.6
306,2,89,3,46,2.22,FALSE,TRUE,0.74
307,2,89,4,47,2.96,FALSE,TRUE,0.74
308,2,89,1,48,0.74,FALSE,TRUE,0.74
309,2,89,8,49,5.92,FALSE,TRUE,0.74
310,2,89,2,50,1.48,FALSE,TRUE,0.74
311,2,89,4,51,3.12,FALSE,TRUE,0.78
312,2,89,1,52,0.74,FALSE,TRUE,0.74
2,6,89,2,2,1.68,FALSE,FALSE,0.84
3,6,89,2,3,1.68,FALSE,FALSE,0.84
4,6,89,2,4,1.86,FALSE,FALSE,0.93
6,6,89,5,6,4.65,FALSE,FALSE,0.93
7,6,89,1,7,0.75,FALSE,FALSE,0.75
8,6,89,2,8,1.68,FALSE,FALSE,0.84
9,6,89,11,9,6.6,TRUE,FALSE,0.6
10,6,89,6,10,5.4,FALSE,FALSE,0.9
11,6,89,2,11,1.86,FALSE,FALSE,0.93
12,6,89,1,12,0.93,FALSE,FALSE,0.93
13,6,89,10,13,7.65,FALSE,FALSE,0.765
15,6,89,6,15,5.58,FALSE,FALSE,0.93
16,6,89,2,16,1.86,FALSE,FALSE,0.93
18,6,89,3,18,1.98,FALSE,TRUE,0.66
19,6,89,2,19,1.86,FALSE,FALSE,0.93
21,6,89,1,21,0.93,FALSE,FALSE,0.93
22,6,89,3,22,2.01,FALSE,FALSE,0.67
23,6,89,7,23,4.95,FALSE,FALSE,0.707142857142857
25,6,89,1,25,0.67,FALSE,FALSE,0.67
27,6,89,2,27,1.68,FALSE,FALSE,0.84
28,6,89,1,28,0.93,FALSE,FALSE,0.93
29,6,89,2,29,1.86,FALSE,FALSE,0.93
30,6,89,1,30,0.75,FALSE,FALSE,0.75
31,6,89,5,31,3.93,FALSE,FALSE,0.786
32,6,89,1,32,0.75,FALSE,FALSE,0.75
33,6,89,2,33,1.5,FALSE,FALSE,0.75
35,6,89,3,35,2.25,FALSE,FALSE,0.75
36,6,89,3,36,2.25,FALSE,FALSE,0.75
37,6,89,2,37,1.86,FALSE,FALSE,0.93
38,6,89,11,38,6.5,FALSE,FALSE,0.590909090909091
39,6,89,31,39,15.93,TRUE,TRUE,0.513870967741936
40,6,89,2,40,1.5,FALSE,FALSE,0.75
42,6,89,1,42,0.75,FALSE,FALSE,0.75
43,6,89,2,43,1.5,FALSE,FALSE,0.75
44,6,89,13,44,9.75,FALSE,FALSE,0.75
45,6,89,1,45,0.93,FALSE,FALSE,0.93
46,6,89,2,46,1.86,FALSE,FALSE,0.93
47,6,89,3,47,2.79,FALSE,FALSE,0.93
48,6,89,26,48,13.86,TRUE,TRUE,0.533076923076923
49,6,89,1,49,0.93,FALSE,FALSE,0.93
50,6,89,2,50,1.68,FALSE,FALSE,0.84
51,6,89,4,51,3.36,FALSE,FALSE,0.84
52,6,89,8,52,6.9,FALSE,FALSE,0.8625
54,6,89,7,2,3.87,FALSE,FALSE,0.552857142857143
55,6,89,13,3,6.5,TRUE,TRUE,0.5
56,6,89,1,4,0.75,FALSE,FALSE,0.75
57,6,89,3,5,2.25,FALSE,FALSE,0.75
