Soup Pricing/Soup Pricing Case Data.csv
"overallWeekNum","storeNum","productNum","units","weekInYearNum","totalRevenue","isFeature","isDisplay","pricePerCan"
3,5,89,82,3,68.06,TRUE,FALSE,0.83
4,5,89,27,4,22.41,TRUE,FALSE,0.83
5,5,89,3,5,2.19,FALSE,FALSE,0.73
6,5,89,12,6,8.76,FALSE,FALSE,0.73
7,5,89,22,7,16.06,TRUE,FALSE,0.73
9,5,89,29,9,21.17,FALSE,FALSE,0.73
10,5,89,9,10,6.57,FALSE,FALSE,0.73
12,5,89,7,12,5.11,FALSE,FALSE,0.73
13,5,89,7,13,5.11,FALSE,FALSE,0.73
14,5,89,12,14,8.76,FALSE,FALSE,0.73
15,5,89,30,15,20.7,TRUE,FALSE,0.69
16,5,89,2,16,1.38,TRUE,FALSE,0.69
17,5,89,8,17,5.84,FALSE,FALSE,0.73
18,5,89,19,18,13.87,FALSE,FALSE,0.73
19,5,89,18,19,13.14,FALSE,FALSE,0.73
20,5,89,2,20,1.46,FALSE,FALSE,0.73
21,5,89,10,21,7.3,FALSE,FALSE,0.73
22,5,89,5,22,3.65,FALSE,FALSE,0.73
23,5,89,19,23,13.87,FALSE,FALSE,0.73
24,5,89,12,24,8.76,FALSE,FALSE,0.73
26,5,89,5,26,3.45,FALSE,FALSE,0.69
27,5,89,4,27,2.76,FALSE,FALSE,0.69
28,5,89,8,28,5.52,FALSE,FALSE,0.69
29,5,89,9,29,6.23,FALSE,FALSE,0.692222222222222
30,5,89,8,30,5.68,FALSE,FALSE,0.71
31,5,89,8,31,5.68,FALSE,FALSE,0.71
32,5,89,22,32,15.62,FALSE,FALSE,0.71
33,5,89,25,33,17.75,FALSE,FALSE,0.71
34,5,89,10,34,7.1,FALSE,FALSE,0.71
35,5,89,12,35,9.36,FALSE,FALSE,0.78
36,5,89,21,36,16.38,FALSE,FALSE,0.78
37,5,89,15,37,11.7,FALSE,FALSE,0.78
38,5,89,4,38,3.12,FALSE,FALSE,0.78
39,5,89,49,39,38.22,TRUE,FALSE,0.78
40,5,89,31,40,24.18,FALSE,FALSE,0.78
41,5,89,16,41,12.48,FALSE,FALSE,0.78
42,5,89,15,42,11.7,FALSE,FALSE,0.78
43,5,89,11,43,7.86,TRUE,FALSE,0.714545454545455
44,5,89,4,44,2.76,FALSE,FALSE,0.69
45,5,89,16,45,11.76,FALSE,FALSE,0.735
46,5,89,14,46,10.92,FALSE,FALSE,0.78
47,5,89,13,47,10.14,FALSE,FALSE,0.78
48,5,89,7,48,5.46,FALSE,FALSE,0.78
49,5,89,12,49,9.36,FALSE,FALSE,0.78
50,5,89,20,50,15.6,TRUE,FALSE,0.78
51,5,89,41,51,31.98,TRUE,FALSE,0.78
52,5,89,31,52,24.18,FALSE,TRUE,0.78
53,5,89,18,1,14.04,FALSE,FALSE,0.78
54,5,89,38,2,22.8,TRUE,FALSE,0.6
55,5,89,31,3,24.18,FALSE,TRUE,0.78
56,5,89,15,4,11.7,FALSE,TRUE,0.78
57,5,89,6,5,4.68,FALSE,FALSE,0.78
58,5,89,14,6,10.92,FALSE,FALSE,0.78
59,5,89,19,7,14.82,FALSE,FALSE,0.78
60,5,89,12,8,9.36,FALSE,FALSE,0.78
61,5,89,13,9,10.14,FALSE,FALSE,0.78
62,5,89,18,10,12.24,TRUE,FALSE,0.68
63,5,89,17,11,13.26,FALSE,FALSE,0.78
64,5,89,20,12,15.6,FALSE,FALSE,0.78
65,5,89,18,13,14.04,FALSE,FALSE,0.78
66,5,89,8,14,6.24,FALSE,FALSE,0.78
67,5,89,5,15,3.9,FALSE,FALSE,0.78
68,5,89,7,16,5.46,FALSE,FALSE,0.78
70,5,89,16,18,10.88,TRUE,FALSE,0.68
71,5,89,16,19,12.48,FALSE,FALSE,0.78
72,5,89,16,20,12.48,FALSE,FALSE,0.78
73,5,89,2,21,1.56,FALSE,FALSE,0.78
74,5,89,17,22,13.26,FALSE,FALSE,0.78
75,5,89,5,23,3.9,FALSE,FALSE,0.78
76,5,89,13,24,10.14,FALSE,FALSE,0.78
77,5,89,21,25,16.38,FALSE,FALSE,0.78
78,5,89,2,26,1.56,FALSE,FALSE,0.78
79,5,89,12,27,9.36,FALSE,FALSE,0.78
80,5,89,8,28,6.24,FALSE,FALSE,0.78
81,5,89,13,29,10.14,FALSE,FALSE,0.78
82,5,89,6,30,4.68,FALSE,FALSE,0.78
83,5,89,11,31,8.58,FALSE,FALSE,0.78
84,5,89,22,32,14.96,TRUE,FALSE,0.68
85,5,89,14,33,10.92,FALSE,FALSE,0.78
86,5,89,23,34,17.94,FALSE,FALSE,0.78
87,5,89,27,35,21.06,FALSE,FALSE,0.78
88,5,89,13,36,10.14,FALSE,FALSE,0.78
89,5,89,16,37,12.48,FALSE,FALSE,0.78
90,5,89,9,38,7.02,FALSE,FALSE,0.78
91,5,89,26,39,20.28,FALSE,FALSE,0.78
92,5,89,24,40,18.72,FALSE,FALSE,0.78
93,5,89,26,41,13,TRUE,FALSE,0.5
94,5,89,34,42,26.52,FALSE,FALSE,0.78
95,5,89,19,43,14.82,FALSE,FALSE,0.78
96,5,89,21,44,16.38,FALSE,FALSE,0.78
97,5,89,26,45,13,TRUE,FALSE,0.5
98,5,89,36,46,28.08,FALSE,FALSE,0.78
99,5,89,31,47,24.18,FALSE,FALSE,0.78
100,5,89,13,48,10.14,FALSE,FALSE,0.78
101,5,89,8,49,6.24,FALSE,FALSE,0.78
102,5,89,44,50,22,TRUE,FALSE,0.5
103,5,89,28,51,21.84,FALSE,FALSE,0.78
104,5,89,32,52,24.96,FALSE,FALSE,0.78
105,5,89,14,1,10.92,FALSE,FALSE,0.78
106,5,89,31,2,18.6,TRUE,FALSE,0.6
107,5,89,27,3,21.06,FALSE,FALSE,0.78
108,5,89,7,4,5.11,FALSE,FALSE,0.73
109,5,89,10,5,7.3,FALSE,FALSE,0.73
110,5,89,8,6,5.84,FALSE,FALSE,0.73
111,5,89,7,7,5.11,FALSE,FALSE,0.73
112,5,89,10,8,6.8,TRUE,FALSE,0.68
113,5,89,28,9,20.44,FALSE,FALSE,0.73
114,5,89,13,10,9.49,FALSE,FALSE,0.73
115,5,89,19,11,12.92,TRUE,FALSE,0.68
116,5,89,16,12,12.48,FALSE,FALSE,0.78
117,5,89,8,13,5.84,FALSE,FALSE,0.73
118,5,89,6,14,4.14,TRUE,FALSE,0.69
121,5,89,3,17,2.34,FALSE,FALSE,0.78
122,5,89,11,18,7.59,TRUE,FALSE,0.69
123,5,89,23,19,16.79,FALSE,FALSE,0.73
124,5,89,5,20,3.65,FALSE,FALSE,0.73
125,5,89,13,21,9.49,FALSE,FALSE,0.73
126,5,89,9,22,6.57,FALSE,FALSE,0.73
127,5,89,1,23,0.73,FALSE,FALSE,0.73
128,5,89,9,24,6.21,TRUE,FALSE,0.69
129,5,89,22,25,16.06,FALSE,FALSE,0.73
130,5,89,6,26,4.38,FALSE,FALSE,0.73
132,5,89,13,28,7.8,TRUE,FALSE,0.6
133,5,89,1,29,0.81,FALSE,FALSE,0.81
134,5,89,7,30,5.67,FALSE,FALSE,0.81
135,5,89,5,31,4.05,FALSE,FALSE,0.81
136,5,89,7,32,5.81,FALSE,FALSE,0.83
137,5,89,4,33,3.32,FALSE,FALSE,0.83
138,5,89,11,34,9.13,FALSE,FALSE,0.83
139,5,89,4,35,2.76,TRUE,FALSE,0.69
140,5,89,16,36,13.28,FALSE,FALSE,0.83
141,5,89,7,37,5.81,FALSE,FALSE,0.83
142,5,89,4,38,3.32,FALSE,FALSE,0.83
143,5,89,6,39,4.98,FALSE,FALSE,0.83
144,5,89,5,40,4.15,FALSE,FALSE,0.83
145,5,89,5,41,4.15,FALSE,FALSE,0.83
146,5,89,2,42,1.66,FALSE,FALSE,0.83
147,5,89,26,43,13,TRUE,FALSE,0.5
148,5,89,26,44,21.58,FALSE,FALSE,0.83
149,5,89,9,45,7.65,FALSE,FALSE,0.85
150,5,89,10,46,8.5,FALSE,FALSE,0.85
151,5,89,11,47,9.35,FALSE,FALSE,0.85
152,5,89,29,48,14.5,TRUE,FALSE,0.5
153,5,89,12,49,10.2,FALSE,FALSE,0.85
154,5,89,4,50,3.4,FALSE,TRUE,0.85
155,5,89,13,51,11.05,FALSE,FALSE,0.85
156,5,89,10,52,8.5,FALSE,FALSE,0.85
157,5,89,5,1,4.25,FALSE,FALSE,0.85
158,5,89,47,2,23.5,TRUE,FALSE,0.5
159,5,89,22,3,18.7,FALSE,FALSE,0.85
160,5,89,2,4,1.7,FALSE,FALSE,0.85
161,5,89,6,5,5.1,FALSE,FALSE,0.85
163,5,89,11,7,9.35,FALSE,FALSE,0.85
164,5,89,4,8,3.4,FALSE,FALSE,0.85
165,5,89,6,9,5.1,FALSE,FALSE,0.85
166,5,89,11,10,7.37,TRUE,FALSE,0.67
167,5,89,16,11,13.6,FALSE,FALSE,0.85
168,5,89,1,12,0.85,FALSE,FALSE,0.85
169,5,89,10,13,8.5,FALSE,FALSE,0.85
170,5,89,5,14,4.25,FALSE,FALSE,0.85
171,5,89,1,15,0.85,FALSE,FALSE,0.85
172,5,89,6,16,4.02,TRUE,FALSE,0.67
173,5,89,13,17,11.05,FALSE,FALSE,0.85
174,5,89,5,18,4.25,FALSE,FALSE,0.85
175,5,89,1,19,0.85,FALSE,FALSE,0.85
176,5,89,7,20,5.95,FALSE,FALSE,0.85
177,5,89,3,21,2.25,TRUE,FALSE,0.75
178,5,89,10,22,8.5,FALSE,FALSE,0.85
179,5,89,3,23,2.55,FALSE,FALSE,0.85
180,5,89,2,24,1.7,FALSE,FALSE,0.85
181,5,89,5,25,4.25,FALSE,FALSE,0.85
182,5,89,5,26,4.25,FALSE,FALSE,0.85
183,5,89,11,27,9.35,FALSE,FALSE,0.85
184,5,89,6,28,4.5,TRUE,FALSE,0.75
186,5,89,3,30,2.55,FALSE,FALSE,0.85
187,5,89,4,31,3.4,FALSE,FALSE,0.85
188,5,89,1,32,0.85,FALSE,FALSE,0.85
189,5,89,2,33,1.7,FALSE,FALSE,0.85
190,5,89,1,34,0.6,TRUE,FALSE,0.6
191,5,89,2,35,1.7,FALSE,FALSE,0.85
192,5,89,5,36,4.25,FALSE,FALSE,0.85
193,5,89,9,37,7.65,FALSE,FALSE,0.85
194,5,89,4,38,3.4,FALSE,FALSE,0.85
195,5,89,2,39,1.5,TRUE,FALSE,0.75
196,5,89,6,40,5.1,FALSE,FALSE,0.85
197,5,89,1,41,0.85,FALSE,FALSE,0.85
198,5,89,1,42,0.85,FALSE,FALSE,0.85
199,5,89,7,43,3.5,TRUE,FALSE,0.5
200,5,89,24,44,20.4,FALSE,FALSE,0.85
201,5,89,10,45,8.5,FALSE,FALSE,0.85
202,5,89,7,46,5.95,FALSE,FALSE,0.85
203,5,89,1,47,0.85,FALSE,FALSE,0.85
204,5,89,7,48,5.95,FALSE,FALSE,0.85
205,5,89,4,49,3.4,FALSE,FALSE,0.85
206,5,89,5,50,4.25,FALSE,FALSE,0.85
207,5,89,6,51,5.1,FALSE,FALSE,0.85
208,5,89,6,52,5.58,FALSE,FALSE,0.93
211,5,89,7,3,6.51,FALSE,FALSE,0.93
212,5,89,2,4,1.86,FALSE,FALSE,0.93
213,5,89,14,5,13.02,FALSE,FALSE,0.93
214,5,89,4,6,3.72,FALSE,FALSE,0.93
215,5,89,14,7,7,TRUE,FALSE,0.5
216,5,89,8,8,7.44,FALSE,FALSE,0.93
217,5,89,10,9,9.3,FALSE,FALSE,0.93
218,5,89,9,10,8.37,FALSE,FALSE,0.93
219,5,89,1,11,0.75,TRUE,FALSE,0.75
220,5,89,14,12,10.5,TRUE,FALSE,0.75
221,5,89,4,13,3.64,FALSE,FALSE,0.91
222,5,89,2,14,1.82,FALSE,FALSE,0.91
223,5,89,7,15,5.25,TRUE,FALSE,0.75
224,5,89,6,16,5.46,FALSE,TRUE,0.91
225,5,89,3,17,2.73,FALSE,TRUE,0.91
227,5,89,7,19,6.37,FALSE,TRUE,0.91
228,5,89,6,20,5.46,FALSE,TRUE,0.91
229,5,89,5,21,4.55,FALSE,TRUE,0.91
231,5,89,2,23,1.72,TRUE,FALSE,0.86
232,5,89,4,24,3.64,FALSE,FALSE,0.91
233,5,89,5,25,4.55,FALSE,FALSE,0.91
234,5,89,3,26,2.73,FALSE,FALSE,0.91
235,5,89,7,27,6.37,FALSE,FALSE,0.91
236,5,89,2,28,1.82,FALSE,FALSE,0.91
237,5,89,3,29,2.73,FALSE,FALSE,0.91
238,5,89,5,30,4.55,FALSE,FALSE,0.91
239,5,89,2,31,1.82,FALSE,FALSE,0.91
240,5,89,2,32,1.82,FALSE,FALSE,0.91
241,5,89,4,33,3.64,FALSE,FALSE,0.91
243,5,89,9,35,8.19,FALSE,FALSE,0.91
244,5,89,3,36,2.97,FALSE,FALSE,0.99
245,5,89,3,37,2.97,FALSE,FALSE,0.99
246,5,89,5,38,3.75,TRUE,FALSE,0.75
247,5,89,13,39,12.87,FALSE,FALSE,0.99
248,5,89,9,40,8.91,FALSE,FALSE,0.99
249,5,89,5,41,4.35,TRUE,FALSE,0.87
250,5,89,16,42,13.92,FALSE,FALSE,0.87
251,5,89,11,43,9.57,FALSE,FALSE,0.87
252,5,89,8,44,7.92,FALSE,FALSE,0.99
253,5,89,2,45,1.98,FALSE,FALSE,0.99
254,5,89,23,46,18.4,TRUE,FALSE,0.8
255,5,89,9,47,7.2,TRUE,FALSE,0.8
258,5,89,13,50,10.4,TRUE,FALSE,0.8
259,5,89,18,51,14.4,TRUE,FALSE,0.8
260,5,89,3,52,2.97,FALSE,FALSE,0.99
261,5,89,2,1,1.98,FALSE,FALSE,0.99
262,5,89,28,2,21,TRUE,FALSE,0.75
263,5,89,13,3,13.91,FALSE,FALSE,1.07
264,5,89,2,4,2.14,FALSE,FALSE,1.07
265,5,89,1,5,1.07,FALSE,FALSE,1.07
266,5,89,7,6,6.09,TRUE,TRUE,0.87
267,5,89,17,7,14.79,FALSE,FALSE,0.87
268,5,89,9,8,7.83,FALSE,FALSE,0.87
269,5,89,5,9,5.35,FALSE,FALSE,1.07
270,5,89,16,10,12.8,TRUE,TRUE,0.8
271,5,89,9,11,9.63,FALSE,FALSE,1.07
272,5,89,4,12,4.36,FALSE,FALSE,1.09
273,5,89,4,13,4.36,FALSE,FALSE,1.09
274,5,89,16,14,12.8,TRUE,FALSE,0.8
275,5,89,5,15,4,TRUE,FALSE,0.8
276,5,89,1,16,1.09,FALSE,FALSE,1.09
277,5,89,1,17,1.09,FALSE,FALSE,1.09
278,5,89,8,18,6.4,TRUE,FALSE,0.8
279,5,89,10,19,10.3,FALSE,FALSE,1.03
280,5,89,13,20,13.37,FALSE,FALSE,1.02846153846154
283,5,89,4,23,3.48,FALSE,FALSE,0.87
288,5,89,2,28,1.78,FALSE,FALSE,0.89
289,5,89,1,29,0.89,FALSE,FALSE,0.89
290,5,89,1,30,0.89,FALSE,FALSE,0.89
291,5,89,1,31,1.09,FALSE,FALSE,1.09
292,5,89,2,32,1.98,FALSE,FALSE,0.99
295,5,89,3,35,3.27,FALSE,FALSE,1.09
296,5,89,5,36,5.45,FALSE,FALSE,1.09
297,5,89,2,37,2.18,FALSE,FALSE,1.09
298,5,89,5,38,4.45,TRUE,FALSE,0.89
299,5,89,13,39,12.7,TRUE,FALSE,0.976923076923077
300,5,89,4,40,4.36,FALSE,FALSE,1.09
301,5,89,4,41,4.36,FALSE,FALSE,1.09
302,5,89,23,42,23.87,FALSE,FALSE,1.03782608695652
303,5,89,1,43,1.09,FALSE,FALSE,1.09
304,5,89,2,44,1.98,FALSE,FALSE,0.99
305,5,89,2,45,1.98,FALSE,FALSE,0.99
306,5,89,16,46,12.8,TRUE,TRUE,0.8
307,5,89,25,47,28.25,FALSE,FALSE,1.13
308,5,89,5,48,5.95,FALSE,FALSE,1.19
309,5,89,12,49,9.69,TRUE,FALSE,0.8075
310,5,89,3,50,3.57,FALSE,FALSE,1.19
311,5,89,4,51,4.76,FALSE,FALSE,1.19
312,5,89,1,52,1.19,FALSE,FALSE,1.19
5,8,89,6,5,5.34,FALSE,FALSE,0.89
6,8,89,8,6,7.12,FALSE,FALSE,0.89
7,8,89,1,7,0.89,FALSE,FALSE,0.89
10,8,89,2,10,1.78,FALSE,FALSE,0.89
11,8,89,1,11,0.89,FALSE,FALSE,0.89
12,8,89,2,12,1.78,FALSE,FALSE,0.89
13,8,89,1,13,0.89,FALSE,FALSE,0.89
14,8,89,2,14,1.78,FALSE,FALSE,0.89
19,8,89,2,19,1.78,FALSE,FALSE,0.89
20,8,89,1,20,0.89,FALSE,FALSE,0.89
22,8,89,2,22,1.78,FALSE,FALSE,0.89
23,8,89,2,23,1.78,FALSE,FALSE,0.89
33,8,89,1,33,0.89,FALSE,FALSE,0.89
37,8,89,2,37,1.78,FALSE,FALSE,0.89
38,8,89,4,38,3.56,FALSE,FALSE,0.89
39,8,89,1,39,0.89,FALSE,FALSE,0.89
40,8,89,5,40,4.45,FALSE,FALSE,0.89
41,8,89,3,41,2.67,FALSE,FALSE,0.89
43,8,89,5,43,4.45,FALSE,FALSE,0.89
44,8,89,6,44,5.34,FALSE,FALSE,0.89
45,8,89,4,45,3.56,FALSE,FALSE,0.89
46,8,89,4,46,3.56,FALSE,FALSE,0.89
50,8,89,6,50,5.34,FALSE,FALSE,0.89
52,8,89,7,52,6.23,FALSE,FALSE,0.89
53,8,89,2,1,1.78,FALSE,FALSE,0.89
54,8,89,1,2,0.89,FALSE,FALSE,0.89
55,8,89,3,3,2.01,TRUE,FALSE,0.67
57,8,89,1,5,0.99,FALSE,FALSE,0.99
59,8,89,2,7,1.98,FALSE,FALSE,0.99
61,8,89,2,9,1.98,FALSE,FALSE,0.99
62,8,89,2,10,1.78,FALSE,FALSE,0.89
64,8,89,3,12,2.97,FALSE,FALSE,0.99
65,8,89,3,13,2.97,FALSE,FALSE,0.99
67,8,89,1,15,0.99,FALSE,FALSE,0.99
72,8,89,2,20,1.98,FALSE,FALSE,0.99
73,8,89,1,21,0.99,FALSE,FALSE,0.99
74,8,89,5,22,4.95,FALSE,FALSE,0.99
79,8,89,1,27,0.99,FALSE,FALSE,0.99
80,8,89,1,28,0.99,FALSE,FALSE,0.99
85,8,89,4,33,3.96,FALSE,FALSE,0.99
87,8,89,2,35,1.98,FALSE,FALSE,0.99
88,8,89,3,36,2.97,FALSE,FALSE,0.99
96,8,89,4,44,3.96,FALSE,FALSE,0.99
97,8,89,2,45,1.98,TRUE,FALSE,0.99
98,8,89,8,46,5.36,TRUE,FALSE,0.67
99,8,89,2,47,1.34,TRUE,FALSE,0.67
100,8,89,2,48,1.98,FALSE,FALSE,0.99
101,8,89,1,49,0.67,TRUE,FALSE,0.67
102,8,89,4,50,2.68,TRUE,FALSE,0.67
105,8,89,8,1,7.92,FALSE,FALSE,0.99
108,8,89,4,4,3.96,FALSE,FALSE,0.99
109,8,89,1,5,0.99,FALSE,FALSE,0.99
112,8,89,1,8,0.99,FALSE,FALSE,0.99
113,8,89,4,9,3.96,FALSE,FALSE,0.99
115,8,89,4,11,3.96,FALSE,FALSE,0.99
118,8,89,1,14,0.67,TRUE,FALSE,0.67
123,8,89,2,19,1.98,FALSE,FALSE,0.99
125,8,89,2,21,1.98,FALSE,FALSE,0.99
127,8,89,4,23,3.96,FALSE,FALSE,0.99
133,8,89,1,29,0.99,FALSE,FALSE,0.99
137,8,89,2,33,1.98,FALSE,FALSE,0.99
138,8,89,1,34,0.99,FALSE,FALSE,0.99
140,8,89,1,36,0.99,FALSE,FALSE,0.99
142,8,89,1,38,0.99,FALSE,FALSE,0.99
143,8,89,1,39,0.99,FALSE,FALSE,0.99
144,8,89,6,40,5.94,FALSE,FALSE,0.99
145,8,89,1,41,0.99,FALSE,FALSE,0.99
147,8,89,4,43,3.96,FALSE,FALSE,0.99
148,8,89,2,44,1.98,FALSE,FALSE,0.99
149,8,89,1,45,0.99,FALSE,FALSE,0.99
151,8,89,3,47,2.97,FALSE,FALSE,0.99
152,8,89,5,48,4.95,FALSE,FALSE,0.99
154,8,89,2,50,1.98,FALSE,FALSE,0.99
155,8,89,4,51,3.96,FALSE,FALSE,0.99
156,8,89,2,52,1.98,FALSE,FALSE,0.99
160,8,89,1,4,0.99,FALSE,FALSE,0.99
162,8,89,3,6,2.97,FALSE,FALSE,0.99
163,8,89,4,7,3.96,FALSE,FALSE,0.99
164,8,89,5,8,4.95,FALSE,FALSE,0.99
165,8,89,1,9,0.99,FALSE,FALSE,0.99
168,8,89,1,12,0.99,FALSE,FALSE,0.99
169,8,89,2,13,1.98,FALSE,FALSE,0.99
171,8,89,1,15,0.99,FALSE,FALSE,0.99
172,8,89,2,16,1.98,FALSE,FALSE,0.99
174,8,89,1,18,0.99,FALSE,FALSE,0.99
175,8,89,5,19,4.95,FALSE,FALSE,0.99
178,8,89,3,22,2.97,FALSE,FALSE,0.99
179,8,89,1,23,0.99,FALSE,FALSE,0.99
182,8,89,4,26,3.96,FALSE,FALSE,0.99
183,8,89,2,27,1.98,FALSE,FALSE,0.99
184,8,89,1,28,0.99,FALSE,FALSE,0.99
186,8,89,1,30,0.99,FALSE,FALSE,0.99
188,8,89,2,32,1.98,FALSE,FALSE,0.99
189,8,89,5,33,4.95,FALSE,FALSE,0.99
190,8,89,4,34,3.96,FALSE,FALSE,0.99
192,8,89,3,36,2.97,FALSE,FALSE,0.99
193,8,89,1,37,0.99,FALSE,FALSE,0.99
194,8,89,1,38,0.99,FALSE,FALSE,0.99
196,8,89,1,40,0.99,FALSE,FALSE,0.99
197,8,89,1,41,0.99,FALSE,FALSE,0.99
201,8,89,3,45,2.25,TRUE,FALSE,0.75
202,8,89,3,46,2.25,TRUE,FALSE,0.75
203,8,89,1,47,0.99,FALSE,FALSE,0.99
204,8,89,1,48,0.99,FALSE,FALSE,0.99
205,8,89,1,49,0.99,FALSE,FALSE,0.99
207,8,89,1,51,0.99,FALSE,FALSE,0.99
209,8,89,4,1,3.96,FALSE,FALSE,0.99
211,8,89,1,3,0.99,FALSE,FALSE,0.99
212,8,89,3,4,2.97,FALSE,FALSE,0.99
213,8,89,2,5,1.5,TRUE,FALSE,0.75
221,8,89,2,13,1.98,FALSE,FALSE,0.99
222,8,89,2,14,1.98,FALSE,FALSE,0.99
223,8,89,3,15,2.97,FALSE,FALSE,0.99
224,8,89,4,16,3.96,FALSE,FALSE,0.99
226,8,89,2,18,1.98,FALSE,FALSE,0.99
227,8,89,2,19,1.98,FALSE,FALSE,0.99
228,8,89,1,20,0.99,FALSE,FALSE,0.99
229,8,89,6,21,5.94,FALSE,FALSE,0.99
231,8,89,1,23,0.99,FALSE,FALSE,0.99
233,8,89,1,25,0.99,FALSE,FALSE,0.99
236,8,89,4,28,3.96,FALSE,FALSE,0.99
238,8,89,2,30,1.98,FALSE,FALSE,0.99
241,8,89,1,33,0.99,FALSE,FALSE,0.99
243,8,89,1,35,0.99,FALSE,FALSE,0.99
244,8,89,1,36,0.99,FALSE,FALSE,0.99
245,8,89,2,37,1.98,FALSE,FALSE,0.99
247,8,89,3,39,2.97,FALSE,FALSE,0.99
248,8,89,1,40,0.99,FALSE,FALSE,0.99
249,8,89,1,41,0.99,FALSE,FALSE,0.99
250,8,89,1,42,0.99,FALSE,FALSE,0.99
251,8,89,5,43,3.35,TRUE,FALSE,0.67
252,8,89,1,44,0.67,TRUE,FALSE,0.67
254,8,89,3,46,2.97,TRUE,FALSE,0.99
255,8,89,1,47,0.67,TRUE,FALSE,0.67
256,8,89,1,48,0.99,FALSE,FALSE,0.99
258,8,89,4,50,3.96,FALSE,FALSE,0.99
259,8,89,1,51,0.99,FALSE,FALSE,0.99
261,8,89,2,1,1.98,FALSE,FALSE,0.99
262,8,89,2,2,1.98,FALSE,FALSE,0.99
263,8,89,1,3,0.99,FALSE,FALSE,0.99
264,8,89,3,4,2.97,FALSE,FALSE,0.99
266,8,89,4,6,2.68,TRUE,FALSE,0.67
267,8,89,2,7,1.98,FALSE,FALSE,0.99
268,8,89,5,8,4.95,FALSE,FALSE,0.99
269,8,89,1,9,0.99,FALSE,FALSE,0.99
271,8,89,1,11,0.99,FALSE,FALSE,0.99
276,8,89,1,16,0.99,FALSE,FALSE,0.99
277,8,89,3,17,2.97,FALSE,FALSE,0.99
279,8,89,2,19,1.98,FALSE,FALSE,0.99
282,8,89,1,22,0.99,FALSE,FALSE,0.99
283,8,89,1,23,0.99,FALSE,FALSE,0.99
286,8,89,1,26,0.99,FALSE,FALSE,0.99
289,8,89,1,29,0.99,FALSE,FALSE,0.99
290,8,89,2,30,1.98,FALSE,FALSE,0.99
292,8,89,2,32,1.98,FALSE,FALSE,0.99
293,8,89,5,33,4.95,FALSE,FALSE,0.99
297,8,89,6,37,5.94,FALSE,FALSE,0.99
298,8,89,4,38,3.96,FALSE,FALSE,0.99
300,8,89,3,40,2.97,FALSE,FALSE,0.99
301,8,89,4,41,3.96,FALSE,FALSE,0.99
304,8,89,1,44,0.99,FALSE,FALSE,0.99
305,8,89,3,45,2.97,FALSE,FALSE,0.99
307,8,89,1,47,0.99,FALSE,FALSE,0.99
308,8,89,1,48,0.99,FALSE,FALSE,0.99
309,8,89,4,49,2.68,TRUE,FALSE,0.67
310,8,89,5,50,3.35,TRUE,FALSE,0.67
