Soup Pricing/Soup Pricing Case Data.csv
"overallWeekNum","storeNum","productNum","units","weekInYearNum","totalRevenue","isFeature","isDisplay","pricePerCan"
9,10,89,1,9,0.89,FALSE,FALSE,0.89
11,10,89,3,11,2.67,FALSE,FALSE,0.89
12,10,89,1,12,0.89,FALSE,FALSE,0.89
14,10,89,1,14,0.89,FALSE,FALSE,0.89
17,10,89,1,17,0.89,FALSE,FALSE,0.89
19,10,89,3,19,2.67,FALSE,FALSE,0.89
20,10,89,1,20,0.89,FALSE,FALSE,0.89
21,10,89,2,21,1.78,FALSE,FALSE,0.89
22,10,89,1,22,0.89,FALSE,FALSE,0.89
23,10,89,2,23,1.78,FALSE,FALSE,0.89
27,10,89,3,27,2.67,FALSE,FALSE,0.89
28,10,89,2,28,1.78,FALSE,FALSE,0.89
29,10,89,2,29,1.78,FALSE,FALSE,0.89
30,10,89,1,30,0.89,FALSE,FALSE,0.89
31,10,89,3,31,2.67,FALSE,FALSE,0.89
33,10,89,1,33,0.89,FALSE,FALSE,0.89
34,10,89,1,34,0.89,FALSE,FALSE,0.89
35,10,89,3,35,2.67,FALSE,FALSE,0.89
37,10,89,2,37,1.78,FALSE,FALSE,0.89
38,10,89,2,38,1.78,FALSE,FALSE,0.89
39,10,89,3,39,2.67,FALSE,FALSE,0.89
40,10,89,1,40,0.89,FALSE,FALSE,0.89
42,10,89,4,42,3.56,FALSE,FALSE,0.89
43,10,89,1,43,0.89,FALSE,FALSE,0.89
45,10,89,7,45,6.23,FALSE,FALSE,0.89
46,10,89,10,46,8.9,FALSE,FALSE,0.89
47,10,89,7,47,6.23,FALSE,FALSE,0.89
48,10,89,3,48,2.67,FALSE,FALSE,0.89
49,10,89,1,49,0.89,FALSE,FALSE,0.89
50,10,89,5,50,4.45,FALSE,FALSE,0.89
51,10,89,8,51,7.12,FALSE,FALSE,0.89
52,10,89,2,52,1.78,FALSE,FALSE,0.89
53,10,89,2,1,1.78,FALSE,FALSE,0.89
55,10,89,2,3,1.34,TRUE,FALSE,0.67
56,10,89,4,4,2.68,TRUE,FALSE,0.67
57,10,89,3,5,2.67,FALSE,FALSE,0.89
58,10,89,6,6,5.34,FALSE,FALSE,0.89
59,10,89,2,7,1.78,FALSE,FALSE,0.89
60,10,89,1,8,0.89,FALSE,FALSE,0.89
61,10,89,2,9,1.78,FALSE,FALSE,0.89
62,10,89,2,10,1.78,FALSE,FALSE,0.89
64,10,89,2,12,1.82,FALSE,FALSE,0.91
65,10,89,5,13,4.55,FALSE,FALSE,0.91
67,10,89,1,15,0.99,FALSE,FALSE,0.99
70,10,89,6,18,5.94,FALSE,FALSE,0.99
72,10,89,4,20,3.96,FALSE,FALSE,0.99
73,10,89,2,21,1.98,FALSE,FALSE,0.99
74,10,89,2,22,1.98,FALSE,FALSE,0.99
75,10,89,3,23,2.73,FALSE,FALSE,0.91
76,10,89,3,24,2.73,FALSE,FALSE,0.91
78,10,89,1,26,0.92,FALSE,FALSE,0.92
80,10,89,1,28,0.92,FALSE,FALSE,0.92
81,10,89,3,29,2.76,FALSE,FALSE,0.92
85,10,89,2,33,1.84,FALSE,FALSE,0.92
87,10,89,1,35,0.92,FALSE,FALSE,0.92
88,10,89,3,36,2.76,FALSE,FALSE,0.92
89,10,89,1,37,0.92,FALSE,FALSE,0.92
90,10,89,3,38,2.76,FALSE,FALSE,0.92
91,10,89,4,39,3.68,FALSE,FALSE,0.92
92,10,89,1,40,0.93,FALSE,FALSE,0.93
95,10,89,1,43,0.93,TRUE,FALSE,0.93
98,10,89,4,46,2.68,TRUE,FALSE,0.67
99,10,89,5,47,3.35,TRUE,FALSE,0.67
100,10,89,1,48,0.93,FALSE,FALSE,0.93
101,10,89,6,49,4.02,TRUE,FALSE,0.67
102,10,89,4,50,2.68,TRUE,FALSE,0.67
104,10,89,1,52,0.94,FALSE,FALSE,0.94
105,10,89,2,1,1.88,FALSE,FALSE,0.94
106,10,89,1,2,0.94,FALSE,FALSE,0.94
107,10,89,2,3,1.88,FALSE,FALSE,0.94
108,10,89,1,4,0.94,FALSE,FALSE,0.94
109,10,89,2,5,1.88,FALSE,FALSE,0.94
110,10,89,2,6,1.88,FALSE,FALSE,0.94
111,10,89,7,7,6.58,FALSE,FALSE,0.94
112,10,89,3,8,2.82,FALSE,FALSE,0.94
114,10,89,4,10,3.76,FALSE,FALSE,0.94
115,10,89,3,11,2.82,FALSE,FALSE,0.94
116,10,89,4,12,3.76,FALSE,FALSE,0.94
118,10,89,7,14,4.69,TRUE,FALSE,0.67
119,10,89,10,15,6.7,TRUE,FALSE,0.67
121,10,89,3,17,2.82,FALSE,FALSE,0.94
124,10,89,4,20,3.76,FALSE,FALSE,0.94
127,10,89,4,23,3.76,FALSE,FALSE,0.94
131,10,89,1,27,0.95,FALSE,FALSE,0.95
132,10,89,2,28,1.9,FALSE,FALSE,0.95
133,10,89,3,29,2.85,FALSE,FALSE,0.95
134,10,89,3,30,2.85,FALSE,FALSE,0.95
135,10,89,4,31,3.8,FALSE,FALSE,0.95
136,10,89,1,32,0.95,FALSE,FALSE,0.95
138,10,89,3,34,2.85,FALSE,FALSE,0.95
139,10,89,2,35,1.9,FALSE,FALSE,0.95
141,10,89,2,37,1.9,FALSE,FALSE,0.95
145,10,89,2,41,1.9,FALSE,FALSE,0.95
146,10,89,3,42,2.85,FALSE,FALSE,0.95
147,10,89,1,43,0.95,FALSE,FALSE,0.95
149,10,89,2,45,1.9,FALSE,FALSE,0.95
150,10,89,3,46,2.85,FALSE,FALSE,0.95
152,10,89,3,48,2.85,FALSE,FALSE,0.95
154,10,89,3,50,2.85,FALSE,FALSE,0.95
155,10,89,2,51,1.9,FALSE,FALSE,0.95
157,10,89,3,1,2.85,FALSE,FALSE,0.95
159,10,89,2,3,1.9,FALSE,FALSE,0.95
160,10,89,1,4,0.95,FALSE,FALSE,0.95
162,10,89,1,6,0.96,FALSE,FALSE,0.96
163,10,89,1,7,0.96,FALSE,FALSE,0.96
164,10,89,2,8,1.92,FALSE,FALSE,0.96
165,10,89,2,9,1.92,FALSE,FALSE,0.96
168,10,89,1,12,0.99,FALSE,FALSE,0.99
171,10,89,2,15,1.92,FALSE,FALSE,0.96
172,10,89,2,16,1.92,FALSE,FALSE,0.96
173,10,89,6,17,5.76,FALSE,FALSE,0.96
174,10,89,1,18,0.96,FALSE,FALSE,0.96
175,10,89,1,19,0.96,FALSE,FALSE,0.96
176,10,89,2,20,1.92,FALSE,FALSE,0.96
177,10,89,1,21,0.96,FALSE,FALSE,0.96
179,10,89,5,23,4.8,FALSE,FALSE,0.96
180,10,89,2,24,1.92,FALSE,FALSE,0.96
182,10,89,3,26,2.88,FALSE,FALSE,0.96
184,10,89,2,28,1.92,FALSE,FALSE,0.96
185,10,89,1,29,0.96,FALSE,FALSE,0.96
188,10,89,3,32,2.88,FALSE,FALSE,0.96
189,10,89,2,33,1.92,FALSE,FALSE,0.96
190,10,89,5,34,4.8,FALSE,FALSE,0.96
191,10,89,2,35,1.92,FALSE,FALSE,0.96
192,10,89,4,36,3.84,FALSE,FALSE,0.96
193,10,89,2,37,1.92,FALSE,FALSE,0.96
194,10,89,1,38,0.96,FALSE,FALSE,0.96
195,10,89,1,39,0.96,FALSE,FALSE,0.96
198,10,89,1,42,0.96,FALSE,FALSE,0.96
199,10,89,3,43,2.88,FALSE,FALSE,0.96
201,10,89,1,45,0.75,TRUE,FALSE,0.75
202,10,89,1,46,0.75,TRUE,FALSE,0.75
203,10,89,2,47,1.92,FALSE,FALSE,0.96
204,10,89,2,48,1.92,FALSE,FALSE,0.96
205,10,89,2,49,1.92,FALSE,FALSE,0.96
206,10,89,9,50,8.64,FALSE,FALSE,0.96
213,10,89,1,5,0.75,TRUE,FALSE,0.75
215,10,89,1,7,0.75,TRUE,FALSE,0.75
217,10,89,3,9,2.88,FALSE,FALSE,0.96
218,10,89,2,10,1.92,FALSE,FALSE,0.96
220,10,89,1,12,0.75,TRUE,FALSE,0.75
222,10,89,2,14,1.92,FALSE,FALSE,0.96
224,10,89,1,16,0.96,FALSE,FALSE,0.96
225,10,89,3,17,2.88,FALSE,FALSE,0.96
226,10,89,1,18,0.96,FALSE,FALSE,0.96
228,10,89,4,20,3.84,FALSE,FALSE,0.96
232,10,89,1,24,0.96,FALSE,FALSE,0.96
233,10,89,1,25,0.96,FALSE,FALSE,0.96
236,10,89,1,28,0.96,FALSE,FALSE,0.96
237,10,89,1,29,0.96,FALSE,FALSE,0.96
241,10,89,2,33,1.92,FALSE,FALSE,0.96
243,10,89,2,35,1.92,FALSE,FALSE,0.96
244,10,89,1,36,0.96,FALSE,FALSE,0.96
247,10,89,2,39,1.92,FALSE,FALSE,0.96
248,10,89,7,40,6.72,FALSE,FALSE,0.96
249,10,89,4,41,3.84,FALSE,FALSE,0.96
250,10,89,4,42,3.88,FALSE,FALSE,0.97
251,10,89,1,43,0.67,TRUE,FALSE,0.67
253,10,89,2,45,1.94,TRUE,FALSE,0.97
255,10,89,3,47,2.01,TRUE,FALSE,0.67
256,10,89,1,48,0.97,FALSE,FALSE,0.97
257,10,89,1,49,0.97,FALSE,FALSE,0.97
258,10,89,4,50,3.88,FALSE,FALSE,0.97
260,10,89,9,52,8.73,FALSE,FALSE,0.97
261,10,89,2,1,1.94,FALSE,FALSE,0.97
262,10,89,5,2,4.85,FALSE,FALSE,0.97
263,10,89,2,3,1.94,FALSE,FALSE,0.97
265,10,89,3,5,2.01,TRUE,FALSE,0.67
272,10,89,2,12,1.94,FALSE,FALSE,0.97
275,10,89,1,15,0.97,FALSE,FALSE,0.97
276,10,89,1,16,0.97,FALSE,FALSE,0.97
280,10,89,1,20,0.97,FALSE,FALSE,0.97
281,10,89,2,21,1.94,FALSE,FALSE,0.97
284,10,89,1,24,0.97,FALSE,FALSE,0.97
288,10,89,2,28,1.94,FALSE,FALSE,0.97
291,10,89,1,31,0.97,FALSE,FALSE,0.97
294,10,89,2,34,1.94,FALSE,FALSE,0.97
297,10,89,3,37,2.91,FALSE,FALSE,0.97
298,10,89,1,38,0.97,FALSE,FALSE,0.97
299,10,89,6,39,5.82,FALSE,FALSE,0.97
300,10,89,3,40,2.91,FALSE,FALSE,0.97
302,10,89,3,42,2.91,FALSE,FALSE,0.97
303,10,89,2,43,1.94,FALSE,FALSE,0.97
304,10,89,7,44,6.79,FALSE,FALSE,0.97
305,10,89,3,45,2.91,FALSE,FALSE,0.97
307,10,89,1,47,0.97,FALSE,FALSE,0.97
308,10,89,8,48,7.76,FALSE,FALSE,0.97
309,10,89,6,49,4.02,TRUE,FALSE,0.67
310,10,89,5,50,3.35,TRUE,FALSE,0.67
10,9,89,11,10,8.69,FALSE,FALSE,0.79
11,9,89,2,11,1.58,FALSE,FALSE,0.79
12,9,89,10,12,7.9,FALSE,FALSE,0.79
13,9,89,6,13,4.74,FALSE,FALSE,0.79
14,9,89,4,14,3.16,FALSE,FALSE,0.79
15,9,89,7,15,5.53,FALSE,FALSE,0.79
16,9,89,3,16,2.37,FALSE,FALSE,0.79
17,9,89,4,17,3.16,FALSE,FALSE,0.79
18,9,89,6,18,5.14,TRUE,FALSE,0.856666666666667
19,9,89,6,19,5.34,FALSE,FALSE,0.89
20,9,89,1,20,0.75,FALSE,FALSE,0.75
21,9,89,2,21,1.58,FALSE,FALSE,0.79
22,9,89,1,22,0.79,FALSE,FALSE,0.79
23,9,89,2,23,1.58,FALSE,FALSE,0.79
24,9,89,8,24,6.32,FALSE,FALSE,0.79
26,9,89,9,26,7.11,FALSE,FALSE,0.79
27,9,89,10,27,7.9,FALSE,FALSE,0.79
28,9,89,3,28,2.37,FALSE,FALSE,0.79
29,9,89,3,29,2.37,FALSE,FALSE,0.79
30,9,89,2,30,1.58,FALSE,FALSE,0.79
31,9,89,2,31,1.58,FALSE,FALSE,0.79
32,9,89,5,32,3.95,FALSE,TRUE,0.79
33,9,89,6,33,4.74,FALSE,FALSE,0.79
34,9,89,7,34,5.53,FALSE,FALSE,0.79
35,9,89,2,35,1.58,FALSE,FALSE,0.79
36,9,89,5,36,3.95,FALSE,FALSE,0.79
37,9,89,10,37,7.9,FALSE,FALSE,0.79
42,9,89,6,42,4.74,TRUE,FALSE,0.79
43,9,89,10,43,7.78,FALSE,FALSE,0.778
44,9,89,12,44,9,FALSE,FALSE,0.75
46,9,89,7,46,5.53,FALSE,FALSE,0.79
47,9,89,1,47,0.79,FALSE,FALSE,0.79
48,9,89,6,48,4.74,FALSE,FALSE,0.79
49,9,89,11,49,8.69,FALSE,FALSE,0.79
51,9,89,16,51,12.64,TRUE,FALSE,0.79
52,9,89,7,52,5.53,FALSE,FALSE,0.79
53,9,89,5,1,3.95,FALSE,FALSE,0.79
54,9,89,3,2,2.37,FALSE,FALSE,0.79
55,9,89,11,3,8.69,FALSE,FALSE,0.79
56,9,89,12,4,8.28,TRUE,FALSE,0.69
57,9,89,2,5,1.58,FALSE,FALSE,0.79
58,9,89,7,6,5.53,FALSE,FALSE,0.79
59,9,89,5,7,3.95,FALSE,FALSE,0.79
60,9,89,6,8,4.74,FALSE,FALSE,0.79
61,9,89,14,9,11.06,FALSE,FALSE,0.79
63,9,89,4,11,3.16,FALSE,FALSE,0.79
64,9,89,8,12,6.32,FALSE,FALSE,0.79
65,9,89,3,13,2.37,FALSE,FALSE,0.79
66,9,89,3,14,2.37,FALSE,FALSE,0.79
67,9,89,4,15,3.16,FALSE,FALSE,0.79
68,9,89,4,16,3.16,FALSE,FALSE,0.79
69,9,89,10,17,7.9,FALSE,FALSE,0.79
70,9,89,6,18,4.74,FALSE,FALSE,0.79
71,9,89,6,19,4.74,FALSE,FALSE,0.79
72,9,89,8,20,6.32,FALSE,FALSE,0.79
73,9,89,7,21,5.53,FALSE,FALSE,0.79
74,9,89,6,22,4.74,FALSE,FALSE,0.79
75,9,89,10,23,7.9,FALSE,FALSE,0.79
76,9,89,6,24,4.74,FALSE,FALSE,0.79
77,9,89,8,25,6.32,FALSE,FALSE,0.79
78,9,89,6,26,4.74,FALSE,FALSE,0.79
79,9,89,9,27,7.11,FALSE,FALSE,0.79
80,9,89,9,28,7.11,FALSE,FALSE,0.79
81,9,89,13,29,10.27,FALSE,FALSE,0.79
82,9,89,3,30,2.37,FALSE,FALSE,0.79
83,9,89,12,31,10.88,FALSE,FALSE,0.906666666666667
84,9,89,10,32,8.3,FALSE,FALSE,0.83
85,9,89,14,33,11.46,FALSE,FALSE,0.818571428571429
86,9,89,9,34,7.71,FALSE,FALSE,0.856666666666667
87,9,89,15,35,11.85,FALSE,FALSE,0.79
88,9,89,6,36,4.74,FALSE,FALSE,0.79
89,9,89,32,37,25.28,FALSE,FALSE,0.79
90,9,89,11,38,8.69,FALSE,FALSE,0.79
91,9,89,2,39,1.58,FALSE,FALSE,0.79
94,9,89,7,42,5.53,FALSE,FALSE,0.79
95,9,89,4,43,3.16,FALSE,FALSE,0.79
96,9,89,9,44,7.11,FALSE,FALSE,0.79
97,9,89,7,45,5.53,FALSE,FALSE,0.79
98,9,89,4,46,3.16,FALSE,FALSE,0.79
99,9,89,12,47,9.48,TRUE,FALSE,0.79
100,9,89,7,48,5.53,FALSE,FALSE,0.79
101,9,89,9,49,7.11,TRUE,FALSE,0.79
102,9,89,11,50,8.69,FALSE,FALSE,0.79
103,9,89,5,51,3.95,FALSE,FALSE,0.79
104,9,89,1,52,0.79,FALSE,FALSE,0.79
105,9,89,4,1,3.16,FALSE,FALSE,0.79
106,9,89,13,2,10.27,FALSE,FALSE,0.79
107,9,89,4,3,3.16,FALSE,FALSE,0.79
109,9,89,4,5,3.16,FALSE,FALSE,0.79
110,9,89,2,6,1.58,TRUE,FALSE,0.79
111,9,89,7,7,5.53,FALSE,FALSE,0.79
112,9,89,1,8,0.79,FALSE,FALSE,0.79
113,9,89,8,9,6.32,FALSE,FALSE,0.79
114,9,89,2,10,1.58,FALSE,FALSE,0.79
115,9,89,5,11,3.95,FALSE,FALSE,0.79
116,9,89,7,12,5.53,FALSE,FALSE,0.79
117,9,89,4,13,3.16,FALSE,FALSE,0.79
118,9,89,7,14,5.53,FALSE,FALSE,0.79
120,9,89,2,16,1.58,FALSE,FALSE,0.79
121,9,89,9,17,7.11,FALSE,FALSE,0.79
122,9,89,5,18,3.95,FALSE,FALSE,0.79
123,9,89,5,19,3.95,FALSE,FALSE,0.79
125,9,89,1,21,0.79,FALSE,FALSE,0.79
126,9,89,9,22,7.11,FALSE,FALSE,0.79
127,9,89,2,23,1.58,FALSE,FALSE,0.79
129,9,89,4,25,3.16,FALSE,FALSE,0.79
130,9,89,7,26,5.53,FALSE,FALSE,0.79
131,9,89,3,27,2.37,FALSE,FALSE,0.79
132,9,89,7,28,5.53,FALSE,FALSE,0.79
133,9,89,5,29,3.95,FALSE,FALSE,0.79
134,9,89,4,30,3.16,FALSE,FALSE,0.79
135,9,89,5,31,3.95,FALSE,FALSE,0.79
136,9,89,1,32,0.79,FALSE,FALSE,0.79
137,9,89,9,33,7.11,FALSE,FALSE,0.79
138,9,89,7,34,5.53,FALSE,FALSE,0.79
139,9,89,1,35,0.79,FALSE,FALSE,0.79
140,9,89,3,36,2.37,FALSE,FALSE,0.79
141,9,89,2,37,1.58,FALSE,FALSE,0.79
142,9,89,5,38,3.95,FALSE,FALSE,0.79
143,9,89,22,39,12.98,TRUE,FALSE,0.59
144,9,89,8,40,6.32,FALSE,FALSE,0.79
145,9,89,3,41,2.37,FALSE,FALSE,0.79
147,9,89,1,43,0.79,FALSE,FALSE,0.79
148,9,89,2,44,1.58,FALSE,FALSE,0.79
149,9,89,3,45,2.37,FALSE,FALSE,0.79
151,9,89,13,47,8.58,TRUE,FALSE,0.66
153,9,89,1,49,0.79,FALSE,FALSE,0.79
154,9,89,2,50,1.58,FALSE,FALSE,0.79
155,9,89,8,51,6.32,FALSE,FALSE,0.79
156,9,89,5,52,3.95,FALSE,FALSE,0.79
157,9,89,8,1,6.32,FALSE,FALSE,0.79
159,9,89,8,3,6.32,FALSE,FALSE,0.79
160,9,89,2,4,1.58,FALSE,FALSE,0.79
161,9,89,10,5,7.9,FALSE,FALSE,0.79
162,9,89,2,6,1.5,TRUE,FALSE,0.75
163,9,89,14,7,10.5,TRUE,FALSE,0.75
164,9,89,1,8,0.75,TRUE,FALSE,0.75
165,9,89,1,9,0.8,FALSE,FALSE,0.8
167,9,89,2,11,1.6,FALSE,FALSE,0.8
169,9,89,2,13,1.86,FALSE,FALSE,0.93
170,9,89,11,14,7.26,TRUE,FALSE,0.66
171,9,89,3,15,2.4,FALSE,FALSE,0.8
172,9,89,3,16,2.4,FALSE,FALSE,0.8
173,9,89,9,17,7.2,FALSE,FALSE,0.8
174,9,89,1,18,0.8,FALSE,FALSE,0.8
176,9,89,5,20,4,FALSE,FALSE,0.8
179,9,89,2,23,1.6,FALSE,FALSE,0.8
181,9,89,6,25,4.68,FALSE,FALSE,0.78
182,9,89,4,26,3.12,FALSE,FALSE,0.78
183,9,89,5,27,3.9,FALSE,FALSE,0.78
184,9,89,3,28,2.34,FALSE,FALSE,0.78
185,9,89,10,29,7.8,FALSE,FALSE,0.78
186,9,89,3,30,2.34,FALSE,FALSE,0.78
187,9,89,4,31,3.12,FALSE,FALSE,0.78
188,9,89,2,32,1.56,FALSE,FALSE,0.78
189,9,89,4,33,3.12,FALSE,FALSE,0.78
190,9,89,8,34,6,FALSE,FALSE,0.75
191,9,89,4,35,3,FALSE,FALSE,0.75
192,9,89,4,36,3,FALSE,FALSE,0.75
193,9,89,5,37,3.75,FALSE,FALSE,0.75
194,9,89,5,38,3.75,FALSE,FALSE,0.75
195,9,89,7,39,5.25,FALSE,FALSE,0.75
196,9,89,6,40,4.5,FALSE,FALSE,0.75
197,9,89,2,41,1.5,FALSE,FALSE,0.75
198,9,89,4,42,3,FALSE,FALSE,0.75
199,9,89,3,43,2.25,FALSE,FALSE,0.75
200,9,89,4,44,3,FALSE,FALSE,0.75
201,9,89,3,45,2.25,FALSE,FALSE,0.75
202,9,89,8,46,6,FALSE,FALSE,0.75
203,9,89,8,47,6,FALSE,FALSE,0.75
204,9,89,4,48,3,FALSE,FALSE,0.75
205,9,89,1,49,0.75,FALSE,FALSE,0.75
206,9,89,5,50,3.75,FALSE,FALSE,0.75
207,9,89,1,51,0.75,FALSE,FALSE,0.75
208,9,89,2,52,1.5,FALSE,FALSE,0.75
209,9,89,3,1,2.25,FALSE,FALSE,0.75
210,9,89,16,2,12,FALSE,FALSE,0.75
211,9,89,4,3,3,FALSE,FALSE,0.75
212,9,89,2,4,1.5,FALSE,FALSE,0.75
213,9,89,3,5,2.25,FALSE,FALSE,0.75
214,9,89,2,6,1.5,FALSE,FALSE,0.75
216,9,89,3,8,2.25,FALSE,FALSE,0.75
218,9,89,3,10,2.25,FALSE,FALSE,0.75
219,9,89,3,11,2.25,FALSE,FALSE,0.75
220,9,89,10,12,7.4,FALSE,FALSE,0.74
221,9,89,5,13,3.7,FALSE,FALSE,0.74
222,9,89,3,14,2.22,FALSE,FALSE,0.74
223,9,89,3,15,2.22,FALSE,FALSE,0.74
225,9,89,6,17,4.44,FALSE,FALSE,0.74
226,9,89,10,18,7.4,FALSE,FALSE,0.74
227,9,89,10,19,6.9,FALSE,FALSE,0.69
230,9,89,6,22,4.14,FALSE,FALSE,0.69
232,9,89,4,24,2.76,FALSE,FALSE,0.69
233,9,89,5,25,3.45,FALSE,FALSE,0.69
234,9,89,2,26,1.38,FALSE,FALSE,0.69
235,9,89,4,27,2.76,FALSE,FALSE,0.69
236,9,89,11,28,7.59,FALSE,FALSE,0.69
237,9,89,2,29,1.38,FALSE,FALSE,0.69
238,9,89,10,30,6.9,FALSE,FALSE,0.69
239,9,89,1,31,0.69,FALSE,FALSE,0.69
240,9,89,7,32,5.25,FALSE,FALSE,0.75
241,9,89,6,33,4.5,FALSE,FALSE,0.75
242,9,89,3,34,2.25,FALSE,FALSE,0.75
243,9,89,7,35,5.25,FALSE,FALSE,0.75
244,9,89,5,36,3.75,FALSE,FALSE,0.75
245,9,89,5,37,3.75,FALSE,FALSE,0.75
246,9,89,10,38,7.5,FALSE,FALSE,0.75
248,9,89,3,40,2.25,FALSE,FALSE,0.75
249,9,89,11,41,8.25,FALSE,FALSE,0.75
250,9,89,4,42,3,FALSE,FALSE,0.75
251,9,89,6,43,4.5,FALSE,FALSE,0.75
252,9,89,6,44,4.5,FALSE,FALSE,0.75
253,9,89,11,45,8.25,FALSE,FALSE,0.75
254,9,89,4,46,3,FALSE,FALSE,0.75
255,9,89,7,47,5.25,FALSE,FALSE,0.75
256,9,89,15,48,8.4,TRUE,FALSE,0.56
257,9,89,5,49,3.75,FALSE,FALSE,0.75
258,9,89,2,50,1.5,FALSE,FALSE,0.75
259,9,89,3,51,2.25,FALSE,FALSE,0.75
260,9,89,8,52,6,FALSE,FALSE,0.75
261,9,89,6,1,3.36,TRUE,FALSE,0.56
263,9,89,8,3,6,FALSE,FALSE,0.75
265,9,89,2,5,1.5,FALSE,FALSE,0.75
266,9,89,7,6,5.25,FALSE,FALSE,0.75
267,9,89,9,7,6.75,FALSE,FALSE,0.75
269,9,89,7,9,5.25,FALSE,FALSE,0.75
270,9,89,5,10,3.75,FALSE,FALSE,0.75
271,9,89,11,11,8.25,FALSE,FALSE,0.75
273,9,89,2,13,1.5,FALSE,FALSE,0.75
274,9,89,5,14,3.75,FALSE,FALSE,0.75
276,9,89,5,16,2.8,TRUE,FALSE,0.56
277,9,89,4,17,3,FALSE,FALSE,0.75
278,9,89,1,18,0.75,FALSE,FALSE,0.75
279,9,89,11,19,8.25,FALSE,FALSE,0.75
280,9,89,4,20,3,FALSE,FALSE,0.75
281,9,89,2,21,1.5,FALSE,FALSE,0.75
282,9,89,4,22,3,FALSE,FALSE,0.75
283,9,89,2,23,1.5,FALSE,FALSE,0.75
284,9,89,6,24,4.5,FALSE,FALSE,0.75
286,9,89,3,26,2.25,FALSE,FALSE,0.75
287,9,89,2,27,1.5,FALSE,FALSE,0.75
288,9,89,6,28,4.5,FALSE,FALSE,0.75
289,9,89,5,29,3,TRUE,FALSE,0.6
290,9,89,2,30,1.5,FALSE,FALSE,0.75
291,9,89,2,31,1.5,FALSE,FALSE,0.75
293,9,89,5,33,3.75,FALSE,FALSE,0.75
295,9,89,4,35,3,FALSE,FALSE,0.75
296,9,89,3,36,2.25,FALSE,FALSE,0.75
297,9,89,7,37,5.25,FALSE,FALSE,0.75
298,9,89,12,38,6.72,TRUE,FALSE,0.56
299,9,89,6,39,4.5,FALSE,FALSE,0.75
300,9,89,4,40,3,FALSE,FALSE,0.75
301,9,89,3,41,2.25,FALSE,FALSE,0.75
302,9,89,8,42,6,FALSE,FALSE,0.75
303,9,89,2,43,1.5,FALSE,FALSE,0.75
304,9,89,3,44,2.25,FALSE,FALSE,0.75
305,9,89,2,45,1.5,FALSE,FALSE,0.75
306,9,89,9,46,7.11,FALSE,FALSE,0.79
307,9,89,11,47,8.69,FALSE,FALSE,0.79
309,9,89,8,49,6.32,FALSE,FALSE,0.79
310,9,89,6,50,3.96,TRUE,FALSE,0.66
311,9,89,1,51,0.79,FALSE,FALSE,0.79
312,9,89,1,52,0.59,TRUE,FALSE,0.59
