Soup Pricing/Soup Pricing Case Data.csv
"overallWeekNum","storeNum","productNum","units","weekInYearNum","totalRevenue","isFeature","isDisplay","pricePerCan"
26,1,89,3,26,1.98,FALSE,FALSE,0.66
27,1,89,4,27,2.68,FALSE,FALSE,0.67
28,1,89,4,28,2.65,FALSE,FALSE,0.6625
29,1,89,6,29,3.99,FALSE,FALSE,0.665
30,1,89,12,30,7.96,FALSE,FALSE,0.663333333333333
31,1,89,9,31,5.97,FALSE,FALSE,0.663333333333333
32,1,89,3,32,2.01,FALSE,FALSE,0.67
33,1,89,13,33,8.63,FALSE,FALSE,0.663846153846154
34,1,89,16,34,10.59,TRUE,FALSE,0.661875
35,1,89,11,35,7.31,FALSE,FALSE,0.664545454545455
36,1,89,3,36,2.01,FALSE,FALSE,0.67
37,1,89,10,37,6.62,FALSE,FALSE,0.662
38,1,89,11,38,7.28,FALSE,FALSE,0.661818181818182
39,1,89,1,39,0.67,FALSE,FALSE,0.67
40,1,89,6,40,4.5,FALSE,FALSE,0.75
41,1,89,11,41,8,FALSE,FALSE,0.727272727272727
42,1,89,8,42,4,FALSE,FALSE,0.5
43,1,89,9,43,4.5,FALSE,FALSE,0.5
44,1,89,16,44,8,FALSE,FALSE,0.5
46,1,89,10,46,5,FALSE,FALSE,0.5
47,1,89,6,47,3,FALSE,FALSE,0.5
48,1,89,23,48,11.5,FALSE,FALSE,0.5
49,1,89,15,49,7.5,FALSE,FALSE,0.5
50,1,89,7,50,3.5,FALSE,FALSE,0.5
51,1,89,26,51,13,FALSE,FALSE,0.5
52,1,89,15,52,7.5,FALSE,FALSE,0.5
53,1,89,18,1,9,FALSE,FALSE,0.5
54,1,89,9,2,4.5,FALSE,FALSE,0.5
55,1,89,5,3,2.5,FALSE,FALSE,0.5
57,1,89,14,5,7,FALSE,FALSE,0.5
58,1,89,5,6,2.5,FALSE,FALSE,0.5
59,1,89,10,7,5,FALSE,FALSE,0.5
60,1,89,3,8,1.5,FALSE,FALSE,0.5
61,1,89,19,9,9.5,FALSE,FALSE,0.5
62,1,89,10,10,7.5,FALSE,FALSE,0.75
63,1,89,26,11,13,TRUE,FALSE,0.5
65,1,89,14,13,10.5,FALSE,FALSE,0.75
66,1,89,17,14,12.75,FALSE,FALSE,0.75
67,1,89,3,15,2.25,FALSE,FALSE,0.75
68,1,89,3,16,2.25,FALSE,FALSE,0.75
69,1,89,7,17,5.25,FALSE,FALSE,0.75
70,1,89,3,18,2.25,FALSE,FALSE,0.75
71,1,89,7,19,5.25,FALSE,FALSE,0.75
72,1,89,5,20,3.75,FALSE,FALSE,0.75
73,1,89,6,21,4.5,FALSE,FALSE,0.75
74,1,89,4,22,3,FALSE,FALSE,0.75
75,1,89,5,23,3.75,FALSE,FALSE,0.75
76,1,89,3,24,2.25,FALSE,FALSE,0.75
78,1,89,6,26,4.5,FALSE,FALSE,0.75
79,1,89,5,27,3.75,FALSE,FALSE,0.75
80,1,89,7,28,5.25,FALSE,FALSE,0.75
81,1,89,6,29,4.5,FALSE,FALSE,0.75
82,1,89,11,30,8.25,FALSE,FALSE,0.75
84,1,89,4,32,3,FALSE,FALSE,0.75
85,1,89,6,33,4.5,FALSE,FALSE,0.75
86,1,89,12,34,9,FALSE,FALSE,0.75
87,1,89,6,35,4.5,FALSE,FALSE,0.75
88,1,89,7,36,5.25,FALSE,FALSE,0.75
89,1,89,9,37,6.75,FALSE,FALSE,0.75
90,1,89,4,38,3,FALSE,FALSE,0.75
91,1,89,15,39,9.9,FALSE,TRUE,0.66
92,1,89,7,40,4.62,TRUE,TRUE,0.66
93,1,89,3,41,2.01,FALSE,TRUE,0.67
94,1,89,5,42,3.3,FALSE,TRUE,0.66
95,1,89,18,43,13.82,FALSE,TRUE,0.767777777777778
96,1,89,13,44,8.58,FALSE,TRUE,0.66
97,1,89,15,45,9.9,FALSE,TRUE,0.66
98,1,89,128,46,64,TRUE,TRUE,0.5
99,1,89,45,47,22.5,TRUE,TRUE,0.5
100,1,89,9,48,4.5,FALSE,TRUE,0.5
101,1,89,12,49,6.39,FALSE,TRUE,0.5325
102,1,89,9,50,5.67,FALSE,TRUE,0.63
103,1,89,3,51,2.28,FALSE,FALSE,0.76
104,1,89,7,52,3.5,FALSE,TRUE,0.5
105,1,89,7,1,5.25,FALSE,TRUE,0.75
106,1,89,10,2,7.5,FALSE,FALSE,0.75
107,1,89,7,3,5.25,FALSE,FALSE,0.75
108,1,89,2,4,1.5,FALSE,FALSE,0.75
109,1,89,5,5,3.75,FALSE,FALSE,0.75
110,1,89,1,6,0.75,FALSE,FALSE,0.75
112,1,89,1,8,0.75,FALSE,TRUE,0.75
113,1,89,60,9,20.16,TRUE,TRUE,0.336
114,1,89,7,10,4.62,FALSE,TRUE,0.66
115,1,89,12,11,8.04,FALSE,TRUE,0.67
116,1,89,8,12,5.3,FALSE,TRUE,0.6625
117,1,89,4,13,2.64,FALSE,TRUE,0.66
118,1,89,14,14,9.24,FALSE,TRUE,0.66
119,1,89,5,15,3.3,FALSE,TRUE,0.66
120,1,89,2,16,1.32,FALSE,TRUE,0.66
121,1,89,3,17,1.98,FALSE,TRUE,0.66
122,1,89,8,18,6,FALSE,FALSE,0.75
124,1,89,1,20,0.75,FALSE,FALSE,0.75
125,1,89,2,21,1.5,FALSE,FALSE,0.75
126,1,89,2,22,1.64,FALSE,FALSE,0.82
127,1,89,4,23,3.14,FALSE,FALSE,0.785
128,1,89,5,24,3.75,FALSE,FALSE,0.75
130,1,89,4,26,3,FALSE,FALSE,0.75
131,1,89,4,27,3,FALSE,FALSE,0.75
132,1,89,11,28,8.67,FALSE,FALSE,0.788181818181818
133,1,89,4,29,3,FALSE,FALSE,0.75
134,1,89,6,30,4.5,FALSE,FALSE,0.75
136,1,89,3,32,2.39,FALSE,FALSE,0.796666666666667
137,1,89,13,33,10.17,FALSE,FALSE,0.782307692307692
139,1,89,6,35,5.16,FALSE,FALSE,0.86
140,1,89,2,36,1.74,FALSE,FALSE,0.87
141,1,89,2,37,1.7,FALSE,FALSE,0.85
142,1,89,3,38,2.59,FALSE,FALSE,0.863333333333333
143,1,89,7,39,6.15,FALSE,FALSE,0.878571428571429
144,1,89,1,40,0.85,FALSE,FALSE,0.85
145,1,89,4,41,3.4,FALSE,FALSE,0.85
146,1,89,6,42,5.14,FALSE,FALSE,0.856666666666667
147,1,89,3,43,1.77,FALSE,TRUE,0.59
149,1,89,4,45,2.64,FALSE,TRUE,0.66
150,1,89,26,46,17.18,FALSE,TRUE,0.660769230769231
151,1,89,25,47,16.5,TRUE,TRUE,0.66
152,1,89,10,48,6.6,FALSE,TRUE,0.66
153,1,89,12,49,7.82,FALSE,TRUE,0.651666666666667
154,1,89,7,50,4.69,FALSE,TRUE,0.67
155,1,89,8,51,5.28,FALSE,TRUE,0.66
158,1,89,2,2,1.7,FALSE,FALSE,0.85
159,1,89,1,3,0.85,FALSE,FALSE,0.85
160,1,89,2,4,1.7,FALSE,FALSE,0.85
161,1,89,1,5,0.89,FALSE,FALSE,0.89
162,1,89,6,6,3.96,TRUE,FALSE,0.66
163,1,89,3,7,2.55,FALSE,FALSE,0.85
164,1,89,5,8,4.33,FALSE,FALSE,0.866
165,1,89,1,9,0.85,FALSE,FALSE,0.85
200,1,89,4,44,2,FALSE,TRUE,0.5
201,1,89,2,45,1,FALSE,FALSE,0.5
202,1,89,1,46,0.5,FALSE,FALSE,0.5
203,1,89,6,47,3,FALSE,TRUE,0.5
205,1,89,14,49,7,FALSE,TRUE,0.5
206,1,89,6,50,3,FALSE,TRUE,0.5
207,1,89,15,51,7.5,FALSE,TRUE,0.5
208,1,89,4,52,2,FALSE,TRUE,0.5
209,1,89,5,1,2.53,FALSE,FALSE,0.506
210,1,89,2,2,1.78,FALSE,FALSE,0.89
211,1,89,4,3,3.56,FALSE,FALSE,0.89
212,1,89,2,4,1.78,FALSE,FALSE,0.89
213,1,89,1,5,0.89,FALSE,FALSE,0.89
214,1,89,1,6,0.89,FALSE,FALSE,0.89
215,1,89,1,7,0.89,FALSE,FALSE,0.89
216,1,89,1,8,0.89,FALSE,FALSE,0.89
217,1,89,5,9,4.45,FALSE,FALSE,0.89
218,1,89,5,10,4.45,FALSE,FALSE,0.89
219,1,89,4,11,3.56,FALSE,FALSE,0.89
220,1,89,1,12,0.89,FALSE,FALSE,0.89
221,1,89,3,13,2.67,FALSE,FALSE,0.89
222,1,89,2,14,1.78,FALSE,FALSE,0.89
223,1,89,2,15,1.78,FALSE,FALSE,0.89
224,1,89,7,16,6.23,FALSE,FALSE,0.89
225,1,89,37,17,18.5,TRUE,FALSE,0.5
226,1,89,3,18,2.67,FALSE,FALSE,0.89
227,1,89,4,19,3.56,FALSE,FALSE,0.89
231,1,89,1,23,0.89,FALSE,FALSE,0.89
232,1,89,2,24,1.78,FALSE,FALSE,0.89
233,1,89,1,25,0.89,FALSE,FALSE,0.89
235,1,89,3,27,2.37,FALSE,FALSE,0.79
236,1,89,2,28,1.58,FALSE,FALSE,0.79
237,1,89,2,29,1.78,FALSE,FALSE,0.89
238,1,89,1,30,0.5,TRUE,FALSE,0.5
239,1,89,2,31,1.78,FALSE,FALSE,0.89
244,1,89,3,36,1.98,TRUE,FALSE,0.66
245,1,89,2,37,1.78,FALSE,FALSE,0.89
246,1,89,3,38,2.67,FALSE,FALSE,0.89
247,1,89,14,39,12.46,FALSE,FALSE,0.89
248,1,89,4,40,2,TRUE,FALSE,0.5
249,1,89,4,41,3,FALSE,FALSE,0.75
250,1,89,10,42,7.5,FALSE,FALSE,0.75
251,1,89,2,43,1.5,FALSE,FALSE,0.75
252,1,89,18,44,16.02,TRUE,FALSE,0.89
254,1,89,3,46,2.67,FALSE,FALSE,0.89
255,1,89,5,47,4.45,FALSE,FALSE,0.89
256,1,89,3,48,2.67,FALSE,FALSE,0.89
259,1,89,4,51,3.26,FALSE,FALSE,0.815
261,1,89,2,1,1.78,FALSE,FALSE,0.89
262,1,89,6,2,3,FALSE,FALSE,0.5
265,1,89,2,5,1.58,FALSE,FALSE,0.79
266,1,89,2,6,1.58,FALSE,FALSE,0.79
267,1,89,2,7,1.78,FALSE,FALSE,0.89
268,1,89,2,8,1.75,FALSE,FALSE,0.875
269,1,89,3,9,2.97,FALSE,FALSE,0.99
271,1,89,4,11,3.96,FALSE,FALSE,0.99
272,1,89,1,12,0.99,FALSE,FALSE,0.99
273,1,89,1,13,0.99,FALSE,FALSE,0.99
275,1,89,1,15,0.72,FALSE,FALSE,0.72
277,1,89,8,17,4,TRUE,FALSE,0.5
278,1,89,2,18,1.65,FALSE,FALSE,0.825
279,1,89,8,19,7.26,FALSE,FALSE,0.9075
280,1,89,3,20,2.44,FALSE,FALSE,0.813333333333333
281,1,89,1,21,0.79,FALSE,FALSE,0.79
283,1,89,2,23,1.58,FALSE,FALSE,0.79
284,1,89,1,24,0.79,FALSE,FALSE,0.79
285,1,89,3,25,2.37,FALSE,FALSE,0.79
286,1,89,4,26,3.16,FALSE,FALSE,0.79
287,1,89,1,27,0.79,FALSE,FALSE,0.79
288,1,89,1,28,0.79,FALSE,FALSE,0.79
289,1,89,3,29,2.37,FALSE,FALSE,0.79
292,1,89,1,32,0.79,FALSE,FALSE,0.79
293,1,89,4,33,3.16,FALSE,FALSE,0.79
295,1,89,2,35,1.58,FALSE,FALSE,0.79
296,1,89,1,36,0.79,FALSE,FALSE,0.79
297,1,89,2,37,1.38,TRUE,FALSE,0.69
298,1,89,8,38,5.28,TRUE,FALSE,0.66
299,1,89,1,39,0.79,FALSE,FALSE,0.79
300,1,89,6,40,4.74,FALSE,FALSE,0.79
301,1,89,9,41,7.11,FALSE,FALSE,0.79
302,1,89,1,42,0.5,TRUE,FALSE,0.5
304,1,89,2,44,1.58,FALSE,FALSE,0.79
305,1,89,1,45,0.67,TRUE,FALSE,0.67
306,1,89,2,46,1.58,FALSE,FALSE,0.79
308,1,89,2,48,1.58,FALSE,FALSE,0.79
309,1,89,1,49,0.79,FALSE,FALSE,0.79
310,1,89,5,50,3.95,FALSE,FALSE,0.79
312,1,89,2,52,1.58,FALSE,FALSE,0.79
145,14,89,5,41,3.25,FALSE,FALSE,0.65
146,14,89,6,42,3.9,FALSE,FALSE,0.65
147,14,89,7,43,4.55,FALSE,FALSE,0.65
148,14,89,3,44,1.95,FALSE,FALSE,0.65
149,14,89,1,45,0.65,FALSE,FALSE,0.65
151,14,89,6,47,3.96,FALSE,FALSE,0.66
152,14,89,2,48,1.32,FALSE,FALSE,0.66
153,14,89,1,49,0.66,FALSE,FALSE,0.66
154,14,89,9,50,5.94,TRUE,FALSE,0.66
155,14,89,10,51,6.6,TRUE,FALSE,0.66
157,14,89,5,1,3.35,FALSE,FALSE,0.67
158,14,89,6,2,4.02,FALSE,FALSE,0.67
159,14,89,12,3,8.04,FALSE,FALSE,0.67
160,14,89,4,4,2.68,FALSE,FALSE,0.67
161,14,89,13,5,8.71,FALSE,FALSE,0.67
162,14,89,15,6,10.05,FALSE,FALSE,0.67
163,14,89,2,7,1.34,FALSE,FALSE,0.67
164,14,89,9,8,6.03,FALSE,FALSE,0.67
165,14,89,3,9,2.01,FALSE,FALSE,0.67
166,14,89,10,10,6.7,FALSE,FALSE,0.67
167,14,89,2,11,1.34,FALSE,FALSE,0.67
168,14,89,6,12,4.14,FALSE,FALSE,0.69
169,14,89,2,13,1.34,FALSE,FALSE,0.67
170,14,89,8,14,5.36,FALSE,FALSE,0.67
171,14,89,11,15,7.37,FALSE,FALSE,0.67
172,14,89,14,16,9.52,FALSE,FALSE,0.68
173,14,89,9,17,6.12,FALSE,FALSE,0.68
174,14,89,18,18,12.24,FALSE,FALSE,0.68
175,14,89,2,19,1.36,FALSE,FALSE,0.68
176,14,89,9,20,6.12,FALSE,FALSE,0.68
177,14,89,16,21,11.04,FALSE,FALSE,0.69
178,14,89,10,22,6.9,FALSE,FALSE,0.69
179,14,89,4,23,2.76,FALSE,FALSE,0.69
180,14,89,8,24,5.52,FALSE,FALSE,0.69
181,14,89,18,25,12.42,FALSE,FALSE,0.69
182,14,89,5,26,3.45,FALSE,FALSE,0.69
183,14,89,2,27,1.38,FALSE,FALSE,0.69
184,14,89,10,28,6.9,FALSE,FALSE,0.69
185,14,89,2,29,1.4,FALSE,FALSE,0.7
186,14,89,2,30,1.4,FALSE,FALSE,0.7
187,14,89,10,31,7,FALSE,FALSE,0.7
188,14,89,6,32,4.2,FALSE,FALSE,0.7
189,14,89,4,33,2.8,FALSE,FALSE,0.7
190,14,89,9,34,6.3,FALSE,FALSE,0.7
192,14,89,7,36,4.9,FALSE,FALSE,0.7
193,14,89,6,37,4.2,FALSE,FALSE,0.7
194,14,89,10,38,7.1,FALSE,FALSE,0.71
195,14,89,17,39,12.07,FALSE,FALSE,0.71
196,14,89,7,40,4.97,FALSE,FALSE,0.71
197,14,89,7,41,4.97,FALSE,FALSE,0.71
198,14,89,4,42,2.84,FALSE,FALSE,0.71
199,14,89,186,43,141.36,FALSE,FALSE,0.76
200,14,89,9,44,6.84,FALSE,TRUE,0.76
201,14,89,35,45,25.9,FALSE,TRUE,0.74
202,14,89,22,46,16.28,FALSE,TRUE,0.74
203,14,89,14,47,10.36,FALSE,TRUE,0.74
204,14,89,14,48,10.36,FALSE,TRUE,0.74
205,14,89,20,49,14.8,FALSE,TRUE,0.74
206,14,89,7,50,5.18,FALSE,FALSE,0.74
207,14,89,4,51,2.96,FALSE,FALSE,0.74
208,14,89,4,52,2.96,FALSE,FALSE,0.74
209,14,89,11,1,8.14,FALSE,FALSE,0.74
210,14,89,16,2,11.84,FALSE,FALSE,0.74
211,14,89,19,3,14.06,FALSE,FALSE,0.74
212,14,89,12,4,8.88,FALSE,FALSE,0.74
213,14,89,9,5,6.66,FALSE,TRUE,0.74
214,14,89,13,6,9.62,FALSE,FALSE,0.74
215,14,89,9,7,6.66,FALSE,FALSE,0.74
216,14,89,2,8,1.48,FALSE,FALSE,0.74
217,14,89,3,9,2.22,FALSE,FALSE,0.74
218,14,89,4,10,3.16,FALSE,FALSE,0.79
219,14,89,4,11,3.16,FALSE,FALSE,0.79
220,14,89,12,12,9.48,FALSE,FALSE,0.79
221,14,89,8,13,6.32,FALSE,FALSE,0.79
222,14,89,4,14,3.16,FALSE,FALSE,0.79
223,14,89,3,15,2.37,FALSE,FALSE,0.79
224,14,89,1,16,0.79,FALSE,FALSE,0.79
225,14,89,7,17,5.53,FALSE,FALSE,0.79
226,14,89,1,18,0.79,FALSE,FALSE,0.79
227,14,89,8,19,6.32,FALSE,FALSE,0.79
228,14,89,3,20,2.37,FALSE,TRUE,0.79
229,14,89,3,21,2.37,FALSE,TRUE,0.79
230,14,89,2,22,1.58,FALSE,TRUE,0.79
231,14,89,10,23,7.9,FALSE,TRUE,0.79
232,14,89,8,24,6.32,FALSE,TRUE,0.79
233,14,89,3,25,2.37,FALSE,TRUE,0.79
234,14,89,2,26,1.58,FALSE,FALSE,0.79
235,14,89,7,27,5.53,FALSE,FALSE,0.79
236,14,89,7,28,5.53,FALSE,FALSE,0.79
237,14,89,1,29,0.79,FALSE,FALSE,0.79
238,14,89,5,30,3.95,FALSE,FALSE,0.79
239,14,89,1,31,0.79,FALSE,FALSE,0.79
241,14,89,2,33,1.58,FALSE,FALSE,0.79
242,14,89,9,34,7.11,FALSE,FALSE,0.79
243,14,89,9,35,7.11,FALSE,FALSE,0.79
244,14,89,4,36,3.16,FALSE,FALSE,0.79
245,14,89,4,37,3.16,FALSE,FALSE,0.79
246,14,89,8,38,6.32,FALSE,FALSE,0.79
247,14,89,6,39,4.74,FALSE,FALSE,0.79
248,14,89,11,40,8.69,FALSE,FALSE,0.79
249,14,89,7,41,5.53,FALSE,FALSE,0.79
250,14,89,4,42,3.16,FALSE,FALSE,0.79
251,14,89,6,43,4.74,FALSE,FALSE,0.79
252,14,89,8,44,6.32,FALSE,FALSE,0.79
253,14,89,11,45,8.69,FALSE,FALSE,0.79
255,14,89,9,47,7.11,FALSE,FALSE,0.79
256,14,89,3,48,2.37,FALSE,FALSE,0.79
257,14,89,7,49,5.53,FALSE,FALSE,0.79
258,14,89,4,50,3.16,FALSE,FALSE,0.79
259,14,89,14,51,11.06,FALSE,FALSE,0.79
260,14,89,3,52,2.37,FALSE,FALSE,0.79
261,14,89,9,1,7.11,FALSE,FALSE,0.79
262,14,89,8,2,6.32,FALSE,FALSE,0.79
263,14,89,4,3,3.16,FALSE,FALSE,0.79
264,14,89,1,4,0.79,FALSE,FALSE,0.79
265,14,89,4,5,3.16,FALSE,FALSE,0.79
266,14,89,3,6,2.37,FALSE,FALSE,0.79
267,14,89,9,7,7.11,FALSE,FALSE,0.79
269,14,89,3,9,2.37,FALSE,FALSE,0.79
270,14,89,7,10,5.53,FALSE,FALSE,0.79
271,14,89,10,11,7.9,FALSE,FALSE,0.79
272,14,89,1,12,0.79,FALSE,FALSE,0.79
273,14,89,11,13,8.69,FALSE,FALSE,0.79
274,14,89,2,14,1.58,FALSE,FALSE,0.79
275,14,89,4,15,3.16,FALSE,FALSE,0.79
277,14,89,2,17,1.58,FALSE,FALSE,0.79
278,14,89,3,18,2.37,FALSE,FALSE,0.79
280,14,89,4,20,3.16,FALSE,FALSE,0.79
282,14,89,2,22,1.58,FALSE,FALSE,0.79
283,14,89,2,23,1.58,FALSE,FALSE,0.79
284,14,89,2,24,1.58,FALSE,FALSE,0.79
286,14,89,2,26,1.58,FALSE,FALSE,0.79
287,14,89,3,27,2.37,FALSE,FALSE,0.79
290,14,89,3,30,2.37,FALSE,FALSE,0.79
291,14,89,1,31,0.79,FALSE,FALSE,0.79
292,14,89,4,32,3.16,FALSE,FALSE,0.79
293,14,89,2,33,1.58,FALSE,FALSE,0.79
298,14,89,4,38,3.2,FALSE,FALSE,0.8
